  ⚠ 스냅샷과 상태가 다릅니다 — posts_reactions.maxId -100,278, posts_reactions.count -99,700, posts.sumLikeCount -84,883, notifications.count -45,383, notifications.maxId -45,383 (외 18개)

❌ 데이터셋 상태 확인 실패: 프로파일 'medium' 을(를) 복원 하려는데 MySQL 이 다른 볼륨을 쓰고 있습니다.
  기대: perf-mysql-data-medium
  실제: perf-mysql-data-smoke
  전환: DATASET_PROFILE=medium docker compose -f environment/docker-compose.perf.yml --env-file environment/.env.perf up -d
  ✗ 새 실행 기록이 0개 — 무효 처리한다.
  ⚠ 스냅샷과 상태가 다릅니다 — posts_reactions.maxId -100,278, posts_reactions.count -99,700, posts.sumLikeCount -84,883, notifications.count -45,383, notifications.maxId -45,383 (외 18개)

❌ 데이터셋 상태 확인 실패: 프로파일 'medium' 을(를) 복원 하려는데 MySQL 이 다른 볼륨을 쓰고 있습니다.
  기대: perf-mysql-data-medium
  실제: perf-mysql-data-smoke
  전환: DATASET_PROFILE=medium docker compose -f environment/docker-compose.perf.yml --env-file environment/.env.perf up -d
  ✗ 새 실행 기록이 0개 — 무효 처리한다.
  ⚠ 스냅샷과 상태가 다릅니다 — posts_reactions.maxId -100,278, posts_reactions.count -99,700, posts.sumLikeCount -84,883, notifications.count -45,383, notifications.maxId -45,383 (외 18개)

❌ 데이터셋 상태 확인 실패: 프로파일 'medium' 을(를) 복원 하려는데 MySQL 이 다른 볼륨을 쓰고 있습니다.
  기대: perf-mysql-data-medium
  실제: perf-mysql-data-smoke
  전환: DATASET_PROFILE=medium docker compose -f environment/docker-compose.perf.yml --env-file environment/.env.perf up -d
  ✗ 새 실행 기록이 0개 — 무효 처리한다.
  ⚠ 스냅샷과 상태가 다릅니다 — posts_reactions.maxId -100,278, posts_reactions.count -99,700, posts.sumLikeCount -84,883, notifications.count -45,383, notifications.maxId -45,383 (외 18개)

❌ 데이터셋 상태 확인 실패: 프로파일 'medium' 을(를) 복원 하려는데 MySQL 이 다른 볼륨을 쓰고 있습니다.
  기대: perf-mysql-data-medium
  실제: perf-mysql-data-smoke
  전환: DATASET_PROFILE=medium docker compose -f environment/docker-compose.perf.yml --env-file environment/.env.perf up -d
  ✗ 새 실행 기록이 0개 — 무효 처리한다.
  ⚠ 스냅샷과 상태가 다릅니다 — posts_reactions.maxId -100,278, posts_reactions.count -99,700, posts.sumLikeCount -84,883, notifications.count -45,383, notifications.maxId -45,383 (외 18개)

❌ 데이터셋 상태 확인 실패: 프로파일 'medium' 을(를) 복원 하려는데 MySQL 이 다른 볼륨을 쓰고 있습니다.
  기대: perf-mysql-data-medium
  실제: perf-mysql-data-smoke
  전환: DATASET_PROFILE=medium docker compose -f environment/docker-compose.perf.yml --env-file environment/.env.perf up -d
  ✗ 새 실행 기록이 0개 — 무효 처리한다.
