  ⚠ 스냅샷과 상태가 다릅니다 — chat_messages.count +16, chat_messages.maxId +16, scraps.count +3, scraps.maxId +3, posts.sumScrapCount +3 (외 10개)
time="2026-08-19T07:42:32Z" level=warning msg="Legacy env var detected, use --features or K6_FEATURES instead" env=K6_PROMETHEUS_RW_TREND_AS_NATIVE_HISTOGRAM feature=native-histograms lifecycle=deprecated_alias source=env_legacy_alias
time="2026-08-19T07:42:32Z" level=info msg="Experimental feature enabled" feature=native-histograms lifecycle=experimental
time="2026-08-19T07:52:52Z" level=error msg="Stopping output 0 failed" component=output-manager error="marking time series as stale failed: got status code: 400 instead expected a 2xx successful status code"
time="2026-08-19T07:52:52Z" level=error msg="thresholds on metrics 'http_req_duration{op:read,phase:measure}, http_req_duration{op:write,phase:measure}' have been crossed"

⚠ k6 종료 코드 99 (threshold 미달 가능) — 수집은 계속합니다.

게이트 회귀 감지 — 기준을 넘은 지표가 있습니다.
  ⚠ 스냅샷과 상태가 다릅니다 — chat_messages.maxId +784, chat_messages.count +778, posts.maxId +155, comments.count +153, comments.maxId +153 (외 13개)
time="2026-08-19T07:55:33Z" level=warning msg="Legacy env var detected, use --features or K6_FEATURES instead" env=K6_PROMETHEUS_RW_TREND_AS_NATIVE_HISTOGRAM feature=native-histograms lifecycle=deprecated_alias source=env_legacy_alias
time="2026-08-19T07:55:33Z" level=info msg="Experimental feature enabled" feature=native-histograms lifecycle=experimental
time="2026-08-19T08:05:49Z" level=error msg="thresholds on metrics 'http_req_duration{op:read,phase:measure}, http_req_duration{op:write,phase:measure}' have been crossed"

⚠ k6 종료 코드 99 (threshold 미달 가능) — 수집은 계속합니다.

게이트 회귀 감지 — 기준을 넘은 지표가 있습니다.
  ⚠ 스냅샷과 상태가 다릅니다 — chat_messages.maxId +741, chat_messages.count +739, posts.maxId +145, comments.count +137, comments.maxId +137 (외 13개)
time="2026-08-19T08:08:30Z" level=warning msg="Legacy env var detected, use --features or K6_FEATURES instead" env=K6_PROMETHEUS_RW_TREND_AS_NATIVE_HISTOGRAM feature=native-histograms lifecycle=deprecated_alias source=env_legacy_alias
time="2026-08-19T08:08:30Z" level=info msg="Experimental feature enabled" feature=native-histograms lifecycle=experimental
time="2026-08-19T08:18:44Z" level=error msg="thresholds on metrics 'http_req_duration{op:read,phase:measure}, http_req_duration{op:write,phase:measure}' have been crossed"

⚠ k6 종료 코드 99 (threshold 미달 가능) — 수집은 계속합니다.

게이트 회귀 감지 — 기준을 넘은 지표가 있습니다.
  ⚠ 스냅샷과 상태가 다릅니다 — chat_messages.maxId +912, chat_messages.count +911, posts.maxId +159, comments.count +149, comments.maxId +149 (외 13개)
time="2026-08-19T08:21:17Z" level=warning msg="Legacy env var detected, use --features or K6_FEATURES instead" env=K6_PROMETHEUS_RW_TREND_AS_NATIVE_HISTOGRAM feature=native-histograms lifecycle=deprecated_alias source=env_legacy_alias
time="2026-08-19T08:21:17Z" level=info msg="Experimental feature enabled" feature=native-histograms lifecycle=experimental
time="2026-08-19T08:31:27Z" level=error msg="thresholds on metrics 'http_req_duration{op:read,phase:measure}, http_req_duration{op:write,phase:measure}' have been crossed"

⚠ k6 종료 코드 99 (threshold 미달 가능) — 수집은 계속합니다.

게이트 회귀 감지 — 기준을 넘은 지표가 있습니다.
  ⚠ 스냅샷과 상태가 다릅니다 — chat_messages.maxId +794, chat_messages.count +788, posts.maxId +173, posts_reactions.maxId +145, posts.count +144 (외 13개)
time="2026-08-19T08:34:03Z" level=warning msg="Legacy env var detected, use --features or K6_FEATURES instead" env=K6_PROMETHEUS_RW_TREND_AS_NATIVE_HISTOGRAM feature=native-histograms lifecycle=deprecated_alias source=env_legacy_alias
time="2026-08-19T08:34:03Z" level=info msg="Experimental feature enabled" feature=native-histograms lifecycle=experimental
time="2026-08-19T08:44:21Z" level=error msg="thresholds on metrics 'http_req_duration{op:read,phase:measure}, http_req_duration{op:write,phase:measure}' have been crossed"

⚠ k6 종료 코드 99 (threshold 미달 가능) — 수집은 계속합니다.

게이트 회귀 감지 — 기준을 넘은 지표가 있습니다.
  ⚠ 스냅샷과 상태가 다릅니다 — chat_messages.maxId +851, chat_messages.count +847, comments.count +168, comments.maxId +168, notifications.count +168 (외 13개)
time="2026-08-19T08:47:03Z" level=warning msg="Legacy env var detected, use --features or K6_FEATURES instead" env=K6_PROMETHEUS_RW_TREND_AS_NATIVE_HISTOGRAM feature=native-histograms lifecycle=deprecated_alias source=env_legacy_alias
time="2026-08-19T08:47:03Z" level=info msg="Experimental feature enabled" feature=native-histograms lifecycle=experimental
time="2026-08-19T08:57:15Z" level=error msg="thresholds on metrics 'http_req_duration{op:read,phase:measure}, http_req_duration{op:write,phase:measure}' have been crossed"

⚠ k6 종료 코드 99 (threshold 미달 가능) — 수집은 계속합니다.

게이트 회귀 감지 — 기준을 넘은 지표가 있습니다.
  ⚠ 스냅샷과 상태가 다릅니다 — chat_messages.count +864, chat_messages.maxId +864, posts.maxId +172, comments.count +150, comments.maxId +150 (외 13개)
time="2026-08-19T08:59:58Z" level=warning msg="Legacy env var detected, use --features or K6_FEATURES instead" env=K6_PROMETHEUS_RW_TREND_AS_NATIVE_HISTOGRAM feature=native-histograms lifecycle=deprecated_alias source=env_legacy_alias
time="2026-08-19T08:59:58Z" level=info msg="Experimental feature enabled" feature=native-histograms lifecycle=experimental
time="2026-08-19T09:10:07Z" level=error msg="thresholds on metrics 'http_req_duration{op:read,phase:measure}, http_req_duration{op:write,phase:measure}' have been crossed"

⚠ k6 종료 코드 99 (threshold 미달 가능) — 수집은 계속합니다.

게이트 회귀 감지 — 기준을 넘은 지표가 있습니다.
  ⚠ 스냅샷과 상태가 다릅니다 — chat_messages.maxId +928, chat_messages.count +923, posts.maxId +160, comments.count +144, comments.maxId +144 (외 13개)
time="2026-08-19T09:12:45Z" level=warning msg="Legacy env var detected, use --features or K6_FEATURES instead" env=K6_PROMETHEUS_RW_TREND_AS_NATIVE_HISTOGRAM feature=native-histograms lifecycle=deprecated_alias source=env_legacy_alias
time="2026-08-19T09:12:45Z" level=info msg="Experimental feature enabled" feature=native-histograms lifecycle=experimental
time="2026-08-19T09:22:58Z" level=error msg="thresholds on metrics 'http_req_duration{op:read,phase:measure}, http_req_duration{op:write,phase:measure}' have been crossed"

⚠ k6 종료 코드 99 (threshold 미달 가능) — 수집은 계속합니다.

게이트 회귀 감지 — 기준을 넘은 지표가 있습니다.
  ⚠ 스냅샷과 상태가 다릅니다 — chat_messages.maxId +804, chat_messages.count +800, comments.count +171, comments.maxId +171, notifications.count +171 (외 13개)
time="2026-08-19T09:25:45Z" level=warning msg="Legacy env var detected, use --features or K6_FEATURES instead" env=K6_PROMETHEUS_RW_TREND_AS_NATIVE_HISTOGRAM feature=native-histograms lifecycle=deprecated_alias source=env_legacy_alias
time="2026-08-19T09:25:45Z" level=info msg="Experimental feature enabled" feature=native-histograms lifecycle=experimental
time="2026-08-19T09:36:06Z" level=error msg="thresholds on metrics 'http_req_duration{op:read,phase:measure}, http_req_duration{op:write,phase:measure}' have been crossed"

⚠ k6 종료 코드 99 (threshold 미달 가능) — 수집은 계속합니다.

게이트 회귀 감지 — 기준을 넘은 지표가 있습니다.
  ⚠ 스냅샷과 상태가 다릅니다 — chat_messages.maxId +827, chat_messages.count +823, posts.maxId +187, posts.count +145, comments.count +131 (외 13개)
time="2026-08-19T09:38:49Z" level=warning msg="Legacy env var detected, use --features or K6_FEATURES instead" env=K6_PROMETHEUS_RW_TREND_AS_NATIVE_HISTOGRAM feature=native-histograms lifecycle=deprecated_alias source=env_legacy_alias
time="2026-08-19T09:38:49Z" level=info msg="Experimental feature enabled" feature=native-histograms lifecycle=experimental
