  ⚠ 스냅샷과 상태가 다릅니다 — chat_messages.count +513, chat_messages.maxId +513, posts.maxId +93, posts_reactions.maxId +80, comments.count +76 (외 13개)
time="2026-08-20T11:32:13Z" level=warning msg="Legacy env var detected, use --features or K6_FEATURES instead" env=K6_PROMETHEUS_RW_TREND_AS_NATIVE_HISTOGRAM feature=native-histograms lifecycle=deprecated_alias source=env_legacy_alias
time="2026-08-20T11:32:13Z" level=info msg="Experimental feature enabled" feature=native-histograms lifecycle=experimental
time="2026-08-20T11:42:14Z" level=error msg="thresholds on metrics 'http_req_duration{op:read,phase:measure}' have been crossed"

⚠ k6 종료 코드 99 (threshold 미달 가능) — 수집은 계속합니다.

게이트 회귀 감지 — 기준을 넘은 지표가 있습니다.
  ⚠ 스냅샷과 상태가 다릅니다 — chat_messages.count +511, chat_messages.maxId +511, posts.maxId +86, comments.count +70, comments.maxId +70 (외 13개)
time="2026-08-20T11:44:59Z" level=warning msg="Legacy env var detected, use --features or K6_FEATURES instead" env=K6_PROMETHEUS_RW_TREND_AS_NATIVE_HISTOGRAM feature=native-histograms lifecycle=deprecated_alias source=env_legacy_alias
time="2026-08-20T11:44:59Z" level=info msg="Experimental feature enabled" feature=native-histograms lifecycle=experimental
time="2026-08-20T11:55:08Z" level=error msg="thresholds on metrics 'http_req_duration{op:read,phase:measure}' have been crossed"

⚠ k6 종료 코드 99 (threshold 미달 가능) — 수집은 계속합니다.

게이트 회귀 감지 — 기준을 넘은 지표가 있습니다.
  ⚠ 스냅샷과 상태가 다릅니다 — chat_messages.count +424, chat_messages.maxId +424, posts.maxId +80, comments.count +72, comments.maxId +72 (외 13개)
time="2026-08-20T11:58:03Z" level=warning msg="Legacy env var detected, use --features or K6_FEATURES instead" env=K6_PROMETHEUS_RW_TREND_AS_NATIVE_HISTOGRAM feature=native-histograms lifecycle=deprecated_alias source=env_legacy_alias
time="2026-08-20T11:58:03Z" level=info msg="Experimental feature enabled" feature=native-histograms lifecycle=experimental
time="2026-08-20T12:08:10Z" level=error msg="thresholds on metrics 'http_req_duration{op:read,phase:measure}' have been crossed"

⚠ k6 종료 코드 99 (threshold 미달 가능) — 수집은 계속합니다.

게이트 회귀 감지 — 기준을 넘은 지표가 있습니다.
  ⚠ 스냅샷과 상태가 다릅니다 — chat_messages.count +586, chat_messages.maxId +586, posts.maxId +109, posts.count +87, comments.count +84 (외 13개)
time="2026-08-20T12:10:53Z" level=warning msg="Legacy env var detected, use --features or K6_FEATURES instead" env=K6_PROMETHEUS_RW_TREND_AS_NATIVE_HISTOGRAM feature=native-histograms lifecycle=deprecated_alias source=env_legacy_alias
time="2026-08-20T12:10:53Z" level=info msg="Experimental feature enabled" feature=native-histograms lifecycle=experimental
time="2026-08-20T12:20:57Z" level=error msg="thresholds on metrics 'http_req_duration{op:read,phase:measure}' have been crossed"

⚠ k6 종료 코드 99 (threshold 미달 가능) — 수집은 계속합니다.

게이트 회귀 감지 — 기준을 넘은 지표가 있습니다.
