  ⚠ 스냅샷과 상태가 다릅니다 — chat_messages.count +372, chat_messages.maxId +372, posts.maxId +81, comments.count +75, comments.maxId +75 (외 13개)
time="2026-08-25T23:43:33Z" level=warning msg="Legacy env var detected, use --features or K6_FEATURES instead" env=K6_PROMETHEUS_RW_TREND_AS_NATIVE_HISTOGRAM feature=native-histograms lifecycle=deprecated_alias source=env_legacy_alias
time="2026-08-25T23:43:33Z" level=info msg="Experimental feature enabled" feature=native-histograms lifecycle=experimental
time="2026-08-25T23:53:47Z" level=error msg="thresholds on metrics 'http_req_duration{op:read,phase:measure}' have been crossed"

⚠ k6 종료 코드 99 (threshold 미달 가능) — 수집은 계속합니다.

게이트 회귀 감지 — 기준을 넘은 지표가 있습니다.
  ⚠ 스냅샷과 상태가 다릅니다 — chat_messages.count +510, chat_messages.maxId +510, posts.maxId +104, posts.count +86, comments.count +66 (외 13개)
time="2026-08-25T23:56:22Z" level=warning msg="Legacy env var detected, use --features or K6_FEATURES instead" env=K6_PROMETHEUS_RW_TREND_AS_NATIVE_HISTOGRAM feature=native-histograms lifecycle=deprecated_alias source=env_legacy_alias
time="2026-08-25T23:56:22Z" level=info msg="Experimental feature enabled" feature=native-histograms lifecycle=experimental
time="2026-08-26T00:06:28Z" level=error msg="thresholds on metrics 'http_req_duration{op:read,phase:measure}, http_req_duration{op:write,phase:measure}' have been crossed"

⚠ k6 종료 코드 99 (threshold 미달 가능) — 수집은 계속합니다.

게이트 회귀 감지 — 기준을 넘은 지표가 있습니다.
  ⚠ 스냅샷과 상태가 다릅니다 — chat_messages.count +352, chat_messages.maxId +352, posts.maxId +100, posts.count +84, comments.count +84 (외 13개)
time="2026-08-26T00:09:09Z" level=warning msg="Legacy env var detected, use --features or K6_FEATURES instead" env=K6_PROMETHEUS_RW_TREND_AS_NATIVE_HISTOGRAM feature=native-histograms lifecycle=deprecated_alias source=env_legacy_alias
time="2026-08-26T00:09:09Z" level=info msg="Experimental feature enabled" feature=native-histograms lifecycle=experimental
time="2026-08-26T00:19:13Z" level=error msg="thresholds on metrics 'http_req_duration{op:read,phase:measure}' have been crossed"

⚠ k6 종료 코드 99 (threshold 미달 가능) — 수집은 계속합니다.

게이트 회귀 감지 — 기준을 넘은 지표가 있습니다.
  ⚠ 스냅샷과 상태가 다릅니다 — chat_messages.count +434, chat_messages.maxId +434, posts.maxId +83, comments.count +80, comments.maxId +80 (외 13개)
time="2026-08-26T00:21:47Z" level=warning msg="Legacy env var detected, use --features or K6_FEATURES instead" env=K6_PROMETHEUS_RW_TREND_AS_NATIVE_HISTOGRAM feature=native-histograms lifecycle=deprecated_alias source=env_legacy_alias
time="2026-08-26T00:21:47Z" level=info msg="Experimental feature enabled" feature=native-histograms lifecycle=experimental
time="2026-08-26T00:31:58Z" level=error msg="thresholds on metrics 'http_req_duration{op:read,phase:measure}' have been crossed"

⚠ k6 종료 코드 99 (threshold 미달 가능) — 수집은 계속합니다.

게이트 회귀 감지 — 기준을 넘은 지표가 있습니다.
  ⚠ 스냅샷과 상태가 다릅니다 — chat_messages.count +462, chat_messages.maxId +462, posts.maxId +92, comments.count +80, comments.maxId +80 (외 13개)
time="2026-08-26T00:34:35Z" level=warning msg="Legacy env var detected, use --features or K6_FEATURES instead" env=K6_PROMETHEUS_RW_TREND_AS_NATIVE_HISTOGRAM feature=native-histograms lifecycle=deprecated_alias source=env_legacy_alias
time="2026-08-26T00:34:35Z" level=info msg="Experimental feature enabled" feature=native-histograms lifecycle=experimental
time="2026-08-26T00:44:37Z" level=error msg="thresholds on metrics 'http_req_duration{op:read,phase:measure}' have been crossed"

⚠ k6 종료 코드 99 (threshold 미달 가능) — 수집은 계속합니다.

게이트 회귀 감지 — 기준을 넘은 지표가 있습니다.
