  ⚠ 스냅샷과 상태가 다릅니다 — chat_messages.count +69, chat_messages.maxId +69, posts.maxId +16, posts.count +14, posts_reactions.maxId +9 (외 12개)
time="2026-08-25T10:59:15Z" level=warning msg="Legacy env var detected, use --features or K6_FEATURES instead" env=K6_PROMETHEUS_RW_TREND_AS_NATIVE_HISTOGRAM feature=native-histograms lifecycle=deprecated_alias source=env_legacy_alias
time="2026-08-25T10:59:15Z" level=info msg="Experimental feature enabled" feature=native-histograms lifecycle=experimental
time="2026-08-25T11:09:18Z" level=error msg="thresholds on metrics 'http_req_duration{op:read,phase:measure}, http_req_duration{op:write,phase:measure}' have been crossed"

⚠ k6 종료 코드 99 (threshold 미달 가능) — 수집은 계속합니다.

게이트 회귀 감지 — 기준을 넘은 지표가 있습니다.
  ⚠ 스냅샷과 상태가 다릅니다 — chat_messages.count +366, chat_messages.maxId +366, comments.count +100, comments.maxId +100, notifications.count +100 (외 12개)
time="2026-08-25T11:12:04Z" level=warning msg="Legacy env var detected, use --features or K6_FEATURES instead" env=K6_PROMETHEUS_RW_TREND_AS_NATIVE_HISTOGRAM feature=native-histograms lifecycle=deprecated_alias source=env_legacy_alias
time="2026-08-25T11:12:04Z" level=info msg="Experimental feature enabled" feature=native-histograms lifecycle=experimental
time="2026-08-25T11:22:08Z" level=error msg="thresholds on metrics 'http_req_duration{op:read,phase:measure}' have been crossed"

⚠ k6 종료 코드 99 (threshold 미달 가능) — 수집은 계속합니다.

게이트 회귀 감지 — 기준을 넘은 지표가 있습니다.
  ⚠ 스냅샷과 상태가 다릅니다 — chat_messages.count +570, chat_messages.maxId +570, posts.maxId +105, posts.count +80, comments.count +77 (외 13개)
time="2026-08-25T11:24:51Z" level=warning msg="Legacy env var detected, use --features or K6_FEATURES instead" env=K6_PROMETHEUS_RW_TREND_AS_NATIVE_HISTOGRAM feature=native-histograms lifecycle=deprecated_alias source=env_legacy_alias
time="2026-08-25T11:24:51Z" level=info msg="Experimental feature enabled" feature=native-histograms lifecycle=experimental
time="2026-08-25T11:34:53Z" level=error msg="thresholds on metrics 'http_req_duration{op:read,phase:measure}' have been crossed"

⚠ k6 종료 코드 99 (threshold 미달 가능) — 수집은 계속합니다.

게이트 회귀 감지 — 기준을 넘은 지표가 있습니다.
  ⚠ 스냅샷과 상태가 다릅니다 — chat_messages.count +495, chat_messages.maxId +495, posts.maxId +100, comments.count +87, comments.maxId +87 (외 13개)
time="2026-08-25T11:37:40Z" level=warning msg="Legacy env var detected, use --features or K6_FEATURES instead" env=K6_PROMETHEUS_RW_TREND_AS_NATIVE_HISTOGRAM feature=native-histograms lifecycle=deprecated_alias source=env_legacy_alias
time="2026-08-25T11:37:40Z" level=info msg="Experimental feature enabled" feature=native-histograms lifecycle=experimental
