
▶ k6 run scenarios/normal-day.js
  브랜치 personal/localdocs · 커밋 3e96d9463207 · 실행자 user@DESKTOP-DJJPASG
  환경 perf · "loadbench 배관 확인"
  데이터셋 medium · 상태 sha256:a8aae9c68e62 (152ms)
  캐시 warm (키 3,507개)
  guard strict — 상태 불일치 시 스냅샷 복원 후 재확인 [perf.config.json]
  ⚠ 스냅샷과 상태가 다릅니다 — chat_messages.maxId +762, chat_messages.count +759, posts.maxId +149, comments.count +130, comments.maxId +130 (외 13개)
    guard=strict — 스냅샷으로 복원합니다.
▶ 복원 — medium-20260816-062210 → perf-mysql-data-medium
  앱·MySQL 정지
  MySQL 기동
  Redis FLUSHALL (복원 후 캐시는 cold 다)
  앱 기동
  복원 후 상태 지문 sha256:ffe696d17416 = 스냅샷 일치

✅ 복원 완료 · 소요 8.9초 (압축 해제 구간)

  부하 발생기: 컨테이너 perf-k6 (grafana/k6:2.1.0, CPU 상한 4)
  k6 지표 전송: http://prometheus:9090/api/v1/write (native histogram, 5s 간격)
  환경 대조 벤치 실행 중(3축 3회, 약 40초)... single 4876ms · parallel 5461ms · ctxswitch 2229ms
  부하 중 벤치 예약: k6 시작 +40초 (warmup 구간, 3회)
time="2026-08-19T06:59:03Z" level=warning msg="Legacy env var detected, use --features or K6_FEATURES instead" env=K6_PROMETHEUS_RW_TREND_AS_NATIVE_HISTOGRAM feature=native-histograms lifecycle=deprecated_alias source=env_legacy_alias
time="2026-08-19T06:59:03Z" level=info msg="Experimental feature enabled" feature=native-histograms lifecycle=experimental

         /\      Grafana   /‾‾/  
    /\  /  \     |\  __   /  /   
   /  \/    \    | |/ /  /   ‾‾\ 
  /          \   |   (  |  (‾)  |
 / __________ \  |_|\_\  \_____/ 


     execution: local
        script: scenarios/normal-day.js
        output: Prometheus remote write (http://prometheus:9090/api/v1/write)

     scenarios: (100.00%) 1 scenario, 5 max VUs, 5m0s max duration (incl. graceful stop):
              * normal_day: Up to 5 looping VUs for 4m30s over 3 stages (gracefulRampDown: 30s, gracefulStop: 30s)


running (0m01.0s), 0/5 VUs, 0 complete and 0 interrupted iterations
normal_day   [   0% ] 0/5 VUs  0m01.0s/4m30.0s

running (0m02.0s), 0/5 VUs, 0 complete and 0 interrupted iterations
normal_day   [   1% ] 0/5 VUs  0m02.0s/4m30.0s

running (0m03.0s), 0/5 VUs, 0 complete and 0 interrupted iterations
normal_day   [   1% ] 0/5 VUs  0m03.0s/4m30.0s

running (0m04.0s), 0/5 VUs, 0 complete and 0 interrupted iterations
normal_day   [   1% ] 0/5 VUs  0m04.0s/4m30.0s

running (0m05.0s), 0/5 VUs, 0 complete and 0 interrupted iterations
normal_day   [   2% ] 0/5 VUs  0m05.0s/4m30.0s

running (0m06.0s), 0/5 VUs, 0 complete and 0 interrupted iterations
normal_day   [   2% ] 0/5 VUs  0m06.0s/4m30.0s

running (0m07.0s), 0/5 VUs, 0 complete and 0 interrupted iterations
normal_day   [   3% ] 0/5 VUs  0m07.0s/4m30.0s

running (0m08.0s), 0/5 VUs, 0 complete and 0 interrupted iterations
normal_day   [   3% ] 0/5 VUs  0m08.0s/4m30.0s

running (0m09.0s), 0/5 VUs, 0 complete and 0 interrupted iterations
normal_day   [   3% ] 0/5 VUs  0m09.0s/4m30.0s

running (0m10.0s), 0/5 VUs, 0 complete and 0 interrupted iterations
normal_day   [   4% ] 0/5 VUs  0m10.0s/4m30.0s

running (0m11.0s), 0/5 VUs, 0 complete and 0 interrupted iterations
normal_day   [   4% ] 0/5 VUs  0m11.0s/4m30.0s

running (0m12.0s), 0/5 VUs, 0 complete and 0 interrupted iterations
normal_day   [   4% ] 0/5 VUs  0m12.0s/4m30.0s

running (0m13.0s), 0/5 VUs, 0 complete and 0 interrupted iterations
normal_day   [   5% ] 0/5 VUs  0m13.0s/4m30.0s

running (0m14.0s), 0/5 VUs, 0 complete and 0 interrupted iterations
normal_day   [   5% ] 0/5 VUs  0m14.0s/4m30.0s

running (0m15.0s), 0/5 VUs, 0 complete and 0 interrupted iterations
normal_day   [   6% ] 0/5 VUs  0m15.0s/4m30.0s

running (0m16.0s), 0/5 VUs, 0 complete and 0 interrupted iterations
normal_day   [   6% ] 0/5 VUs  0m16.0s/4m30.0s

running (0m17.0s), 0/5 VUs, 0 complete and 0 interrupted iterations
normal_day   [   6% ] 0/5 VUs  0m17.0s/4m30.0s

running (0m18.0s), 0/5 VUs, 0 complete and 0 interrupted iterations
normal_day   [   7% ] 0/5 VUs  0m18.0s/4m30.0s

running (0m19.0s), 0/5 VUs, 0 complete and 0 interrupted iterations
normal_day   [   7% ] 0/5 VUs  0m19.0s/4m30.0s

running (0m20.0s), 0/5 VUs, 0 complete and 0 interrupted iterations
normal_day   [   7% ] 0/5 VUs  0m20.0s/4m30.0s

running (0m21.0s), 0/5 VUs, 0 complete and 0 interrupted iterations
normal_day   [   8% ] 0/5 VUs  0m21.0s/4m30.0s

running (0m22.0s), 0/5 VUs, 0 complete and 0 interrupted iterations
normal_day   [   8% ] 0/5 VUs  0m22.0s/4m30.0s

running (0m23.0s), 0/5 VUs, 0 complete and 0 interrupted iterations
normal_day   [   9% ] 0/5 VUs  0m23.0s/4m30.0s

running (0m24.0s), 0/5 VUs, 0 complete and 0 interrupted iterations
normal_day   [   9% ] 0/5 VUs  0m24.0s/4m30.0s

running (0m25.0s), 1/5 VUs, 0 complete and 0 interrupted iterations
normal_day   [   9% ] 1/5 VUs  0m25.0s/4m30.0s

running (0m26.0s), 1/5 VUs, 0 complete and 0 interrupted iterations
normal_day   [  10% ] 1/5 VUs  0m26.0s/4m30.0s

running (0m27.0s), 1/5 VUs, 0 complete and 0 interrupted iterations
normal_day   [  10% ] 1/5 VUs  0m27.0s/4m30.0s

running (0m28.0s), 1/5 VUs, 0 complete and 0 interrupted iterations
normal_day   [  10% ] 1/5 VUs  0m28.0s/4m30.0s

running (0m29.0s), 1/5 VUs, 0 complete and 0 interrupted iterations
normal_day   [  11% ] 1/5 VUs  0m29.0s/4m30.0s

running (0m30.0s), 1/5 VUs, 0 complete and 0 interrupted iterations
normal_day   [  11% ] 1/5 VUs  0m30.0s/4m30.0s

running (0m31.0s), 1/5 VUs, 1 complete and 0 interrupted iterations
normal_day   [  11% ] 1/5 VUs  0m31.0s/4m30.0s

running (0m32.0s), 1/5 VUs, 1 complete and 0 interrupted iterations
normal_day   [  12% ] 1/5 VUs  0m32.0s/4m30.0s

running (0m33.0s), 1/5 VUs, 1 complete and 0 interrupted iterations
normal_day   [  12% ] 1/5 VUs  0m33.0s/4m30.0s

running (0m34.0s), 1/5 VUs, 1 complete and 0 interrupted iterations
normal_day   [  13% ] 1/5 VUs  0m34.0s/4m30.0s

running (0m35.0s), 1/5 VUs, 1 complete and 0 interrupted iterations
normal_day   [  13% ] 1/5 VUs  0m35.0s/4m30.0s

running (0m36.0s), 1/5 VUs, 1 complete and 0 interrupted iterations
normal_day   [  13% ] 1/5 VUs  0m36.0s/4m30.0s

running (0m37.0s), 1/5 VUs, 1 complete and 0 interrupted iterations
normal_day   [  14% ] 1/5 VUs  0m37.0s/4m30.0s

running (0m38.0s), 1/5 VUs, 1 complete and 0 interrupted iterations
normal_day   [  14% ] 1/5 VUs  0m38.0s/4m30.0s

running (0m39.0s), 1/5 VUs, 1 complete and 0 interrupted iterations
normal_day   [  14% ] 1/5 VUs  0m39.0s/4m30.0s

running (0m40.0s), 1/5 VUs, 1 complete and 0 interrupted iterations
normal_day   [  15% ] 1/5 VUs  0m40.0s/4m30.0s

running (0m41.0s), 1/5 VUs, 1 complete and 0 interrupted iterations
normal_day   [  15% ] 1/5 VUs  0m41.0s/4m30.0s

running (0m42.0s), 1/5 VUs, 1 complete and 0 interrupted iterations
normal_day   [  16% ] 1/5 VUs  0m42.0s/4m30.0s

running (0m43.0s), 1/5 VUs, 1 complete and 0 interrupted iterations
normal_day   [  16% ] 1/5 VUs  0m43.0s/4m30.0s

running (0m44.0s), 1/5 VUs, 1 complete and 0 interrupted iterations
normal_day   [  16% ] 1/5 VUs  0m44.0s/4m30.0s

running (0m45.0s), 1/5 VUs, 1 complete and 0 interrupted iterations
normal_day   [  17% ] 1/5 VUs  0m45.0s/4m30.0s

running (0m46.0s), 1/5 VUs, 1 complete and 0 interrupted iterations
normal_day   [  17% ] 1/5 VUs  0m46.0s/4m30.0s

running (0m47.0s), 1/5 VUs, 1 complete and 0 interrupted iterations
normal_day   [  17% ] 1/5 VUs  0m47.0s/4m30.0s

running (0m48.0s), 1/5 VUs, 1 complete and 0 interrupted iterations
normal_day   [  18% ] 1/5 VUs  0m48.0s/4m30.0s

running (0m49.0s), 2/5 VUs, 1 complete and 0 interrupted iterations
normal_day   [  18% ] 2/5 VUs  0m49.0s/4m30.0s

running (0m50.0s), 2/5 VUs, 1 complete and 0 interrupted iterations
normal_day   [  19% ] 2/5 VUs  0m50.0s/4m30.0s

running (0m51.0s), 2/5 VUs, 3 complete and 0 interrupted iterations
normal_day   [  19% ] 2/5 VUs  0m51.0s/4m30.0s

running (0m52.0s), 2/5 VUs, 3 complete and 0 interrupted iterations
normal_day   [  19% ] 2/5 VUs  0m52.0s/4m30.0s

running (0m53.0s), 2/5 VUs, 3 complete and 0 interrupted iterations
normal_day   [  20% ] 2/5 VUs  0m53.0s/4m30.0s

running (0m54.0s), 2/5 VUs, 3 complete and 0 interrupted iterations
normal_day   [  20% ] 2/5 VUs  0m54.0s/4m30.0s

running (0m55.0s), 2/5 VUs, 3 complete and 0 interrupted iterations
normal_day   [  20% ] 2/5 VUs  0m55.0s/4m30.0s

running (0m56.0s), 2/5 VUs, 3 complete and 0 interrupted iterations
normal_day   [  21% ] 2/5 VUs  0m56.0s/4m30.0s

running (0m57.0s), 2/5 VUs, 4 complete and 0 interrupted iterations
normal_day   [  21% ] 2/5 VUs  0m57.0s/4m30.0s

running (0m58.0s), 2/5 VUs, 4 complete and 0 interrupted iterations
normal_day   [  21% ] 2/5 VUs  0m58.0s/4m30.0s

running (0m59.0s), 2/5 VUs, 4 complete and 0 interrupted iterations
normal_day   [  22% ] 2/5 VUs  0m59.0s/4m30.0s

running (1m00.0s), 2/5 VUs, 4 complete and 0 interrupted iterations
normal_day   [  22% ] 2/5 VUs  1m00.0s/4m30.0s

running (1m01.0s), 2/5 VUs, 4 complete and 0 interrupted iterations
normal_day   [  23% ] 2/5 VUs  1m01.0s/4m30.0s

running (1m02.0s), 2/5 VUs, 4 complete and 0 interrupted iterations
normal_day   [  23% ] 2/5 VUs  1m02.0s/4m30.0s

running (1m03.0s), 2/5 VUs, 4 complete and 0 interrupted iterations
normal_day   [  23% ] 2/5 VUs  1m03.0s/4m30.0s

running (1m04.0s), 2/5 VUs, 4 complete and 0 interrupted iterations
normal_day   [  24% ] 2/5 VUs  1m04.0s/4m30.0s

running (1m05.0s), 2/5 VUs, 4 complete and 0 interrupted iterations
normal_day   [  24% ] 2/5 VUs  1m05.0s/4m30.0s

running (1m06.0s), 2/5 VUs, 4 complete and 0 interrupted iterations
normal_day   [  24% ] 2/5 VUs  1m06.0s/4m30.0s

running (1m07.0s), 2/5 VUs, 5 complete and 0 interrupted iterations
normal_day   [  25% ] 2/5 VUs  1m07.0s/4m30.0s

running (1m08.0s), 2/5 VUs, 5 complete and 0 interrupted iterations
normal_day   [  25% ] 2/5 VUs  1m08.0s/4m30.0s

running (1m09.0s), 2/5 VUs, 5 complete and 0 interrupted iterations
normal_day   [  26% ] 2/5 VUs  1m09.0s/4m30.0s

running (1m10.0s), 2/5 VUs, 6 complete and 0 interrupted iterations
normal_day   [  26% ] 2/5 VUs  1m10.0s/4m30.0s

running (1m11.0s), 2/5 VUs, 6 complete and 0 interrupted iterations
normal_day   [  26% ] 2/5 VUs  1m11.0s/4m30.0s

running (1m12.0s), 2/5 VUs, 7 complete and 0 interrupted iterations
normal_day   [  27% ] 2/5 VUs  1m12.0s/4m30.0s

running (1m13.0s), 3/5 VUs, 7 complete and 0 interrupted iterations
normal_day   [  27% ] 3/5 VUs  1m13.0s/4m30.0s

running (1m14.0s), 3/5 VUs, 7 complete and 0 interrupted iterations
normal_day   [  27% ] 3/5 VUs  1m14.0s/4m30.0s

running (1m15.0s), 3/5 VUs, 7 complete and 0 interrupted iterations
normal_day   [  28% ] 3/5 VUs  1m15.0s/4m30.0s

running (1m16.0s), 3/5 VUs, 7 complete and 0 interrupted iterations
normal_day   [  28% ] 3/5 VUs  1m16.0s/4m30.0s

running (1m17.0s), 3/5 VUs, 7 complete and 0 interrupted iterations
normal_day   [  29% ] 3/5 VUs  1m17.0s/4m30.0s

running (1m18.0s), 3/5 VUs, 7 complete and 0 interrupted iterations
normal_day   [  29% ] 3/5 VUs  1m18.0s/4m30.0s

running (1m19.0s), 3/5 VUs, 7 complete and 0 interrupted iterations
normal_day   [  29% ] 3/5 VUs  1m19.0s/4m30.0s

running (1m20.0s), 3/5 VUs, 7 complete and 0 interrupted iterations
normal_day   [  30% ] 3/5 VUs  1m20.0s/4m30.0s

running (1m21.0s), 3/5 VUs, 7 complete and 0 interrupted iterations
normal_day   [  30% ] 3/5 VUs  1m21.0s/4m30.0s

running (1m22.0s), 3/5 VUs, 7 complete and 0 interrupted iterations
normal_day   [  30% ] 3/5 VUs  1m22.0s/4m30.0s

running (1m23.0s), 3/5 VUs, 7 complete and 0 interrupted iterations
normal_day   [  31% ] 3/5 VUs  1m23.0s/4m30.0s

running (1m24.0s), 3/5 VUs, 7 complete and 0 interrupted iterations
normal_day   [  31% ] 3/5 VUs  1m24.0s/4m30.0s

running (1m25.0s), 3/5 VUs, 7 complete and 0 interrupted iterations
normal_day   [  31% ] 3/5 VUs  1m25.0s/4m30.0s

running (1m26.0s), 3/5 VUs, 7 complete and 0 interrupted iterations
normal_day   [  32% ] 3/5 VUs  1m26.0s/4m30.0s

running (1m27.0s), 3/5 VUs, 7 complete and 0 interrupted iterations
normal_day   [  32% ] 3/5 VUs  1m27.0s/4m30.0s

running (1m28.0s), 3/5 VUs, 7 complete and 0 interrupted iterations
normal_day   [  33% ] 3/5 VUs  1m28.0s/4m30.0s

running (1m29.0s), 3/5 VUs, 8 complete and 0 interrupted iterations
normal_day   [  33% ] 3/5 VUs  1m29.0s/4m30.0s

running (1m30.0s), 3/5 VUs, 10 complete and 0 interrupted iterations
normal_day   [  33% ] 3/5 VUs  1m30.0s/4m30.0s

running (1m31.0s), 3/5 VUs, 11 complete and 0 interrupted iterations
normal_day   [  34% ] 3/5 VUs  1m31.0s/4m30.0s

running (1m32.0s), 3/5 VUs, 11 complete and 0 interrupted iterations
normal_day   [  34% ] 3/5 VUs  1m32.0s/4m30.0s

running (1m33.0s), 3/5 VUs, 11 complete and 0 interrupted iterations
normal_day   [  34% ] 3/5 VUs  1m33.0s/4m30.0s

running (1m34.0s), 3/5 VUs, 11 complete and 0 interrupted iterations
normal_day   [  35% ] 3/5 VUs  1m34.0s/4m30.0s

running (1m35.0s), 3/5 VUs, 11 complete and 0 interrupted iterations
normal_day   [  35% ] 3/5 VUs  1m35.0s/4m30.0s

running (1m36.0s), 3/5 VUs, 12 complete and 0 interrupted iterations
normal_day   [  36% ] 3/5 VUs  1m36.0s/4m30.0s

running (1m37.0s), 4/5 VUs, 12 complete and 0 interrupted iterations
normal_day   [  36% ] 4/5 VUs  1m37.0s/4m30.0s

running (1m38.0s), 4/5 VUs, 13 complete and 0 interrupted iterations
normal_day   [  36% ] 4/5 VUs  1m38.0s/4m30.0s

running (1m39.0s), 4/5 VUs, 13 complete and 0 interrupted iterations
normal_day   [  37% ] 4/5 VUs  1m39.0s/4m30.0s

running (1m40.0s), 4/5 VUs, 13 complete and 0 interrupted iterations
normal_day   [  37% ] 4/5 VUs  1m40.0s/4m30.0s

running (1m41.0s), 4/5 VUs, 13 complete and 0 interrupted iterations
normal_day   [  37% ] 4/5 VUs  1m41.0s/4m30.0s

running (1m42.0s), 4/5 VUs, 13 complete and 0 interrupted iterations
normal_day   [  38% ] 4/5 VUs  1m42.0s/4m30.0s

running (1m43.0s), 4/5 VUs, 13 complete and 0 interrupted iterations
normal_day   [  38% ] 4/5 VUs  1m43.0s/4m30.0s

running (1m44.0s), 4/5 VUs, 14 complete and 0 interrupted iterations
normal_day   [  39% ] 4/5 VUs  1m44.0s/4m30.0s

running (1m45.0s), 4/5 VUs, 15 complete and 0 interrupted iterations
normal_day   [  39% ] 4/5 VUs  1m45.0s/4m30.0s

running (1m46.0s), 4/5 VUs, 15 complete and 0 interrupted iterations
normal_day   [  39% ] 4/5 VUs  1m46.0s/4m30.0s

running (1m47.0s), 4/5 VUs, 15 complete and 0 interrupted iterations
normal_day   [  40% ] 4/5 VUs  1m47.0s/4m30.0s

running (1m48.0s), 4/5 VUs, 16 complete and 0 interrupted iterations
normal_day   [  40% ] 4/5 VUs  1m48.0s/4m30.0s

running (1m49.0s), 4/5 VUs, 17 complete and 0 interrupted iterations
normal_day   [  40% ] 4/5 VUs  1m49.0s/4m30.0s

running (1m50.0s), 4/5 VUs, 18 complete and 0 interrupted iterations
normal_day   [  41% ] 4/5 VUs  1m50.0s/4m30.0s

running (1m51.0s), 4/5 VUs, 18 complete and 0 interrupted iterations
normal_day   [  41% ] 4/5 VUs  1m51.0s/4m30.0s

running (1m52.0s), 4/5 VUs, 18 complete and 0 interrupted iterations
normal_day   [  41% ] 4/5 VUs  1m52.0s/4m30.0s

running (1m53.0s), 4/5 VUs, 19 complete and 0 interrupted iterations
normal_day   [  42% ] 4/5 VUs  1m53.0s/4m30.0s

running (1m54.0s), 4/5 VUs, 20 complete and 0 interrupted iterations
normal_day   [  42% ] 4/5 VUs  1m54.0s/4m30.0s

running (1m55.0s), 4/5 VUs, 20 complete and 0 interrupted iterations
normal_day   [  43% ] 4/5 VUs  1m55.0s/4m30.0s

running (1m56.0s), 4/5 VUs, 21 complete and 0 interrupted iterations
normal_day   [  43% ] 4/5 VUs  1m56.0s/4m30.0s

running (1m57.0s), 4/5 VUs, 21 complete and 0 interrupted iterations
normal_day   [  43% ] 4/5 VUs  1m57.0s/4m30.0s

running (1m58.0s), 4/5 VUs, 21 complete and 0 interrupted iterations
normal_day   [  44% ] 4/5 VUs  1m58.0s/4m30.0s

running (1m59.0s), 4/5 VUs, 21 complete and 0 interrupted iterations
normal_day   [  44% ] 4/5 VUs  1m59.0s/4m30.0s

running (2m00.0s), 4/5 VUs, 23 complete and 0 interrupted iterations
normal_day   [  44% ] 4/5 VUs  2m00.0s/4m30.0s

running (2m01.0s), 5/5 VUs, 23 complete and 0 interrupted iterations
normal_day   [  45% ] 5/5 VUs  2m01.0s/4m30.0s

running (2m02.0s), 5/5 VUs, 24 complete and 0 interrupted iterations
normal_day   [  45% ] 5/5 VUs  2m02.0s/4m30.0s

running (2m03.0s), 5/5 VUs, 25 complete and 0 interrupted iterations
normal_day   [  46% ] 5/5 VUs  2m03.0s/4m30.0s

running (2m04.0s), 5/5 VUs, 26 complete and 0 interrupted iterations
normal_day   [  46% ] 5/5 VUs  2m04.0s/4m30.0s

running (2m05.0s), 5/5 VUs, 26 complete and 0 interrupted iterations
normal_day   [  46% ] 5/5 VUs  2m05.0s/4m30.0s

running (2m06.0s), 5/5 VUs, 26 complete and 0 interrupted iterations
normal_day   [  47% ] 5/5 VUs  2m06.0s/4m30.0s

running (2m07.0s), 5/5 VUs, 27 complete and 0 interrupted iterations
normal_day   [  47% ] 5/5 VUs  2m07.0s/4m30.0s

running (2m08.0s), 5/5 VUs, 28 complete and 0 interrupted iterations
normal_day   [  47% ] 5/5 VUs  2m08.0s/4m30.0s

running (2m09.0s), 5/5 VUs, 28 complete and 0 interrupted iterations
normal_day   [  48% ] 5/5 VUs  2m09.0s/4m30.0s

running (2m10.0s), 5/5 VUs, 28 complete and 0 interrupted iterations
normal_day   [  48% ] 5/5 VUs  2m10.0s/4m30.0s

running (2m11.0s), 5/5 VUs, 28 complete and 0 interrupted iterations
normal_day   [  49% ] 5/5 VUs  2m11.0s/4m30.0s

running (2m12.0s), 5/5 VUs, 28 complete and 0 interrupted iterations
normal_day   [  49% ] 5/5 VUs  2m12.0s/4m30.0s

running (2m13.0s), 5/5 VUs, 29 complete and 0 interrupted iterations
normal_day   [  49% ] 5/5 VUs  2m13.0s/4m30.0s

running (2m14.0s), 5/5 VUs, 29 complete and 0 interrupted iterations
normal_day   [  50% ] 5/5 VUs  2m14.0s/4m30.0s

running (2m15.0s), 5/5 VUs, 29 complete and 0 interrupted iterations
normal_day   [  50% ] 5/5 VUs  2m15.0s/4m30.0s

running (2m16.0s), 5/5 VUs, 31 complete and 0 interrupted iterations
normal_day   [  50% ] 5/5 VUs  2m16.0s/4m30.0s

running (2m17.0s), 5/5 VUs, 32 complete and 0 interrupted iterations
normal_day   [  51% ] 5/5 VUs  2m17.0s/4m30.0s

running (2m18.0s), 5/5 VUs, 32 complete and 0 interrupted iterations
normal_day   [  51% ] 5/5 VUs  2m18.0s/4m30.0s

running (2m19.0s), 5/5 VUs, 32 complete and 0 interrupted iterations
normal_day   [  51% ] 5/5 VUs  2m19.0s/4m30.0s

running (2m20.0s), 5/5 VUs, 32 complete and 0 interrupted iterations
normal_day   [  52% ] 5/5 VUs  2m20.0s/4m30.0s

running (2m21.0s), 5/5 VUs, 32 complete and 0 interrupted iterations
normal_day   [  52% ] 5/5 VUs  2m21.0s/4m30.0s

running (2m22.0s), 5/5 VUs, 33 complete and 0 interrupted iterations
normal_day   [  53% ] 5/5 VUs  2m22.0s/4m30.0s

running (2m23.0s), 5/5 VUs, 35 complete and 0 interrupted iterations
normal_day   [  53% ] 5/5 VUs  2m23.0s/4m30.0s

running (2m24.0s), 5/5 VUs, 36 complete and 0 interrupted iterations
normal_day   [  53% ] 5/5 VUs  2m24.0s/4m30.0s

running (2m25.0s), 5/5 VUs, 37 complete and 0 interrupted iterations
normal_day   [  54% ] 5/5 VUs  2m25.0s/4m30.0s

running (2m26.0s), 5/5 VUs, 37 complete and 0 interrupted iterations
normal_day   [  54% ] 5/5 VUs  2m26.0s/4m30.0s

running (2m27.0s), 5/5 VUs, 37 complete and 0 interrupted iterations
normal_day   [  54% ] 5/5 VUs  2m27.0s/4m30.0s

running (2m28.0s), 5/5 VUs, 37 complete and 0 interrupted iterations
normal_day   [  55% ] 5/5 VUs  2m28.0s/4m30.0s

running (2m29.0s), 5/5 VUs, 37 complete and 0 interrupted iterations
normal_day   [  55% ] 5/5 VUs  2m29.0s/4m30.0s

running (2m30.0s), 5/5 VUs, 37 complete and 0 interrupted iterations
normal_day   [  56% ] 5/5 VUs  2m30.0s/4m30.0s

running (2m31.0s), 5/5 VUs, 37 complete and 0 interrupted iterations
normal_day   [  56% ] 5/5 VUs  2m31.0s/4m30.0s

running (2m32.0s), 5/5 VUs, 37 complete and 0 interrupted iterations
normal_day   [  56% ] 5/5 VUs  2m32.0s/4m30.0s

running (2m33.0s), 5/5 VUs, 39 complete and 0 interrupted iterations
normal_day   [  57% ] 5/5 VUs  2m33.0s/4m30.0s

running (2m34.0s), 5/5 VUs, 39 complete and 0 interrupted iterations
normal_day   [  57% ] 5/5 VUs  2m34.0s/4m30.0s

running (2m35.0s), 5/5 VUs, 39 complete and 0 interrupted iterations
normal_day   [  57% ] 5/5 VUs  2m35.0s/4m30.0s

running (2m36.0s), 5/5 VUs, 41 complete and 0 interrupted iterations
normal_day   [  58% ] 5/5 VUs  2m36.0s/4m30.0s

running (2m37.0s), 5/5 VUs, 44 complete and 0 interrupted iterations
normal_day   [  58% ] 5/5 VUs  2m37.0s/4m30.0s

running (2m38.0s), 5/5 VUs, 45 complete and 0 interrupted iterations
normal_day   [  59% ] 5/5 VUs  2m38.0s/4m30.0s

running (2m39.0s), 5/5 VUs, 46 complete and 0 interrupted iterations
normal_day   [  59% ] 5/5 VUs  2m39.0s/4m30.0s

running (2m40.0s), 5/5 VUs, 46 complete and 0 interrupted iterations
normal_day   [  59% ] 5/5 VUs  2m40.0s/4m30.0s

running (2m41.0s), 5/5 VUs, 46 complete and 0 interrupted iterations
normal_day   [  60% ] 5/5 VUs  2m41.0s/4m30.0s

running (2m42.0s), 5/5 VUs, 47 complete and 0 interrupted iterations
normal_day   [  60% ] 5/5 VUs  2m42.0s/4m30.0s

running (2m43.0s), 5/5 VUs, 47 complete and 0 interrupted iterations
normal_day   [  60% ] 5/5 VUs  2m43.0s/4m30.0s

running (2m44.0s), 5/5 VUs, 47 complete and 0 interrupted iterations
normal_day   [  61% ] 5/5 VUs  2m44.0s/4m30.0s

running (2m45.0s), 5/5 VUs, 47 complete and 0 interrupted iterations
normal_day   [  61% ] 5/5 VUs  2m45.0s/4m30.0s

running (2m46.0s), 5/5 VUs, 48 complete and 0 interrupted iterations
normal_day   [  61% ] 5/5 VUs  2m46.0s/4m30.0s

running (2m47.0s), 5/5 VUs, 49 complete and 0 interrupted iterations
normal_day   [  62% ] 5/5 VUs  2m47.0s/4m30.0s

running (2m48.0s), 5/5 VUs, 50 complete and 0 interrupted iterations
normal_day   [  62% ] 5/5 VUs  2m48.0s/4m30.0s

running (2m49.0s), 5/5 VUs, 50 complete and 0 interrupted iterations
normal_day   [  63% ] 5/5 VUs  2m49.0s/4m30.0s

running (2m50.0s), 5/5 VUs, 50 complete and 0 interrupted iterations
normal_day   [  63% ] 5/5 VUs  2m50.0s/4m30.0s

running (2m51.0s), 5/5 VUs, 51 complete and 0 interrupted iterations
normal_day   [  63% ] 5/5 VUs  2m51.0s/4m30.0s

running (2m52.0s), 5/5 VUs, 52 complete and 0 interrupted iterations
normal_day   [  64% ] 5/5 VUs  2m52.0s/4m30.0s

running (2m53.0s), 5/5 VUs, 52 complete and 0 interrupted iterations
normal_day   [  64% ] 5/5 VUs  2m53.0s/4m30.0s

running (2m54.0s), 5/5 VUs, 52 complete and 0 interrupted iterations
normal_day   [  64% ] 5/5 VUs  2m54.0s/4m30.0s

running (2m55.0s), 5/5 VUs, 53 complete and 0 interrupted iterations
normal_day   [  65% ] 5/5 VUs  2m55.0s/4m30.0s

running (2m56.0s), 5/5 VUs, 53 complete and 0 interrupted iterations
normal_day   [  65% ] 5/5 VUs  2m56.0s/4m30.0s

running (2m57.0s), 5/5 VUs, 53 complete and 0 interrupted iterations
normal_day   [  66% ] 5/5 VUs  2m57.0s/4m30.0s

running (2m58.0s), 5/5 VUs, 55 complete and 0 interrupted iterations
normal_day   [  66% ] 5/5 VUs  2m58.0s/4m30.0s

running (2m59.0s), 5/5 VUs, 55 complete and 0 interrupted iterations
normal_day   [  66% ] 5/5 VUs  2m59.0s/4m30.0s

running (3m00.0s), 4/5 VUs, 56 complete and 0 interrupted iterations
normal_day   [  67% ] 4/5 VUs  3m00.0s/4m30.0s

running (3m01.0s), 4/5 VUs, 56 complete and 0 interrupted iterations
normal_day   [  67% ] 4/5 VUs  3m01.0s/4m30.0s

running (3m02.0s), 4/5 VUs, 57 complete and 0 interrupted iterations
normal_day   [  67% ] 4/5 VUs  3m02.0s/4m30.0s

running (3m03.0s), 4/5 VUs, 57 complete and 0 interrupted iterations
normal_day   [  68% ] 4/5 VUs  3m03.0s/4m30.0s

running (3m04.0s), 4/5 VUs, 58 complete and 0 interrupted iterations
normal_day   [  68% ] 4/5 VUs  3m04.0s/4m30.0s

running (3m05.0s), 4/5 VUs, 58 complete and 0 interrupted iterations
normal_day   [  69% ] 4/5 VUs  3m05.0s/4m30.0s

running (3m06.0s), 4/5 VUs, 58 complete and 0 interrupted iterations
normal_day   [  69% ] 4/5 VUs  3m06.0s/4m30.0s

running (3m07.0s), 4/5 VUs, 58 complete and 0 interrupted iterations
normal_day   [  69% ] 4/5 VUs  3m07.0s/4m30.0s

running (3m08.0s), 4/5 VUs, 58 complete and 0 interrupted iterations
normal_day   [  70% ] 4/5 VUs  3m08.0s/4m30.0s

running (3m09.0s), 4/5 VUs, 59 complete and 0 interrupted iterations
normal_day   [  70% ] 4/5 VUs  3m09.0s/4m30.0s

running (3m10.0s), 4/5 VUs, 59 complete and 0 interrupted iterations
normal_day   [  70% ] 4/5 VUs  3m10.0s/4m30.0s

running (3m11.0s), 4/5 VUs, 59 complete and 0 interrupted iterations
normal_day   [  71% ] 4/5 VUs  3m11.0s/4m30.0s

running (3m12.0s), 4/5 VUs, 60 complete and 0 interrupted iterations
normal_day   [  71% ] 4/5 VUs  3m12.0s/4m30.0s

running (3m13.0s), 4/5 VUs, 60 complete and 0 interrupted iterations
normal_day   [  71% ] 4/5 VUs  3m13.0s/4m30.0s

running (3m14.0s), 4/5 VUs, 62 complete and 0 interrupted iterations
normal_day   [  72% ] 4/5 VUs  3m14.0s/4m30.0s

running (3m15.0s), 4/5 VUs, 62 complete and 0 interrupted iterations
normal_day   [  72% ] 4/5 VUs  3m15.0s/4m30.0s

running (3m16.0s), 4/5 VUs, 62 complete and 0 interrupted iterations
normal_day   [  73% ] 4/5 VUs  3m16.0s/4m30.0s

running (3m17.0s), 4/5 VUs, 62 complete and 0 interrupted iterations
normal_day   [  73% ] 4/5 VUs  3m17.0s/4m30.0s

running (3m18.0s), 4/5 VUs, 63 complete and 0 interrupted iterations
normal_day   [  73% ] 4/5 VUs  3m18.0s/4m30.0s

running (3m19.0s), 4/5 VUs, 63 complete and 0 interrupted iterations
normal_day   [  74% ] 4/5 VUs  3m19.0s/4m30.0s

running (3m20.0s), 4/5 VUs, 63 complete and 0 interrupted iterations
normal_day   [  74% ] 4/5 VUs  3m20.0s/4m30.0s

running (3m21.0s), 4/5 VUs, 64 complete and 0 interrupted iterations
normal_day   [  74% ] 4/5 VUs  3m21.0s/4m30.0s

running (3m22.0s), 4/5 VUs, 64 complete and 0 interrupted iterations
normal_day   [  75% ] 4/5 VUs  3m22.0s/4m30.0s

running (3m23.0s), 3/5 VUs, 66 complete and 0 interrupted iterations
normal_day   [  75% ] 3/5 VUs  3m23.0s/4m30.0s

running (3m24.0s), 3/5 VUs, 66 complete and 0 interrupted iterations
normal_day   [  76% ] 3/5 VUs  3m24.0s/4m30.0s

running (3m25.0s), 3/5 VUs, 66 complete and 0 interrupted iterations
normal_day   [  76% ] 3/5 VUs  3m25.0s/4m30.0s

running (3m26.0s), 3/5 VUs, 66 complete and 0 interrupted iterations
normal_day   [  76% ] 3/5 VUs  3m26.0s/4m30.0s

running (3m27.0s), 3/5 VUs, 66 complete and 0 interrupted iterations
normal_day   [  77% ] 3/5 VUs  3m27.0s/4m30.0s

running (3m28.0s), 3/5 VUs, 66 complete and 0 interrupted iterations
normal_day   [  77% ] 3/5 VUs  3m28.0s/4m30.0s

running (3m29.0s), 3/5 VUs, 66 complete and 0 interrupted iterations
normal_day   [  77% ] 3/5 VUs  3m29.0s/4m30.0s

running (3m30.0s), 3/5 VUs, 67 complete and 0 interrupted iterations
normal_day   [  78% ] 3/5 VUs  3m30.0s/4m30.0s

running (3m31.0s), 3/5 VUs, 67 complete and 0 interrupted iterations
normal_day   [  78% ] 3/5 VUs  3m31.0s/4m30.0s

running (3m32.0s), 3/5 VUs, 67 complete and 0 interrupted iterations
normal_day   [  79% ] 3/5 VUs  3m32.0s/4m30.0s

running (3m33.0s), 3/5 VUs, 68 complete and 0 interrupted iterations
normal_day   [  79% ] 3/5 VUs  3m33.0s/4m30.0s

running (3m34.0s), 3/5 VUs, 69 complete and 0 interrupted iterations
normal_day   [  79% ] 3/5 VUs  3m34.0s/4m30.0s

running (3m35.0s), 3/5 VUs, 69 complete and 0 interrupted iterations
normal_day   [  80% ] 3/5 VUs  3m35.0s/4m30.0s

running (3m36.0s), 3/5 VUs, 71 complete and 0 interrupted iterations
normal_day   [  80% ] 3/5 VUs  3m36.0s/4m30.0s

running (3m37.0s), 3/5 VUs, 71 complete and 0 interrupted iterations
normal_day   [  80% ] 3/5 VUs  3m37.0s/4m30.0s

running (3m38.0s), 3/5 VUs, 71 complete and 0 interrupted iterations
normal_day   [  81% ] 3/5 VUs  3m38.0s/4m30.0s

running (3m39.0s), 3/5 VUs, 71 complete and 0 interrupted iterations
normal_day   [  81% ] 3/5 VUs  3m39.0s/4m30.0s

running (3m40.0s), 3/5 VUs, 71 complete and 0 interrupted iterations
normal_day   [  81% ] 3/5 VUs  3m40.0s/4m30.0s

running (3m41.0s), 3/5 VUs, 71 complete and 0 interrupted iterations
normal_day   [  82% ] 3/5 VUs  3m41.0s/4m30.0s

running (3m42.0s), 3/5 VUs, 71 complete and 0 interrupted iterations
normal_day   [  82% ] 3/5 VUs  3m42.0s/4m30.0s

running (3m43.0s), 3/5 VUs, 71 complete and 0 interrupted iterations
normal_day   [  83% ] 3/5 VUs  3m43.0s/4m30.0s

running (3m44.0s), 3/5 VUs, 71 complete and 0 interrupted iterations
normal_day   [  83% ] 3/5 VUs  3m44.0s/4m30.0s

running (3m45.0s), 3/5 VUs, 71 complete and 0 interrupted iterations
normal_day   [  83% ] 3/5 VUs  3m45.0s/4m30.0s

running (3m46.0s), 3/5 VUs, 71 complete and 0 interrupted iterations
normal_day   [  84% ] 3/5 VUs  3m46.0s/4m30.0s

running (3m47.0s), 3/5 VUs, 71 complete and 0 interrupted iterations
normal_day   [  84% ] 3/5 VUs  3m47.0s/4m30.0s

running (3m48.0s), 3/5 VUs, 71 complete and 0 interrupted iterations
normal_day   [  84% ] 3/5 VUs  3m48.0s/4m30.0s

running (3m49.0s), 2/5 VUs, 72 complete and 0 interrupted iterations
normal_day   [  85% ] 2/5 VUs  3m49.0s/4m30.0s

running (3m50.0s), 2/5 VUs, 74 complete and 0 interrupted iterations
normal_day   [  85% ] 2/5 VUs  3m50.0s/4m30.0s

running (3m51.0s), 2/5 VUs, 74 complete and 0 interrupted iterations
normal_day   [  86% ] 2/5 VUs  3m51.0s/4m30.0s

running (3m52.0s), 2/5 VUs, 74 complete and 0 interrupted iterations
normal_day   [  86% ] 2/5 VUs  3m52.0s/4m30.0s

running (3m53.0s), 2/5 VUs, 74 complete and 0 interrupted iterations
normal_day   [  86% ] 2/5 VUs  3m53.0s/4m30.0s

running (3m54.0s), 2/5 VUs, 74 complete and 0 interrupted iterations
normal_day   [  87% ] 2/5 VUs  3m54.0s/4m30.0s

running (3m55.0s), 2/5 VUs, 74 complete and 0 interrupted iterations
normal_day   [  87% ] 2/5 VUs  3m55.0s/4m30.0s

running (3m56.0s), 2/5 VUs, 74 complete and 0 interrupted iterations
normal_day   [  87% ] 2/5 VUs  3m56.0s/4m30.0s

running (3m57.0s), 2/5 VUs, 74 complete and 0 interrupted iterations
normal_day   [  88% ] 2/5 VUs  3m57.0s/4m30.0s

running (3m58.0s), 2/5 VUs, 74 complete and 0 interrupted iterations
normal_day   [  88% ] 2/5 VUs  3m58.0s/4m30.0s

running (3m59.0s), 2/5 VUs, 74 complete and 0 interrupted iterations
normal_day   [  89% ] 2/5 VUs  3m59.0s/4m30.0s

running (4m00.0s), 2/5 VUs, 74 complete and 0 interrupted iterations
normal_day   [  89% ] 2/5 VUs  4m00.0s/4m30.0s

running (4m01.0s), 2/5 VUs, 74 complete and 0 interrupted iterations
normal_day   [  89% ] 2/5 VUs  4m01.0s/4m30.0s

running (4m02.0s), 2/5 VUs, 74 complete and 0 interrupted iterations
normal_day   [  90% ] 2/5 VUs  4m02.0s/4m30.0s

running (4m03.0s), 2/5 VUs, 75 complete and 0 interrupted iterations
normal_day   [  90% ] 2/5 VUs  4m03.0s/4m30.0s

running (4m04.0s), 2/5 VUs, 75 complete and 0 interrupted iterations
normal_day   [  90% ] 2/5 VUs  4m04.0s/4m30.0s

running (4m05.0s), 2/5 VUs, 75 complete and 0 interrupted iterations
normal_day   [  91% ] 2/5 VUs  4m05.0s/4m30.0s

running (4m06.0s), 2/5 VUs, 75 complete and 0 interrupted iterations
normal_day   [  91% ] 2/5 VUs  4m06.0s/4m30.0s

running (4m07.0s), 2/5 VUs, 75 complete and 0 interrupted iterations
normal_day   [  91% ] 2/5 VUs  4m07.0s/4m30.0s

running (4m08.0s), 2/5 VUs, 75 complete and 0 interrupted iterations
normal_day   [  92% ] 2/5 VUs  4m08.0s/4m30.0s

running (4m09.0s), 2/5 VUs, 75 complete and 0 interrupted iterations
normal_day   [  92% ] 2/5 VUs  4m09.0s/4m30.0s

running (4m10.0s), 2/5 VUs, 75 complete and 0 interrupted iterations
normal_day   [  93% ] 2/5 VUs  4m10.0s/4m30.0s

running (4m11.0s), 1/5 VUs, 76 complete and 0 interrupted iterations
normal_day   [  93% ] 1/5 VUs  4m11.0s/4m30.0s

running (4m12.0s), 1/5 VUs, 76 complete and 0 interrupted iterations
normal_day   [  93% ] 1/5 VUs  4m12.0s/4m30.0s

running (4m13.0s), 1/5 VUs, 76 complete and 0 interrupted iterations
normal_day   [  94% ] 1/5 VUs  4m13.0s/4m30.0s

running (4m14.0s), 1/5 VUs, 76 complete and 0 interrupted iterations
normal_day   [  94% ] 1/5 VUs  4m14.0s/4m30.0s

running (4m15.0s), 1/5 VUs, 76 complete and 0 interrupted iterations
normal_day   [  94% ] 1/5 VUs  4m15.0s/4m30.0s

running (4m16.0s), 1/5 VUs, 76 complete and 0 interrupted iterations
normal_day   [  95% ] 1/5 VUs  4m16.0s/4m30.0s

running (4m17.0s), 1/5 VUs, 76 complete and 0 interrupted iterations
normal_day   [  95% ] 1/5 VUs  4m17.0s/4m30.0s

running (4m18.0s), 1/5 VUs, 76 complete and 0 interrupted iterations
normal_day   [  96% ] 1/5 VUs  4m18.0s/4m30.0s

running (4m19.0s), 1/5 VUs, 76 complete and 0 interrupted iterations
normal_day   [  96% ] 1/5 VUs  4m19.0s/4m30.0s

running (4m20.0s), 1/5 VUs, 77 complete and 0 interrupted iterations
normal_day   [  96% ] 1/5 VUs  4m20.0s/4m30.0s

running (4m21.0s), 1/5 VUs, 77 complete and 0 interrupted iterations
normal_day   [  97% ] 1/5 VUs  4m21.0s/4m30.0s

running (4m22.0s), 1/5 VUs, 77 complete and 0 interrupted iterations
normal_day   [  97% ] 1/5 VUs  4m22.0s/4m30.0s

running (4m23.0s), 1/5 VUs, 77 complete and 0 interrupted iterations
normal_day   [  97% ] 1/5 VUs  4m23.0s/4m30.0s

running (4m24.0s), 1/5 VUs, 77 complete and 0 interrupted iterations
normal_day   [  98% ] 1/5 VUs  4m24.0s/4m30.0s

running (4m25.0s), 1/5 VUs, 77 complete and 0 interrupted iterations
normal_day   [  98% ] 1/5 VUs  4m25.0s/4m30.0s

running (4m26.0s), 1/5 VUs, 77 complete and 0 interrupted iterations
normal_day   [  99% ] 1/5 VUs  4m26.0s/4m30.0s

running (4m27.0s), 1/5 VUs, 77 complete and 0 interrupted iterations
normal_day   [  99% ] 1/5 VUs  4m27.0s/4m30.0s

running (4m28.0s), 1/5 VUs, 77 complete and 0 interrupted iterations
normal_day   [  99% ] 1/5 VUs  4m28.0s/4m30.0s

running (4m29.0s), 1/5 VUs, 77 complete and 0 interrupted iterations
normal_day   [ 100% ] 1/5 VUs  4m29.0s/4m30.0s

running (4m30.0s), 1/5 VUs, 77 complete and 0 interrupted iterations
normal_day   [ 100% ] 1/5 VUs  4m30.0s/4m30.0s

running (4m31.0s), 1/5 VUs, 77 complete and 0 interrupted iterations
normal_day ↓ [ 100% ] 1/5 VUs  4m30s

running (4m32.0s), 1/5 VUs, 77 complete and 0 interrupted iterations
normal_day ↓ [ 100% ] 1/5 VUs  4m30s

running (4m33.0s), 1/5 VUs, 77 complete and 0 interrupted iterations
normal_day ↓ [ 100% ] 1/5 VUs  4m30s

running (4m34.0s), 1/5 VUs, 77 complete and 0 interrupted iterations
normal_day ↓ [ 100% ] 1/5 VUs  4m30s
[32m     ✓ login 200[0m
[32m     ✓ post detail 200[0m
[32m     ✓ comment list 200[0m
[32m     ✓ comment reaction 200[0m
[32m     ✓ board list 200[0m
[32m     ✓ hot daily 200[0m
[32m     ✓ post list 200[0m
[32m     ✓ unread count 200[0m
[32m     ✓ logout 200[0m
[32m     ✓ user info 200[0m
[32m     ✓ my posts 200[0m
[32m     ✓ chat rooms 200[0m
[32m     ✓ ws handshake 101[0m
[32m     ✓ chat messages 200[0m
[32m     ✓ chat read 200[0m
[32m     ✓ post reaction 2xx[0m
[32m     ✓ post search 200[0m
[32m     ✓ friend list 200[0m
[32m     ✓ meal today 200[0m
[32m     ✓ timetable today 200[0m
[32m     ✓ scrap 2xx[0m
[32m     ✓ received reqs 200[0m
[32m     ✓ refresh 200[0m
[32m     ✓ comment create 2xx[0m

     auth_token_refreshes[2m...........:[0m [36m2[0m       [36;2m0.007291/s[0m
     chat_ws_messages_sent[2m..........:[0m [36m16[0m      [36;2m0.058328/s[0m
     chat_ws_rtt[2m....................:[0m avg=[36m36.37ms[0m  min=[36m22ms[0m    med=[36m32ms[0m     max=[36m67ms[0m     p(90)=[36m54ms[0m     p(95)=[36m60.25ms[0m  p(99)=[36m65.64ms[0m 
     checks[2m.........................:[0m [36m100.00%[0m [36;2m✓ 343[0m      [36;2m✗ 0[0m  
     [32m✓[0m { phase:measure }[2m............:[0m [36m100.00%[0m [36;2m✓ 69[0m       [36;2m✗ 0[0m  
     [32m✓[0m { phase:rampdown }[2m...........:[0m [36m100.00%[0m [36;2m✓ 174[0m      [36;2m✗ 0[0m  
     [32m✓[0m { phase:warmup }[2m.............:[0m [36m100.00%[0m [36;2m✓ 100[0m      [36;2m✗ 0[0m  
     data_received[2m..................:[0m [36m13 MB[0m   [36;2m47 kB/s[0m
     data_sent[2m......................:[0m [36m135 kB[0m  [36;2m493 B/s[0m
     http_req_blocked[2m...............:[0m avg=[36m14.57µs[0m  min=[36m2.48µs[0m  med=[36m5.49µs[0m   max=[36m806.82µs[0m p(90)=[36m12.47µs[0m  p(95)=[36m15.86µs[0m  p(99)=[36m286.23µs[0m
     http_req_connecting[2m............:[0m avg=[36m4µs[0m      min=[36m0s[0m      med=[36m0s[0m       max=[36m361.98µs[0m p(90)=[36m0s[0m       p(95)=[36m0s[0m       p(99)=[36m190.26µs[0m
     http_req_duration[2m..............:[0m avg=[36m97.72ms[0m  min=[36m5.4ms[0m   med=[36m13.05ms[0m  max=[36m6.64s[0m    p(90)=[36m118.04ms[0m p(95)=[36m331.86ms[0m p(99)=[36m1.68s[0m   
       { expected_response:true }[2m...:[0m avg=[36m97.72ms[0m  min=[36m5.4ms[0m   med=[36m13.05ms[0m  max=[36m6.64s[0m    p(90)=[36m118.04ms[0m p(95)=[36m331.86ms[0m p(99)=[36m1.68s[0m   
     [32m✓[0m { feature:auth }[2m.............:[0m avg=[36m148.8ms[0m  min=[36m31.1ms[0m  med=[36m84.56ms[0m  max=[36m664.65ms[0m p(90)=[36m288.88ms[0m p(95)=[36m476.77ms[0m p(99)=[36m627.07ms[0m
     [32m✓[0m { feature:board }[2m............:[0m avg=[36m9.72ms[0m   min=[36m5.4ms[0m   med=[36m7.58ms[0m   max=[36m38.79ms[0m  p(90)=[36m13.12ms[0m  p(95)=[36m16.62ms[0m  p(99)=[36m33.32ms[0m 
     [32m✓[0m { feature:chat }[2m.............:[0m avg=[36m17.13ms[0m  min=[36m7.27ms[0m  med=[36m10.12ms[0m  max=[36m197.65ms[0m p(90)=[36m16.5ms[0m   p(95)=[36m19.26ms[0m  p(99)=[36m144.94ms[0m
     [32m✓[0m { feature:comment }[2m..........:[0m avg=[36m435.97ms[0m min=[36m6.48ms[0m  med=[36m58.11ms[0m  max=[36m6.64s[0m    p(90)=[36m1.24s[0m    p(95)=[36m1.68s[0m    p(99)=[36m4.07s[0m   
     [32m✓[0m { feature:friend }[2m...........:[0m avg=[36m18.02ms[0m  min=[36m6.35ms[0m  med=[36m12.05ms[0m  max=[36m58.61ms[0m  p(90)=[36m34.5ms[0m   p(95)=[36m46.55ms[0m  p(99)=[36m56.2ms[0m  
     [32m✓[0m { feature:hot }[2m..............:[0m avg=[36m20.13ms[0m  min=[36m7.82ms[0m  med=[36m17.78ms[0m  max=[36m42.49ms[0m  p(90)=[36m32.87ms[0m  p(95)=[36m35.81ms[0m  p(99)=[36m41.07ms[0m 
     [32m✓[0m { feature:mypage }[2m...........:[0m avg=[36m25.37ms[0m  min=[36m20.35ms[0m med=[36m25.37ms[0m  max=[36m30.39ms[0m  p(90)=[36m29.38ms[0m  p(95)=[36m29.89ms[0m  p(99)=[36m30.29ms[0m 
     [32m✓[0m { feature:notification }[2m.....:[0m avg=[36m21.55ms[0m  min=[36m9.32ms[0m  med=[36m14.43ms[0m  max=[36m73.18ms[0m  p(90)=[36m37.02ms[0m  p(95)=[36m55.1ms[0m   p(99)=[36m69.56ms[0m 
     [32m✓[0m { feature:post }[2m.............:[0m avg=[36m17.39ms[0m  min=[36m5.46ms[0m  med=[36m10.22ms[0m  max=[36m306.4ms[0m  p(90)=[36m21.95ms[0m  p(95)=[36m43.61ms[0m  p(99)=[36m123.97ms[0m
     [32m✓[0m { feature:reaction }[2m.........:[0m avg=[36m55.57ms[0m  min=[36m32.83ms[0m med=[36m43.85ms[0m  max=[36m104.69ms[0m p(90)=[36m95.29ms[0m  p(95)=[36m99.99ms[0m  p(99)=[36m103.75ms[0m
     [32m✓[0m { feature:school }[2m...........:[0m avg=[36m15.86ms[0m  min=[36m15.86ms[0m med=[36m15.86ms[0m  max=[36m15.86ms[0m  p(90)=[36m15.86ms[0m  p(95)=[36m15.86ms[0m  p(99)=[36m15.86ms[0m 
     [32m✓[0m { feature:scrap }[2m............:[0m avg=[36m36.78ms[0m  min=[36m28.67ms[0m med=[36m40.84ms[0m  max=[36m40.85ms[0m  p(90)=[36m40.85ms[0m  p(95)=[36m40.85ms[0m  p(99)=[36m40.85ms[0m 
     [32m✓[0m { feature:timetable }[2m........:[0m avg=[36m35.35ms[0m  min=[36m35.35ms[0m med=[36m35.35ms[0m  max=[36m35.35ms[0m  p(90)=[36m35.35ms[0m  p(95)=[36m35.35ms[0m  p(99)=[36m35.35ms[0m 
     [32m✓[0m { op:auth }[2m..................:[0m avg=[36m148.8ms[0m  min=[36m31.1ms[0m  med=[36m84.56ms[0m  max=[36m664.65ms[0m p(90)=[36m288.88ms[0m p(95)=[36m476.77ms[0m p(99)=[36m627.07ms[0m
     [31m✗[0m { op:read,phase:measure }[2m....:[0m avg=[36m94.09ms[0m  min=[36m6.34ms[0m  med=[36m12.67ms[0m  max=[36m1.68s[0m    p(90)=[36m155.14ms[0m p(95)=[36m401.39ms[0m p(99)=[36m1.68s[0m   
     [32m✓[0m { op:write,phase:measure }[2m...:[0m avg=[36m21.94ms[0m  min=[36m8.82ms[0m  med=[36m16.15ms[0m  max=[36m40.85ms[0m  p(90)=[36m35.91ms[0m  p(95)=[36m38.38ms[0m  p(99)=[36m40.35ms[0m 
     [32m✓[0m { page:0 }[2m...................:[0m avg=[36m18.2ms[0m   min=[36m5.46ms[0m  med=[36m8.15ms[0m   max=[36m92.78ms[0m  p(90)=[36m43.61ms[0m  p(95)=[36m89.52ms[0m  p(99)=[36m92.12ms[0m 
     [32m✓[0m { page:1 }[2m...................:[0m avg=[36m16.07ms[0m  min=[36m5.82ms[0m  med=[36m7.82ms[0m   max=[36m54.94ms[0m  p(90)=[36m34.45ms[0m  p(95)=[36m44.7ms[0m   p(99)=[36m52.89ms[0m 
     [32m✓[0m { page:2 }[2m...................:[0m avg=[36m8.15ms[0m   min=[36m6.05ms[0m  med=[36m8.16ms[0m   max=[36m10.22ms[0m  p(90)=[36m9.82ms[0m   p(95)=[36m10.02ms[0m  p(99)=[36m10.18ms[0m 
     [32m✓[0m { page:3 }[2m...................:[0m avg=[36m10.28ms[0m  min=[36m10.28ms[0m med=[36m10.28ms[0m  max=[36m10.28ms[0m  p(90)=[36m10.28ms[0m  p(95)=[36m10.28ms[0m  p(99)=[36m10.28ms[0m 
     [32m✓[0m { page:4 }[2m...................:[0m avg=[36m156.56ms[0m min=[36m6.72ms[0m  med=[36m156.56ms[0m max=[36m306.4ms[0m  p(90)=[36m276.43ms[0m p(95)=[36m291.41ms[0m p(99)=[36m303.4ms[0m 
     [32m✓[0m { phase:measure }[2m............:[0m avg=[36m90.13ms[0m  min=[36m6.34ms[0m  med=[36m13.55ms[0m  max=[36m1.68s[0m    p(90)=[36m140.08ms[0m p(95)=[36m396.19ms[0m p(99)=[36m1.68s[0m   
     [32m✓[0m { phase:rampdown }[2m...........:[0m avg=[36m53.49ms[0m  min=[36m5.4ms[0m   med=[36m10.52ms[0m  max=[36m1.95s[0m    p(90)=[36m41.97ms[0m  p(95)=[36m192.9ms[0m  p(99)=[36m950.23ms[0m
     [32m✓[0m { phase:warmup }[2m.............:[0m avg=[36m179.41ms[0m min=[36m7.27ms[0m  med=[36m16.83ms[0m  max=[36m6.64s[0m    p(90)=[36m195.21ms[0m p(95)=[36m681.3ms[0m  p(99)=[36m2.47s[0m   
     http_req_failed[2m................:[0m [36m0.00%[0m   [36;2m✓ 0[0m        [36;2m✗ 341[0m
     [32m✓[0m { phase:measure }[2m............:[0m [36m0.00%[0m   [36;2m✓ 0[0m        [36;2m✗ 68[0m 
     [32m✓[0m { phase:rampdown }[2m...........:[0m [36m0.00%[0m   [36;2m✓ 0[0m        [36;2m✗ 173[0m
     [32m✓[0m { phase:warmup }[2m.............:[0m [36m0.00%[0m   [36;2m✓ 0[0m        [36;2m✗ 100[0m
     http_req_receiving[2m.............:[0m avg=[36m1.31ms[0m   min=[36m69.78µs[0m med=[36m528.85µs[0m max=[36m99.28ms[0m  p(90)=[36m1.33ms[0m   p(95)=[36m2.65ms[0m   p(99)=[36m11.08ms[0m 
     http_req_sending[2m...............:[0m avg=[36m42.58µs[0m  min=[36m8.01µs[0m  med=[36m31.72µs[0m  max=[36m170.88µs[0m p(90)=[36m88.84µs[0m  p(95)=[36m102.79µs[0m p(99)=[36m122.04µs[0m
     http_req_tls_handshaking[2m.......:[0m avg=[36m0s[0m       min=[36m0s[0m      med=[36m0s[0m       max=[36m0s[0m       p(90)=[36m0s[0m       p(95)=[36m0s[0m       p(99)=[36m0s[0m      
     http_req_waiting[2m...............:[0m avg=[36m96.37ms[0m  min=[36m5.06ms[0m  med=[36m12.3ms[0m   max=[36m6.54s[0m    p(90)=[36m117.04ms[0m p(95)=[36m330.95ms[0m p(99)=[36m1.67s[0m   
     http_reqs[2m......................:[0m [36m341[0m     [36;2m1.243107/s[0m
     [32m✓[0m { feature:auth }[2m.............:[0m [36m9[0m       [36;2m0.032809/s[0m
     [32m✓[0m { feature:board }[2m............:[0m [36m34[0m      [36;2m0.123946/s[0m
     [32m✓[0m { feature:chat }[2m.............:[0m [36m31[0m      [36;2m0.11301/s[0m
     [32m✓[0m { feature:comment }[2m..........:[0m [36m62[0m      [36;2m0.22602/s[0m
     [32m✓[0m { feature:friend }[2m...........:[0m [36m7[0m       [36;2m0.025518/s[0m
     [32m✓[0m { feature:hot }[2m..............:[0m [36m34[0m      [36;2m0.123946/s[0m
     [32m✓[0m { feature:mypage }[2m...........:[0m [36m2[0m       [36;2m0.007291/s[0m
     [32m✓[0m { feature:notification }[2m.....:[0m [36m8[0m       [36;2m0.029164/s[0m
     [32m✓[0m { feature:post }[2m.............:[0m [36m141[0m     [36;2m0.514012/s[0m
     [32m✓[0m { feature:reaction }[2m.........:[0m [36m8[0m       [36;2m0.029164/s[0m
     [32m✓[0m { feature:school }[2m...........:[0m [36m1[0m       [36;2m0.003645/s[0m
     [32m✓[0m { feature:scrap }[2m............:[0m [36m3[0m       [36;2m0.010936/s[0m
     [32m✓[0m { feature:timetable }[2m........:[0m [36m1[0m       [36;2m0.003645/s[0m
     [32m✓[0m { op:auth }[2m..................:[0m [36m9[0m       [36;2m0.032809/s[0m
     [32m✓[0m { op:read }[2m..................:[0m [36m312[0m     [36;2m1.137388/s[0m
     [32m✓[0m { op:write }[2m.................:[0m [36m20[0m      [36;2m0.07291/s[0m
     [32m✓[0m { page:0 }[2m...................:[0m [36m21[0m      [36;2m0.076555/s[0m
     [32m✓[0m { page:1 }[2m...................:[0m [36m6[0m       [36;2m0.021873/s[0m
     [32m✓[0m { page:2 }[2m...................:[0m [36m4[0m       [36;2m0.014582/s[0m
     [32m✓[0m { page:3 }[2m...................:[0m [36m1[0m       [36;2m0.003645/s[0m
     [32m✓[0m { page:4 }[2m...................:[0m [36m2[0m       [36;2m0.007291/s[0m
     [32m✓[0m { phase:measure }[2m............:[0m [36m68[0m      [36;2m0.247892/s[0m
     [32m✓[0m { phase:rampdown }[2m...........:[0m [36m173[0m     [36;2m0.630667/s[0m
     [32m✓[0m { phase:warmup }[2m.............:[0m [36m100[0m     [36;2m0.364548/s[0m
     iteration_duration[2m.............:[0m avg=[36m9.94s[0m    min=[36m1.29s[0m   med=[36m7.9s[0m     max=[36m27.88s[0m   p(90)=[36m18.34s[0m   p(95)=[36m19.98s[0m   p(99)=[36m25.29s[0m  
     iterations[2m.....................:[0m [36m78[0m      [36;2m0.284347/s[0m
     [32m✓[0m { phase:measure }[2m............:[0m [36m0[0m       [36;2m0/s[0m
     [32m✓[0m { phase:rampdown }[2m...........:[0m [36m0[0m       [36;2m0/s[0m
     [32m✓[0m { phase:warmup }[2m.............:[0m [36m0[0m       [36;2m0/s[0m
     phase_iterations[2m...............:[0m [36m78[0m      [36;2m0.284347/s[0m
     [32m✓[0m { phase:measure }[2m............:[0m [36m14[0m      [36;2m0.051037/s[0m
     [32m✓[0m { phase:rampdown }[2m...........:[0m [36m41[0m      [36;2m0.149465/s[0m
     [32m✓[0m { phase:warmup }[2m.............:[0m [36m23[0m      [36;2m0.083846/s[0m
     vus[2m............................:[0m [36m1[0m       [36;2mmin=0[0m      [36;2mmax=5[0m
     vus_max[2m........................:[0m [36m5[0m       [36;2mmin=5[0m      [36;2mmax=5[0m
     ws_connecting[2m..................:[0m avg=[36m56.73ms[0m  min=[36m5.47ms[0m  med=[36m56.73ms[0m  max=[36m107.98ms[0m p(90)=[36m97.73ms[0m  p(95)=[36m102.85ms[0m p(99)=[36m106.95ms[0m
     ws_msgs_received[2m...............:[0m [36m18[0m      [36;2m0.065619/s[0m
     ws_msgs_sent[2m...................:[0m [36m20[0m      [36;2m0.07291/s[0m
     ws_session_duration[2m............:[0m avg=[36m22.92s[0m   min=[36m18.05s[0m  med=[36m22.92s[0m   max=[36m27.79s[0m   p(90)=[36m26.81s[0m   p(95)=[36m27.3s[0m    p(99)=[36m27.69s[0m  
     ws_sessions[2m....................:[0m [36m2[0m       [36;2m0.007291/s[0m
running (4m34.3s), 0/5 VUs, 78 complete and 0 interrupted iterations
normal_day ✓ [ 100% ] 0/5 VUs  4m30s
time="2026-08-19T07:03:38Z" level=error msg="thresholds on metrics 'http_req_duration{op:read,phase:measure}' have been crossed"
  호스트(Windows) 53표본 · CPU 24.9% (max 42.5) · 주파수 90.3% (min 69.0) · 대기스레드 11.58 · 가용메모리 5110MB
  부하 중 벤치(warmup +40초, 3회 중앙값) · single 5249ms (유휴 대비 7.6%) · parallel 4518ms (유휴 대비 -17.3%) · ctxswitch 2392ms (유휴 대비 7.3%)

⚠ k6 종료 코드 99 (threshold 미달 가능) — 수집은 계속합니다.


  실행 후 상태 sha256:ca3dccfcdfad — chat_messages.count +16, chat_messages.maxId +16, scraps.count +3, scraps.maxId +3, posts.sumScrapCount +3 (외 10개)
    (지문 제외 항목: posts.sumViewCount +92, daily_hot_post.count +50)
Prometheus 스크레이프 대기 20초...

══════════════════════════════════════════════════════════════════════════
  Performance Report — normal-day   Run #89   ❌ FAIL
══════════════════════════════════════════════════════════════════════════
  환경 perf  |  브랜치 personal/localdocs  |  커밋 3e96d946  |  빌드 local
  시작 2026-08-19 15:59:03 KST  |  수행 4m 34s  |  VU max 5
  데이터셋 medium  |  부하 ramping-vus 0→5@2m0s→5@30s→0@2m0s

  ── 성능 (measure 구간) ─────────────────────────────────────────
  평균 90ms      P95 396ms     P99 1.69s    
  RPS  2.3       TPS 0.47      오류율 0.00%

  ── 인프라 ────────────────────────────────────────────────────────
  CPU  0.24 core (한계의 12%)   throttled 0.0%
  Heap 598 MB (58%)   GC max 14ms × 0회
  DB   slow 24  QPS 243.6  풀 0%  대기 0
  Redis hit 96.2%  ops 21.6/s  evicted 0

  ── 회귀 ──────────────────────────────────────────────────────────
  ⚠  기준선으로 쓸 수 있는 과거 실행이 없어 상대 비교를 생략했습니다 (절대 게이트만 적용).
     · normal-day-2026-08-19T06-51-15 — 부하 프로파일: ramping-vus 0→200@3m0s→200@5m0s→0@2m0s → ramping-vus 0→5@2m0s→5@30s→0@2m0s; 측정 구간 설계: steady-state · warmup 180s · measure 300s · rampdown 120s · gate:measure → steady-state · warmup 120s · measure 30s · rampdown 120s · gate:measure
     · normal-day-2026-08-19T06-38-45 — 부하 프로파일: ramping-vus 0→200@3m0s→200@5m0s→0@2m0s → ramping-vus 0→5@2m0s→5@30s→0@2m0s; 측정 구간 설계: steady-state · warmup 180s · measure 300s · rampdown 120s · gate:measure → steady-state · warmup 120s · measure 30s · rampdown 120s · gate:measure
     · normal-day-2026-08-19T06-26-18 — 부하 프로파일: ramping-vus 0→200@3m0s→200@5m0s→0@2m0s → ramping-vus 0→5@2m0s→5@30s→0@2m0s; 측정 구간 설계: steady-state · warmup 180s · measure 300s · rampdown 120s · gate:measure → steady-state · warmup 120s · measure 30s · rampdown 120s · gate:measure

  ── 병목 가설 ─────────────────────────────────────────────────────
  • HTTP 요청당 쿼리 수 과다
    요청 1건당 평균 107.5개 쿼리가 실행됐다. N+1 패턴 가능성이 높다.
  • Slow Query 다발
    요청 1000건당 353.0건의 slow query(>100ms). 인덱스 또는 쿼리 계획 점검 대상.

  보고서 : reports\runs\normal-day-2026-08-19T07-03-38\report.html
  Grafana(전체 실행): http://localhost:3001/d/htd-perf-overview/highteenday-performance-overview?from=1787122623728&to=1787123138041
  Grafana(measure) : http://localhost:3001/d/htd-perf-overview/highteenday-performance-overview?from=1787122743728&to=1787123013728
══════════════════════════════════════════════════════════════════════════

게이트 회귀 감지 — 기준을 넘은 지표가 있습니다.
