
▶ k6 run scenarios/normal-day.js
  브랜치 personal/localdocs · 커밋 3e96d9463207 · 실행자 user@DESKTOP-DJJPASG
  환경 perf · "P1 calibration RATE=5 open model"
  데이터셋 medium · 상태 sha256:2fae183ac38a (146ms)
  캐시 warm (키 1,076개)
  guard strict — 상태 불일치 시 스냅샷 복원 후 재확인 [perf.config.json]
    guard=strict — 스냅샷으로 복원합니다.
▶ 복원 — medium-20260816-062210 → perf-mysql-data-medium
  앱·MySQL 정지
  MySQL 기동
  Redis FLUSHALL (복원 후 캐시는 cold 다)
  앱 기동
  복원 후 상태 지문 sha256:ffe696d17416 = 스냅샷 일치

✅ 복원 완료 · 소요 5.5초 (압축 해제 구간)

  부하 발생기: 컨테이너 perf-k6 (grafana/k6:2.1.0, CPU 상한 4)
  k6 지표 전송: http://prometheus:9090/api/v1/write (native histogram, 5s 간격)
  환경 대조 벤치 실행 중(3축 3회, 약 40초)... single 4944ms · parallel 6636ms · ctxswitch 2238ms
  ⚠ 부하 중 벤치 생략 — 벤치 시점을 정할 수 없음 — warmup 120초 이상을 --warmup 으로 주거나 --loadbench-at <초> 로 직접 지정

         /\      Grafana   /‾‾/  
    /\  /  \     |\  __   /  /   
   /  \/    \    | |/ /  /   ‾‾\ 
  /          \   |   (  |  (‾)  |
 / __________ \  |_|\_\  \_____/ 


     execution: local
        script: scenarios/normal-day.js
        output: Prometheus remote write (http://prometheus:9090/api/v1/write)

     scenarios: (100.00%) 1 scenario, 600 max VUs, 5m30s max duration (incl. graceful stop):
              * normal_day: Up to 5.00 iterations/s for 5m0s over 3 stages (maxVUs: 100-600, gracefulStop: 30s)


running (0m00.9s), 000/100 VUs, 0 complete and 0 interrupted iterations
normal_day   [   0% ] 000/100 VUs  0m00.9s/5m0s  0.20 iters/s

running (0m01.9s), 000/100 VUs, 0 complete and 0 interrupted iterations
normal_day   [   1% ] 000/100 VUs  0m01.9s/5m0s  0.20 iters/s

running (0m02.9s), 000/100 VUs, 0 complete and 0 interrupted iterations
normal_day   [   1% ] 000/100 VUs  0m02.9s/5m0s  0.20 iters/s

running (0m03.9s), 000/100 VUs, 0 complete and 0 interrupted iterations
normal_day   [   1% ] 000/100 VUs  0m03.9s/5m0s  0.20 iters/s

running (0m04.9s), 000/100 VUs, 0 complete and 0 interrupted iterations
normal_day   [   2% ] 000/100 VUs  0m04.9s/5m0s  0.20 iters/s

running (0m05.9s), 001/100 VUs, 0 complete and 0 interrupted iterations
normal_day   [   2% ] 001/100 VUs  0m05.9s/5m0s  0.49 iters/s

running (0m06.9s), 001/100 VUs, 0 complete and 0 interrupted iterations
normal_day   [   2% ] 001/100 VUs  0m06.9s/5m0s  0.49 iters/s

running (0m07.9s), 002/100 VUs, 0 complete and 0 interrupted iterations
normal_day   [   3% ] 002/100 VUs  0m07.9s/5m0s  0.64 iters/s

running (0m08.9s), 003/100 VUs, 0 complete and 0 interrupted iterations
normal_day   [   3% ] 003/100 VUs  0m08.9s/5m0s  0.76 iters/s

running (0m09.9s), 004/100 VUs, 0 complete and 0 interrupted iterations
normal_day   [   3% ] 004/100 VUs  0m09.9s/5m0s  0.86 iters/s

running (0m10.9s), 004/100 VUs, 0 complete and 0 interrupted iterations
normal_day   [   4% ] 004/100 VUs  0m10.9s/5m0s  0.86 iters/s

running (0m11.9s), 005/100 VUs, 0 complete and 0 interrupted iterations
normal_day   [   4% ] 005/100 VUs  0m11.9s/5m0s  0.96 iters/s

running (0m12.9s), 005/100 VUs, 1 complete and 0 interrupted iterations
normal_day   [   4% ] 005/100 VUs  0m12.9s/5m0s  1.04 iters/s

running (0m13.9s), 006/100 VUs, 2 complete and 0 interrupted iterations
normal_day   [   5% ] 006/100 VUs  0m13.9s/5m0s  1.19 iters/s

running (0m14.9s), 007/100 VUs, 2 complete and 0 interrupted iterations
normal_day   [   5% ] 007/100 VUs  0m14.9s/5m0s  1.26 iters/s

running (0m15.9s), 008/100 VUs, 2 complete and 0 interrupted iterations
normal_day   [   5% ] 008/100 VUs  0m15.9s/5m0s  1.32 iters/s

running (0m16.9s), 008/100 VUs, 3 complete and 0 interrupted iterations
normal_day   [   6% ] 008/100 VUs  0m16.9s/5m0s  1.38 iters/s

running (0m17.9s), 009/100 VUs, 4 complete and 0 interrupted iterations
normal_day   [   6% ] 009/100 VUs  0m17.9s/5m0s  1.50 iters/s

running (0m18.9s), 008/100 VUs, 6 complete and 0 interrupted iterations
normal_day   [   6% ] 008/100 VUs  0m18.9s/5m0s  1.55 iters/s

running (0m19.9s), 010/100 VUs, 6 complete and 0 interrupted iterations
normal_day   [   7% ] 010/100 VUs  0m19.9s/5m0s  1.66 iters/s

running (0m20.9s), 012/100 VUs, 6 complete and 0 interrupted iterations
normal_day   [   7% ] 012/100 VUs  0m20.9s/5m0s  1.76 iters/s

running (0m21.9s), 013/100 VUs, 6 complete and 0 interrupted iterations
normal_day   [   7% ] 013/100 VUs  0m21.9s/5m0s  1.80 iters/s

running (0m22.9s), 014/100 VUs, 7 complete and 0 interrupted iterations
normal_day   [   8% ] 014/100 VUs  0m22.9s/5m0s  1.89 iters/s

running (0m23.9s), 016/100 VUs, 7 complete and 0 interrupted iterations
normal_day   [   8% ] 016/100 VUs  0m23.9s/5m0s  1.98 iters/s

running (0m24.9s), 018/100 VUs, 7 complete and 0 interrupted iterations
normal_day   [   8% ] 018/100 VUs  0m24.9s/5m0s  2.06 iters/s

running (0m25.9s), 019/100 VUs, 8 complete and 0 interrupted iterations
normal_day   [   9% ] 019/100 VUs  0m25.9s/5m0s  2.14 iters/s

running (0m26.9s), 021/100 VUs, 9 complete and 0 interrupted iterations
normal_day   [   9% ] 021/100 VUs  0m26.9s/5m0s  2.25 iters/s

running (0m27.9s), 020/100 VUs, 12 complete and 0 interrupted iterations
normal_day   [   9% ] 020/100 VUs  0m27.9s/5m0s  2.33 iters/s

running (0m28.9s), 022/100 VUs, 12 complete and 0 interrupted iterations
normal_day   [  10% ] 022/100 VUs  0m28.9s/5m0s  2.40 iters/s

running (0m29.9s), 025/100 VUs, 12 complete and 0 interrupted iterations
normal_day   [  10% ] 025/100 VUs  0m29.9s/5m0s  2.50 iters/s

running (0m30.9s), 026/100 VUs, 13 complete and 0 interrupted iterations
normal_day   [  10% ] 026/100 VUs  0m30.9s/5m0s  2.57 iters/s

running (0m31.9s), 029/100 VUs, 13 complete and 0 interrupted iterations
normal_day   [  11% ] 029/100 VUs  0m31.9s/5m0s  2.66 iters/s

running (0m32.9s), 031/100 VUs, 14 complete and 0 interrupted iterations
normal_day   [  11% ] 031/100 VUs  0m32.9s/5m0s  2.75 iters/s

running (0m33.9s), 033/100 VUs, 14 complete and 0 interrupted iterations
normal_day   [  11% ] 033/100 VUs  0m33.9s/5m0s  2.81 iters/s

running (0m34.9s), 035/100 VUs, 15 complete and 0 interrupted iterations
normal_day   [  12% ] 035/100 VUs  0m34.9s/5m0s  2.90 iters/s

running (0m35.9s), 034/100 VUs, 19 complete and 0 interrupted iterations
normal_day   [  12% ] 034/100 VUs  0m35.9s/5m0s  2.99 iters/s

running (0m36.9s), 037/100 VUs, 19 complete and 0 interrupted iterations
normal_day   [  12% ] 037/100 VUs  0m36.9s/5m0s  3.07 iters/s

running (0m37.9s), 038/100 VUs, 21 complete and 0 interrupted iterations
normal_day   [  13% ] 038/100 VUs  0m37.9s/5m0s  3.15 iters/s

running (0m38.9s), 038/100 VUs, 24 complete and 0 interrupted iterations
normal_day   [  13% ] 038/100 VUs  0m38.9s/5m0s  3.23 iters/s

running (0m39.9s), 040/100 VUs, 26 complete and 0 interrupted iterations
normal_day   [  13% ] 040/100 VUs  0m39.9s/5m0s  3.33 iters/s

running (0m40.9s), 041/100 VUs, 28 complete and 0 interrupted iterations
normal_day   [  14% ] 041/100 VUs  0m40.9s/5m0s  3.40 iters/s

running (0m41.9s), 044/100 VUs, 29 complete and 0 interrupted iterations
normal_day   [  14% ] 044/100 VUs  0m41.9s/5m0s  3.50 iters/s

running (0m42.9s), 045/100 VUs, 31 complete and 0 interrupted iterations
normal_day   [  14% ] 045/100 VUs  0m42.9s/5m0s  3.57 iters/s

running (0m43.9s), 048/100 VUs, 32 complete and 0 interrupted iterations
normal_day   [  15% ] 048/100 VUs  0m43.9s/5m0s  3.66 iters/s

running (0m44.9s), 050/100 VUs, 33 complete and 0 interrupted iterations
normal_day   [  15% ] 050/100 VUs  0m44.9s/5m0s  3.73 iters/s

running (0m45.9s), 052/100 VUs, 35 complete and 0 interrupted iterations
normal_day   [  15% ] 052/100 VUs  0m45.9s/5m0s  3.82 iters/s

running (0m46.9s), 056/100 VUs, 35 complete and 0 interrupted iterations
normal_day   [  16% ] 056/100 VUs  0m46.9s/5m0s  3.91 iters/s

running (0m47.9s), 058/100 VUs, 37 complete and 0 interrupted iterations
normal_day   [  16% ] 058/100 VUs  0m47.9s/5m0s  3.99 iters/s

running (0m48.9s), 061/100 VUs, 38 complete and 0 interrupted iterations
normal_day   [  16% ] 061/100 VUs  0m48.9s/5m0s  4.07 iters/s

running (0m49.9s), 065/100 VUs, 38 complete and 0 interrupted iterations
normal_day   [  17% ] 065/100 VUs  0m49.9s/5m0s  4.15 iters/s

running (0m50.9s), 067/100 VUs, 40 complete and 0 interrupted iterations
normal_day   [  17% ] 067/100 VUs  0m50.9s/5m0s  4.23 iters/s

running (0m51.9s), 069/100 VUs, 43 complete and 0 interrupted iterations
normal_day   [  17% ] 069/100 VUs  0m51.9s/5m0s  4.33 iters/s

running (0m52.9s), 073/100 VUs, 43 complete and 0 interrupted iterations
normal_day   [  18% ] 073/100 VUs  0m52.9s/5m0s  4.41 iters/s

running (0m53.9s), 077/100 VUs, 43 complete and 0 interrupted iterations
normal_day   [  18% ] 077/100 VUs  0m53.9s/5m0s  4.48 iters/s

running (0m54.9s), 082/100 VUs, 43 complete and 0 interrupted iterations
normal_day   [  18% ] 082/100 VUs  0m54.9s/5m0s  4.57 iters/s

running (0m55.9s), 085/100 VUs, 45 complete and 0 interrupted iterations
normal_day   [  19% ] 085/100 VUs  0m55.9s/5m0s  4.66 iters/s

running (0m56.9s), 086/100 VUs, 48 complete and 0 interrupted iterations
normal_day   [  19% ] 086/100 VUs  0m56.9s/5m0s  4.73 iters/s

running (0m57.9s), 089/100 VUs, 50 complete and 0 interrupted iterations
normal_day   [  19% ] 089/100 VUs  0m57.9s/5m0s  4.82 iters/s

running (0m58.9s), 088/100 VUs, 56 complete and 0 interrupted iterations
normal_day   [  20% ] 088/100 VUs  0m58.9s/5m0s  4.91 iters/s

running (0m59.9s), 089/100 VUs, 60 complete and 0 interrupted iterations
normal_day   [  20% ] 089/100 VUs  0m59.9s/5m0s  4.99 iters/s

running (1m00.9s), 090/100 VUs, 64 complete and 0 interrupted iterations
normal_day   [  20% ] 090/100 VUs  1m00.9s/5m0s  5.00 iters/s

running (1m01.9s), 086/100 VUs, 73 complete and 0 interrupted iterations
normal_day   [  21% ] 086/100 VUs  1m01.9s/5m0s  5.00 iters/s

running (1m02.9s), 084/100 VUs, 80 complete and 0 interrupted iterations
normal_day   [  21% ] 084/100 VUs  1m02.9s/5m0s  5.00 iters/s

running (1m03.9s), 082/100 VUs, 87 complete and 0 interrupted iterations
normal_day   [  21% ] 082/100 VUs  1m03.9s/5m0s  5.00 iters/s

running (1m04.9s), 077/100 VUs, 97 complete and 0 interrupted iterations
normal_day   [  22% ] 077/100 VUs  1m04.9s/5m0s  5.00 iters/s

running (1m05.9s), 079/100 VUs, 100 complete and 0 interrupted iterations
normal_day   [  22% ] 079/100 VUs  1m05.9s/5m0s  5.00 iters/s

running (1m06.9s), 077/100 VUs, 107 complete and 0 interrupted iterations
normal_day   [  22% ] 077/100 VUs  1m06.9s/5m0s  5.00 iters/s

running (1m07.9s), 080/100 VUs, 109 complete and 0 interrupted iterations
normal_day   [  23% ] 080/100 VUs  1m07.9s/5m0s  5.00 iters/s

running (1m08.9s), 080/100 VUs, 114 complete and 0 interrupted iterations
normal_day   [  23% ] 080/100 VUs  1m08.9s/5m0s  5.00 iters/s

running (1m09.9s), 081/100 VUs, 118 complete and 0 interrupted iterations
normal_day   [  23% ] 081/100 VUs  1m09.9s/5m0s  5.00 iters/s

running (1m10.9s), 082/100 VUs, 122 complete and 0 interrupted iterations
normal_day   [  24% ] 082/100 VUs  1m10.9s/5m0s  5.00 iters/s

running (1m11.9s), 082/100 VUs, 127 complete and 0 interrupted iterations
normal_day   [  24% ] 082/100 VUs  1m11.9s/5m0s  5.00 iters/s

running (1m12.9s), 080/100 VUs, 134 complete and 0 interrupted iterations
normal_day   [  24% ] 080/100 VUs  1m12.9s/5m0s  5.00 iters/s

running (1m13.9s), 082/100 VUs, 137 complete and 0 interrupted iterations
normal_day   [  25% ] 082/100 VUs  1m13.9s/5m0s  5.00 iters/s

running (1m14.9s), 084/100 VUs, 140 complete and 0 interrupted iterations
normal_day   [  25% ] 084/100 VUs  1m14.9s/5m0s  5.00 iters/s

running (1m15.9s), 088/100 VUs, 141 complete and 0 interrupted iterations
normal_day   [  25% ] 088/100 VUs  1m15.9s/5m0s  5.00 iters/s

running (1m16.9s), 091/100 VUs, 143 complete and 0 interrupted iterations
normal_day   [  26% ] 091/100 VUs  1m16.9s/5m0s  5.00 iters/s

running (1m17.9s), 094/100 VUs, 145 complete and 0 interrupted iterations
normal_day   [  26% ] 094/100 VUs  1m17.9s/5m0s  5.00 iters/s

running (1m18.9s), 095/100 VUs, 149 complete and 0 interrupted iterations
normal_day   [  26% ] 095/100 VUs  1m18.9s/5m0s  5.00 iters/s

running (1m19.9s), 097/100 VUs, 152 complete and 0 interrupted iterations
normal_day   [  27% ] 097/100 VUs  1m19.9s/5m0s  5.00 iters/s

running (1m20.9s), 095/100 VUs, 159 complete and 0 interrupted iterations
normal_day   [  27% ] 095/100 VUs  1m20.9s/5m0s  5.00 iters/s

running (1m21.9s), 096/100 VUs, 163 complete and 0 interrupted iterations
normal_day   [  27% ] 096/100 VUs  1m21.9s/5m0s  5.00 iters/s

running (1m22.9s), 094/100 VUs, 170 complete and 0 interrupted iterations
normal_day   [  28% ] 094/100 VUs  1m22.9s/5m0s  5.00 iters/s

running (1m23.9s), 096/100 VUs, 173 complete and 0 interrupted iterations
normal_day   [  28% ] 096/100 VUs  1m23.9s/5m0s  5.00 iters/s

running (1m24.9s), 089/100 VUs, 185 complete and 0 interrupted iterations
normal_day   [  28% ] 089/100 VUs  1m24.9s/5m0s  5.00 iters/s

running (1m25.9s), 091/100 VUs, 188 complete and 0 interrupted iterations
normal_day   [  29% ] 091/100 VUs  1m25.9s/5m0s  5.00 iters/s

running (1m26.9s), 094/100 VUs, 190 complete and 0 interrupted iterations
normal_day   [  29% ] 094/100 VUs  1m26.9s/5m0s  5.00 iters/s

running (1m27.9s), 098/100 VUs, 191 complete and 0 interrupted iterations
normal_day   [  29% ] 098/100 VUs  1m27.9s/5m0s  5.00 iters/s

running (1m28.9s), 100/101 VUs, 193 complete and 0 interrupted iterations
normal_day   [  30% ] 100/101 VUs  1m28.9s/5m0s  5.00 iters/s

running (1m29.9s), 101/102 VUs, 196 complete and 0 interrupted iterations
normal_day   [  30% ] 101/102 VUs  1m29.9s/5m0s  5.00 iters/s

running (1m30.9s), 101/102 VUs, 201 complete and 0 interrupted iterations
normal_day   [  30% ] 101/102 VUs  1m30.9s/5m0s  5.00 iters/s

running (1m31.9s), 102/102 VUs, 205 complete and 0 interrupted iterations
normal_day   [  31% ] 102/102 VUs  1m31.9s/5m0s  5.00 iters/s

running (1m32.9s), 102/103 VUs, 209 complete and 0 interrupted iterations
normal_day   [  31% ] 102/103 VUs  1m32.9s/5m0s  5.00 iters/s

running (1m33.9s), 104/104 VUs, 211 complete and 0 interrupted iterations
normal_day   [  31% ] 104/104 VUs  1m33.9s/5m0s  5.00 iters/s

running (1m34.9s), 106/107 VUs, 211 complete and 0 interrupted iterations
normal_day   [  32% ] 106/107 VUs  1m34.9s/5m0s  5.00 iters/s

running (1m35.9s), 108/109 VUs, 212 complete and 0 interrupted iterations
normal_day   [  32% ] 108/109 VUs  1m35.9s/5m0s  5.00 iters/s

running (1m36.9s), 110/110 VUs, 214 complete and 0 interrupted iterations
normal_day   [  32% ] 110/110 VUs  1m36.9s/5m0s  5.00 iters/s

running (1m37.9s), 112/113 VUs, 214 complete and 0 interrupted iterations
normal_day   [  33% ] 112/113 VUs  1m37.9s/5m0s  5.00 iters/s

running (1m38.9s), 113/114 VUs, 217 complete and 0 interrupted iterations
normal_day   [  33% ] 113/114 VUs  1m38.9s/5m0s  5.00 iters/s

running (1m39.9s), 114/115 VUs, 220 complete and 0 interrupted iterations
normal_day   [  33% ] 114/115 VUs  1m39.9s/5m0s  5.00 iters/s

running (1m40.9s), 113/115 VUs, 226 complete and 0 interrupted iterations
normal_day   [  34% ] 113/115 VUs  1m40.9s/5m0s  5.00 iters/s

running (1m41.9s), 112/115 VUs, 232 complete and 0 interrupted iterations
normal_day   [  34% ] 112/115 VUs  1m41.9s/5m0s  5.00 iters/s

running (1m42.9s), 112/115 VUs, 237 complete and 0 interrupted iterations
normal_day   [  34% ] 112/115 VUs  1m42.9s/5m0s  5.00 iters/s

running (1m43.9s), 114/116 VUs, 239 complete and 0 interrupted iterations
normal_day   [  35% ] 114/116 VUs  1m43.9s/5m0s  5.00 iters/s

running (1m44.9s), 115/116 VUs, 243 complete and 0 interrupted iterations
normal_day   [  35% ] 115/116 VUs  1m44.9s/5m0s  5.00 iters/s

running (1m45.9s), 115/117 VUs, 247 complete and 0 interrupted iterations
normal_day   [  35% ] 115/117 VUs  1m45.9s/5m0s  5.00 iters/s

running (1m46.9s), 117/117 VUs, 250 complete and 0 interrupted iterations
normal_day   [  36% ] 117/117 VUs  1m46.9s/5m0s  5.00 iters/s

running (1m47.9s), 117/118 VUs, 254 complete and 0 interrupted iterations
normal_day   [  36% ] 117/118 VUs  1m47.9s/5m0s  5.00 iters/s

running (1m48.9s), 118/119 VUs, 257 complete and 0 interrupted iterations
normal_day   [  36% ] 118/119 VUs  1m48.9s/5m0s  5.00 iters/s

running (1m49.9s), 116/120 VUs, 263 complete and 0 interrupted iterations
normal_day   [  37% ] 116/120 VUs  1m49.9s/5m0s  5.00 iters/s

running (1m50.9s), 116/120 VUs, 268 complete and 0 interrupted iterations
normal_day   [  37% ] 116/120 VUs  1m50.9s/5m0s  5.00 iters/s

running (1m51.9s), 118/120 VUs, 271 complete and 0 interrupted iterations
normal_day   [  37% ] 118/120 VUs  1m51.9s/5m0s  5.00 iters/s

running (1m52.9s), 120/121 VUs, 273 complete and 0 interrupted iterations
normal_day   [  38% ] 120/121 VUs  1m52.9s/5m0s  5.00 iters/s

running (1m53.9s), 122/123 VUs, 274 complete and 0 interrupted iterations
normal_day   [  38% ] 122/123 VUs  1m53.9s/5m0s  5.00 iters/s

running (1m54.9s), 121/123 VUs, 280 complete and 0 interrupted iterations
normal_day   [  38% ] 121/123 VUs  1m54.9s/5m0s  5.00 iters/s

running (1m55.9s), 121/123 VUs, 285 complete and 0 interrupted iterations
normal_day   [  39% ] 121/123 VUs  1m55.9s/5m0s  5.00 iters/s

running (1m56.9s), 124/125 VUs, 285 complete and 0 interrupted iterations
normal_day   [  39% ] 124/125 VUs  1m56.9s/5m0s  5.00 iters/s

running (1m57.9s), 126/127 VUs, 286 complete and 0 interrupted iterations
normal_day   [  39% ] 126/127 VUs  1m57.9s/5m0s  5.00 iters/s

running (1m58.9s), 128/128 VUs, 288 complete and 0 interrupted iterations
normal_day   [  40% ] 128/128 VUs  1m58.9s/5m0s  5.00 iters/s

running (1m59.9s), 128/129 VUs, 292 complete and 0 interrupted iterations
normal_day   [  40% ] 128/129 VUs  1m59.9s/5m0s  5.00 iters/s

running (2m00.9s), 127/129 VUs, 298 complete and 0 interrupted iterations
normal_day   [  40% ] 127/129 VUs  2m00.9s/5m0s  5.00 iters/s

running (2m01.9s), 129/130 VUs, 300 complete and 0 interrupted iterations
normal_day   [  41% ] 129/130 VUs  2m01.9s/5m0s  5.00 iters/s

running (2m02.9s), 130/131 VUs, 303 complete and 0 interrupted iterations
normal_day   [  41% ] 130/131 VUs  2m02.9s/5m0s  5.00 iters/s

running (2m03.9s), 131/132 VUs, 306 complete and 0 interrupted iterations
normal_day   [  41% ] 131/132 VUs  2m03.9s/5m0s  5.00 iters/s

running (2m04.9s), 132/132 VUs, 310 complete and 0 interrupted iterations
normal_day   [  42% ] 132/132 VUs  2m04.9s/5m0s  5.00 iters/s

running (2m05.9s), 133/134 VUs, 312 complete and 0 interrupted iterations
normal_day   [  42% ] 133/134 VUs  2m05.9s/5m0s  5.00 iters/s

running (2m06.9s), 136/136 VUs, 312 complete and 0 interrupted iterations
normal_day   [  42% ] 136/136 VUs  2m06.9s/5m0s  5.00 iters/s

running (2m07.9s), 137/139 VUs, 313 complete and 0 interrupted iterations
normal_day   [  43% ] 137/139 VUs  2m07.9s/5m0s  5.00 iters/s

running (2m08.9s), 138/139 VUs, 317 complete and 0 interrupted iterations
normal_day   [  43% ] 138/139 VUs  2m08.9s/5m0s  5.00 iters/s

running (2m09.9s), 138/140 VUs, 321 complete and 0 interrupted iterations
normal_day   [  43% ] 138/140 VUs  2m09.9s/5m0s  5.00 iters/s

running (2m10.9s), 135/140 VUs, 329 complete and 0 interrupted iterations
normal_day   [  44% ] 135/140 VUs  2m10.9s/5m0s  5.00 iters/s

running (2m11.9s), 138/140 VUs, 331 complete and 0 interrupted iterations
normal_day   [  44% ] 138/140 VUs  2m11.9s/5m0s  5.00 iters/s

running (2m12.9s), 140/141 VUs, 333 complete and 0 interrupted iterations
normal_day   [  44% ] 140/141 VUs  2m12.9s/5m0s  5.00 iters/s

running (2m13.9s), 140/141 VUs, 338 complete and 0 interrupted iterations
normal_day   [  45% ] 140/141 VUs  2m13.9s/5m0s  5.00 iters/s

running (2m14.9s), 136/141 VUs, 347 complete and 0 interrupted iterations
normal_day   [  45% ] 136/141 VUs  2m14.9s/5m0s  5.00 iters/s

running (2m15.9s), 139/141 VUs, 349 complete and 0 interrupted iterations
normal_day   [  45% ] 139/141 VUs  2m15.9s/5m0s  5.00 iters/s

running (2m16.9s), 141/142 VUs, 351 complete and 0 interrupted iterations
normal_day   [  46% ] 141/142 VUs  2m16.9s/5m0s  5.00 iters/s

running (2m17.9s), 144/144 VUs, 351 complete and 0 interrupted iterations
normal_day   [  46% ] 144/144 VUs  2m17.9s/5m0s  5.00 iters/s

running (2m18.9s), 145/145 VUs, 354 complete and 0 interrupted iterations
normal_day   [  46% ] 145/145 VUs  2m18.9s/5m0s  5.00 iters/s

running (2m19.9s), 146/147 VUs, 356 complete and 0 interrupted iterations
normal_day   [  47% ] 146/147 VUs  2m19.9s/5m0s  5.00 iters/s

running (2m20.9s), 149/149 VUs, 356 complete and 0 interrupted iterations
normal_day   [  47% ] 149/149 VUs  2m20.9s/5m0s  5.00 iters/s

running (2m21.9s), 151/152 VUs, 356 complete and 0 interrupted iterations
normal_day   [  47% ] 151/152 VUs  2m21.9s/5m0s  5.00 iters/s

running (2m22.9s), 154/154 VUs, 356 complete and 0 interrupted iterations
normal_day   [  48% ] 154/154 VUs  2m22.9s/5m0s  5.00 iters/s

running (2m23.9s), 156/156 VUs, 357 complete and 0 interrupted iterations
normal_day   [  48% ] 156/156 VUs  2m23.9s/5m0s  5.00 iters/s

running (2m24.9s), 157/157 VUs, 360 complete and 0 interrupted iterations
normal_day   [  48% ] 157/157 VUs  2m24.9s/5m0s  5.00 iters/s

running (2m25.9s), 155/158 VUs, 366 complete and 0 interrupted iterations
normal_day   [  49% ] 155/158 VUs  2m25.9s/5m0s  5.00 iters/s

running (2m26.9s), 149/158 VUs, 377 complete and 0 interrupted iterations
normal_day   [  49% ] 149/158 VUs  2m26.9s/5m0s  5.00 iters/s

running (2m27.9s), 146/158 VUs, 385 complete and 0 interrupted iterations
normal_day   [  49% ] 146/158 VUs  2m27.9s/5m0s  5.00 iters/s

running (2m28.9s), 143/158 VUs, 393 complete and 0 interrupted iterations
normal_day   [  50% ] 143/158 VUs  2m28.9s/5m0s  5.00 iters/s

running (2m29.9s), 138/158 VUs, 403 complete and 0 interrupted iterations
normal_day   [  50% ] 138/158 VUs  2m29.9s/5m0s  5.00 iters/s

running (2m30.9s), 135/158 VUs, 411 complete and 0 interrupted iterations
normal_day   [  50% ] 135/158 VUs  2m30.9s/5m0s  5.00 iters/s

running (2m31.9s), 129/158 VUs, 422 complete and 0 interrupted iterations
normal_day   [  51% ] 129/158 VUs  2m31.9s/5m0s  5.00 iters/s

running (2m32.9s), 122/158 VUs, 434 complete and 0 interrupted iterations
normal_day   [  51% ] 122/158 VUs  2m32.9s/5m0s  5.00 iters/s

running (2m33.9s), 119/158 VUs, 442 complete and 0 interrupted iterations
normal_day   [  51% ] 119/158 VUs  2m33.9s/5m0s  5.00 iters/s

running (2m34.9s), 123/158 VUs, 443 complete and 0 interrupted iterations
normal_day   [  52% ] 123/158 VUs  2m34.9s/5m0s  5.00 iters/s

running (2m35.9s), 127/158 VUs, 444 complete and 0 interrupted iterations
normal_day   [  52% ] 127/158 VUs  2m35.9s/5m0s  5.00 iters/s

running (2m36.9s), 131/158 VUs, 445 complete and 0 interrupted iterations
normal_day   [  52% ] 131/158 VUs  2m36.9s/5m0s  5.00 iters/s

running (2m37.9s), 134/158 VUs, 447 complete and 0 interrupted iterations
normal_day   [  53% ] 134/158 VUs  2m37.9s/5m0s  5.00 iters/s

running (2m38.9s), 139/158 VUs, 447 complete and 0 interrupted iterations
normal_day   [  53% ] 139/158 VUs  2m38.9s/5m0s  5.00 iters/s

running (2m39.9s), 143/158 VUs, 448 complete and 0 interrupted iterations
normal_day   [  53% ] 143/158 VUs  2m39.9s/5m0s  5.00 iters/s

running (2m40.9s), 145/158 VUs, 451 complete and 0 interrupted iterations
normal_day   [  54% ] 145/158 VUs  2m40.9s/5m0s  5.00 iters/s

running (2m41.9s), 147/158 VUs, 454 complete and 0 interrupted iterations
normal_day   [  54% ] 147/158 VUs  2m41.9s/5m0s  5.00 iters/s

running (2m42.9s), 147/158 VUs, 459 complete and 0 interrupted iterations
normal_day   [  54% ] 147/158 VUs  2m42.9s/5m0s  5.00 iters/s

running (2m43.9s), 144/158 VUs, 467 complete and 0 interrupted iterations
normal_day   [  55% ] 144/158 VUs  2m43.9s/5m0s  5.00 iters/s

running (2m44.9s), 147/158 VUs, 469 complete and 0 interrupted iterations
normal_day   [  55% ] 147/158 VUs  2m44.9s/5m0s  5.00 iters/s

running (2m45.9s), 149/158 VUs, 472 complete and 0 interrupted iterations
normal_day   [  55% ] 149/158 VUs  2m45.9s/5m0s  5.00 iters/s

running (2m46.9s), 149/158 VUs, 477 complete and 0 interrupted iterations
normal_day   [  56% ] 149/158 VUs  2m46.9s/5m0s  5.00 iters/s

running (2m47.9s), 152/158 VUs, 479 complete and 0 interrupted iterations
normal_day   [  56% ] 152/158 VUs  2m47.9s/5m0s  5.00 iters/s

running (2m48.9s), 155/158 VUs, 481 complete and 0 interrupted iterations
normal_day   [  56% ] 155/158 VUs  2m48.9s/5m0s  5.00 iters/s

running (2m49.9s), 158/158 VUs, 483 complete and 0 interrupted iterations
normal_day   [  57% ] 158/158 VUs  2m49.9s/5m0s  5.00 iters/s

running (2m50.9s), 157/160 VUs, 487 complete and 0 interrupted iterations
normal_day   [  57% ] 157/160 VUs  2m50.9s/5m0s  5.00 iters/s

running (2m51.9s), 158/160 VUs, 491 complete and 0 interrupted iterations
normal_day   [  57% ] 158/160 VUs  2m51.9s/5m0s  5.00 iters/s

running (2m52.9s), 153/160 VUs, 501 complete and 0 interrupted iterations
normal_day   [  58% ] 153/160 VUs  2m52.9s/5m0s  5.00 iters/s

running (2m53.9s), 154/160 VUs, 505 complete and 0 interrupted iterations
normal_day   [  58% ] 154/160 VUs  2m53.9s/5m0s  5.00 iters/s

running (2m54.9s), 154/160 VUs, 510 complete and 0 interrupted iterations
normal_day   [  58% ] 154/160 VUs  2m54.9s/5m0s  5.00 iters/s

running (2m55.9s), 157/160 VUs, 512 complete and 0 interrupted iterations
normal_day   [  59% ] 157/160 VUs  2m55.9s/5m0s  5.00 iters/s

running (2m56.9s), 161/161 VUs, 512 complete and 0 interrupted iterations
normal_day   [  59% ] 161/161 VUs  2m56.9s/5m0s  5.00 iters/s

running (2m57.9s), 162/162 VUs, 515 complete and 0 interrupted iterations
normal_day   [  59% ] 162/162 VUs  2m57.9s/5m0s  5.00 iters/s

running (2m58.9s), 164/164 VUs, 516 complete and 0 interrupted iterations
normal_day   [  60% ] 164/164 VUs  2m58.9s/5m0s  5.00 iters/s

running (2m59.9s), 165/165 VUs, 519 complete and 0 interrupted iterations
normal_day   [  60% ] 165/165 VUs  2m59.9s/5m0s  5.00 iters/s

running (3m00.9s), 167/168 VUs, 519 complete and 0 interrupted iterations
normal_day   [  60% ] 167/168 VUs  3m00.9s/5m0s  4.96 iters/s

running (3m01.9s), 168/169 VUs, 522 complete and 0 interrupted iterations
normal_day   [  61% ] 168/169 VUs  3m01.9s/5m0s  4.92 iters/s

running (3m02.9s), 171/171 VUs, 522 complete and 0 interrupted iterations
normal_day   [  61% ] 171/171 VUs  3m02.9s/5m0s  4.88 iters/s

running (3m03.9s), 170/172 VUs, 527 complete and 0 interrupted iterations
normal_day   [  61% ] 170/172 VUs  3m03.9s/5m0s  4.83 iters/s

running (3m04.9s), 172/173 VUs, 528 complete and 0 interrupted iterations
normal_day   [  62% ] 172/173 VUs  3m04.9s/5m0s  4.80 iters/s

running (3m05.9s), 171/173 VUs, 534 complete and 0 interrupted iterations
normal_day   [  62% ] 171/173 VUs  3m05.9s/5m0s  4.76 iters/s

running (3m06.9s), 172/173 VUs, 538 complete and 0 interrupted iterations
normal_day   [  62% ] 172/173 VUs  3m06.9s/5m0s  4.71 iters/s

running (3m07.9s), 172/174 VUs, 542 complete and 0 interrupted iterations
normal_day   [  63% ] 172/174 VUs  3m07.9s/5m0s  4.67 iters/s

running (3m08.9s), 175/175 VUs, 542 complete and 0 interrupted iterations
normal_day   [  63% ] 175/175 VUs  3m08.9s/5m0s  4.63 iters/s

running (3m09.9s), 172/176 VUs, 549 complete and 0 interrupted iterations
normal_day   [  63% ] 172/176 VUs  3m09.9s/5m0s  4.59 iters/s

running (3m10.9s), 173/176 VUs, 552 complete and 0 interrupted iterations
normal_day   [  64% ] 173/176 VUs  3m10.9s/5m0s  4.55 iters/s

running (3m11.9s), 175/177 VUs, 554 complete and 0 interrupted iterations
normal_day   [  64% ] 175/177 VUs  3m11.9s/5m0s  4.50 iters/s

running (3m12.9s), 177/178 VUs, 555 complete and 0 interrupted iterations
normal_day   [  64% ] 177/178 VUs  3m12.9s/5m0s  4.47 iters/s

running (3m13.9s), 179/180 VUs, 556 complete and 0 interrupted iterations
normal_day   [  65% ] 179/180 VUs  3m13.9s/5m0s  4.42 iters/s

running (3m14.9s), 180/182 VUs, 557 complete and 0 interrupted iterations
normal_day   [  65% ] 180/182 VUs  3m14.9s/5m0s  4.38 iters/s

running (3m15.9s), 181/183 VUs, 560 complete and 0 interrupted iterations
normal_day   [  65% ] 181/183 VUs  3m15.9s/5m0s  4.33 iters/s

running (3m16.9s), 184/184 VUs, 560 complete and 0 interrupted iterations
normal_day   [  66% ] 184/184 VUs  3m16.9s/5m0s  4.30 iters/s

running (3m17.9s), 185/186 VUs, 561 complete and 0 interrupted iterations
normal_day   [  66% ] 185/186 VUs  3m17.9s/5m0s  4.26 iters/s

running (3m18.9s), 186/188 VUs, 562 complete and 0 interrupted iterations
normal_day   [  66% ] 186/188 VUs  3m18.9s/5m0s  4.22 iters/s

running (3m19.9s), 189/190 VUs, 562 complete and 0 interrupted iterations
normal_day   [  67% ] 189/190 VUs  3m19.9s/5m0s  4.17 iters/s

running (3m20.9s), 191/191 VUs, 563 complete and 0 interrupted iterations
normal_day   [  67% ] 191/191 VUs  3m20.9s/5m0s  4.13 iters/s

running (3m21.9s), 192/193 VUs, 564 complete and 0 interrupted iterations
normal_day   [  67% ] 192/193 VUs  3m21.9s/5m0s  4.09 iters/s

running (3m22.9s), 193/194 VUs, 566 complete and 0 interrupted iterations
normal_day   [  68% ] 193/194 VUs  3m22.9s/5m0s  4.05 iters/s

running (3m23.9s), 193/194 VUs, 570 complete and 0 interrupted iterations
normal_day   [  68% ] 193/194 VUs  3m23.9s/5m0s  4.01 iters/s

running (3m24.9s), 195/195 VUs, 571 complete and 0 interrupted iterations
normal_day   [  68% ] 195/195 VUs  3m24.9s/5m0s  3.96 iters/s

running (3m25.9s), 197/197 VUs, 571 complete and 0 interrupted iterations
normal_day   [  69% ] 197/197 VUs  3m25.9s/5m0s  3.92 iters/s

running (3m26.9s), 198/199 VUs, 572 complete and 0 interrupted iterations
normal_day   [  69% ] 198/199 VUs  3m26.9s/5m0s  3.88 iters/s

running (3m27.9s), 198/199 VUs, 576 complete and 0 interrupted iterations
normal_day   [  69% ] 198/199 VUs  3m27.9s/5m0s  3.84 iters/s

running (3m28.9s), 195/199 VUs, 582 complete and 0 interrupted iterations
normal_day   [  70% ] 195/199 VUs  3m28.9s/5m0s  3.80 iters/s

running (3m29.9s), 192/199 VUs, 589 complete and 0 interrupted iterations
normal_day   [  70% ] 192/199 VUs  3m29.9s/5m0s  3.76 iters/s

running (3m30.9s), 190/199 VUs, 595 complete and 0 interrupted iterations
normal_day   [  70% ] 190/199 VUs  3m30.9s/5m0s  3.71 iters/s

running (3m31.9s), 182/199 VUs, 607 complete and 0 interrupted iterations
normal_day   [  71% ] 182/199 VUs  3m31.9s/5m0s  3.67 iters/s

running (3m32.9s), 179/199 VUs, 613 complete and 0 interrupted iterations
normal_day   [  71% ] 179/199 VUs  3m32.9s/5m0s  3.63 iters/s

running (3m33.9s), 178/199 VUs, 618 complete and 0 interrupted iterations
normal_day   [  71% ] 178/199 VUs  3m33.9s/5m0s  3.59 iters/s

running (3m34.9s), 180/199 VUs, 620 complete and 0 interrupted iterations
normal_day   [  72% ] 180/199 VUs  3m34.9s/5m0s  3.54 iters/s

running (3m35.9s), 180/199 VUs, 623 complete and 0 interrupted iterations
normal_day   [  72% ] 180/199 VUs  3m35.9s/5m0s  3.51 iters/s

running (3m36.9s), 178/199 VUs, 629 complete and 0 interrupted iterations
normal_day   [  72% ] 178/199 VUs  3m36.9s/5m0s  3.46 iters/s

running (3m37.9s), 177/199 VUs, 633 complete and 0 interrupted iterations
normal_day   [  73% ] 177/199 VUs  3m37.9s/5m0s  3.42 iters/s

running (3m38.9s), 174/199 VUs, 639 complete and 0 interrupted iterations
normal_day   [  73% ] 174/199 VUs  3m38.9s/5m0s  3.39 iters/s

running (3m39.9s), 175/199 VUs, 642 complete and 0 interrupted iterations
normal_day   [  73% ] 175/199 VUs  3m39.9s/5m0s  3.34 iters/s

running (3m40.9s), 169/199 VUs, 651 complete and 0 interrupted iterations
normal_day   [  74% ] 169/199 VUs  3m40.9s/5m0s  3.30 iters/s

running (3m41.9s), 169/199 VUs, 654 complete and 0 interrupted iterations
normal_day   [  74% ] 169/199 VUs  3m41.9s/5m0s  3.26 iters/s

running (3m42.9s), 172/199 VUs, 655 complete and 0 interrupted iterations
normal_day   [  74% ] 172/199 VUs  3m42.9s/5m0s  3.21 iters/s

running (3m43.9s), 175/199 VUs, 655 complete and 0 interrupted iterations
normal_day   [  75% ] 175/199 VUs  3m43.9s/5m0s  3.17 iters/s

running (3m44.9s), 177/199 VUs, 656 complete and 0 interrupted iterations
normal_day   [  75% ] 177/199 VUs  3m44.9s/5m0s  3.13 iters/s

running (3m45.9s), 175/199 VUs, 661 complete and 0 interrupted iterations
normal_day   [  75% ] 175/199 VUs  3m45.9s/5m0s  3.09 iters/s

running (3m46.9s), 175/199 VUs, 664 complete and 0 interrupted iterations
normal_day   [  76% ] 175/199 VUs  3m46.9s/5m0s  3.05 iters/s

running (3m47.9s), 176/199 VUs, 666 complete and 0 interrupted iterations
normal_day   [  76% ] 176/199 VUs  3m47.9s/5m0s  3.01 iters/s

running (3m48.9s), 177/199 VUs, 668 complete and 0 interrupted iterations
normal_day   [  76% ] 177/199 VUs  3m48.9s/5m0s  2.97 iters/s

running (3m49.9s), 178/199 VUs, 670 complete and 0 interrupted iterations
normal_day   [  77% ] 178/199 VUs  3m49.9s/5m0s  2.92 iters/s

running (3m50.9s), 180/199 VUs, 671 complete and 0 interrupted iterations
normal_day   [  77% ] 180/199 VUs  3m50.9s/5m0s  2.88 iters/s

running (3m51.9s), 177/199 VUs, 677 complete and 0 interrupted iterations
normal_day   [  77% ] 177/199 VUs  3m51.9s/5m0s  2.84 iters/s

running (3m52.9s), 177/199 VUs, 680 complete and 0 interrupted iterations
normal_day   [  78% ] 177/199 VUs  3m52.9s/5m0s  2.79 iters/s

running (3m53.9s), 172/199 VUs, 687 complete and 0 interrupted iterations
normal_day   [  78% ] 172/199 VUs  3m53.9s/5m0s  2.76 iters/s

running (3m54.9s), 167/199 VUs, 695 complete and 0 interrupted iterations
normal_day   [  78% ] 167/199 VUs  3m54.9s/5m0s  2.72 iters/s

running (3m55.9s), 165/199 VUs, 700 complete and 0 interrupted iterations
normal_day   [  79% ] 165/199 VUs  3m55.9s/5m0s  2.67 iters/s

running (3m56.9s), 161/199 VUs, 706 complete and 0 interrupted iterations
normal_day   [  79% ] 161/199 VUs  3m56.9s/5m0s  2.64 iters/s

running (3m57.9s), 158/199 VUs, 712 complete and 0 interrupted iterations
normal_day   [  79% ] 158/199 VUs  3m57.9s/5m0s  2.59 iters/s

running (3m58.9s), 157/199 VUs, 716 complete and 0 interrupted iterations
normal_day   [  80% ] 157/199 VUs  3m58.9s/5m0s  2.54 iters/s

running (3m59.9s), 155/199 VUs, 720 complete and 0 interrupted iterations
normal_day   [  80% ] 155/199 VUs  3m59.9s/5m0s  2.51 iters/s

running (4m00.9s), 158/199 VUs, 720 complete and 0 interrupted iterations
normal_day   [  80% ] 158/199 VUs  4m00.9s/5m0s  2.46 iters/s

running (4m01.9s), 160/199 VUs, 720 complete and 0 interrupted iterations
normal_day   [  81% ] 160/199 VUs  4m01.9s/5m0s  2.42 iters/s

running (4m02.9s), 160/199 VUs, 722 complete and 0 interrupted iterations
normal_day   [  81% ] 160/199 VUs  4m02.9s/5m0s  2.39 iters/s

running (4m03.9s), 162/199 VUs, 723 complete and 0 interrupted iterations
normal_day   [  81% ] 162/199 VUs  4m03.9s/5m0s  2.34 iters/s

running (4m04.9s), 164/199 VUs, 723 complete and 0 interrupted iterations
normal_day   [  82% ] 164/199 VUs  4m04.9s/5m0s  2.30 iters/s

running (4m05.9s), 163/199 VUs, 726 complete and 0 interrupted iterations
normal_day   [  82% ] 163/199 VUs  4m05.9s/5m0s  2.26 iters/s

running (4m06.9s), 164/199 VUs, 728 complete and 0 interrupted iterations
normal_day   [  82% ] 164/199 VUs  4m06.9s/5m0s  2.21 iters/s

running (4m07.9s), 163/199 VUs, 731 complete and 0 interrupted iterations
normal_day   [  83% ] 163/199 VUs  4m07.9s/5m0s  2.17 iters/s

running (4m08.9s), 162/199 VUs, 734 complete and 0 interrupted iterations
normal_day   [  83% ] 162/199 VUs  4m08.9s/5m0s  2.13 iters/s

running (4m09.9s), 156/199 VUs, 742 complete and 0 interrupted iterations
normal_day   [  83% ] 156/199 VUs  4m09.9s/5m0s  2.09 iters/s

running (4m10.9s), 153/199 VUs, 747 complete and 0 interrupted iterations
normal_day   [  84% ] 153/199 VUs  4m10.9s/5m0s  2.05 iters/s

running (4m11.9s), 151/199 VUs, 751 complete and 0 interrupted iterations
normal_day   [  84% ] 151/199 VUs  4m11.9s/5m0s  2.01 iters/s

running (4m12.9s), 149/199 VUs, 755 complete and 0 interrupted iterations
normal_day   [  84% ] 149/199 VUs  4m12.9s/5m0s  1.97 iters/s

running (4m13.9s), 149/199 VUs, 757 complete and 0 interrupted iterations
normal_day   [  85% ] 149/199 VUs  4m13.9s/5m0s  1.93 iters/s

running (4m14.9s), 148/199 VUs, 760 complete and 0 interrupted iterations
normal_day   [  85% ] 148/199 VUs  4m14.9s/5m0s  1.88 iters/s

running (4m15.9s), 140/199 VUs, 770 complete and 0 interrupted iterations
normal_day   [  85% ] 140/199 VUs  4m15.9s/5m0s  1.84 iters/s

running (4m16.9s), 140/199 VUs, 772 complete and 0 interrupted iterations
normal_day   [  86% ] 140/199 VUs  4m16.9s/5m0s  1.79 iters/s

running (4m17.9s), 136/199 VUs, 778 complete and 0 interrupted iterations
normal_day   [  86% ] 136/199 VUs  4m17.9s/5m0s  1.74 iters/s

running (4m18.9s), 135/199 VUs, 780 complete and 0 interrupted iterations
normal_day   [  86% ] 135/199 VUs  4m18.9s/5m0s  1.72 iters/s

running (4m19.9s), 134/199 VUs, 783 complete and 0 interrupted iterations
normal_day   [  87% ] 134/199 VUs  4m19.9s/5m0s  1.67 iters/s

running (4m20.9s), 127/199 VUs, 792 complete and 0 interrupted iterations
normal_day   [  87% ] 127/199 VUs  4m20.9s/5m0s  1.62 iters/s

running (4m21.9s), 125/199 VUs, 795 complete and 0 interrupted iterations
normal_day   [  87% ] 125/199 VUs  4m21.9s/5m0s  1.59 iters/s

running (4m22.9s), 125/199 VUs, 797 complete and 0 interrupted iterations
normal_day   [  88% ] 125/199 VUs  4m22.9s/5m0s  1.54 iters/s

running (4m23.9s), 121/199 VUs, 802 complete and 0 interrupted iterations
normal_day   [  88% ] 121/199 VUs  4m23.9s/5m0s  1.51 iters/s

running (4m24.9s), 121/199 VUs, 804 complete and 0 interrupted iterations
normal_day   [  88% ] 121/199 VUs  4m24.9s/5m0s  1.46 iters/s

running (4m25.9s), 119/199 VUs, 807 complete and 0 interrupted iterations
normal_day   [  89% ] 119/199 VUs  4m25.9s/5m0s  1.43 iters/s

running (4m26.9s), 109/199 VUs, 819 complete and 0 interrupted iterations
normal_day   [  89% ] 109/199 VUs  4m26.9s/5m0s  1.37 iters/s

running (4m27.9s), 101/199 VUs, 828 complete and 0 interrupted iterations
normal_day   [  89% ] 101/199 VUs  4m27.9s/5m0s  1.34 iters/s

running (4m28.9s), 100/199 VUs, 830 complete and 0 interrupted iterations
normal_day   [  90% ] 100/199 VUs  4m28.9s/5m0s  1.31 iters/s

running (4m29.9s), 099/199 VUs, 833 complete and 0 interrupted iterations
normal_day   [  90% ] 099/199 VUs  4m29.9s/5m0s  1.24 iters/s

running (4m30.9s), 097/199 VUs, 836 complete and 0 interrupted iterations
normal_day   [  90% ] 097/199 VUs  4m30.9s/5m0s  1.21 iters/s

running (4m31.9s), 098/199 VUs, 836 complete and 0 interrupted iterations
normal_day   [  91% ] 098/199 VUs  4m31.9s/5m0s  1.17 iters/s

running (4m32.9s), 097/199 VUs, 838 complete and 0 interrupted iterations
normal_day   [  91% ] 097/199 VUs  4m32.9s/5m0s  1.14 iters/s

running (4m33.9s), 095/199 VUs, 841 complete and 0 interrupted iterations
normal_day   [  91% ] 095/199 VUs  4m33.9s/5m0s  1.10 iters/s

running (4m34.9s), 091/199 VUs, 846 complete and 0 interrupted iterations
normal_day   [  92% ] 091/199 VUs  4m34.9s/5m0s  1.06 iters/s

running (4m35.9s), 082/199 VUs, 856 complete and 0 interrupted iterations
normal_day   [  92% ] 082/199 VUs  4m35.9s/5m0s  1.02 iters/s

running (4m36.9s), 077/199 VUs, 862 complete and 0 interrupted iterations
normal_day   [  92% ] 077/199 VUs  4m36.9s/5m0s  0.98 iters/s

running (4m37.9s), 076/199 VUs, 864 complete and 0 interrupted iterations
normal_day   [  93% ] 076/199 VUs  4m37.9s/5m0s  0.94 iters/s

running (4m38.9s), 072/199 VUs, 869 complete and 0 interrupted iterations
normal_day   [  93% ] 072/199 VUs  4m38.9s/5m0s  0.89 iters/s

running (4m39.9s), 067/199 VUs, 875 complete and 0 interrupted iterations
normal_day   [  93% ] 067/199 VUs  4m39.9s/5m0s  0.84 iters/s

running (4m40.9s), 065/199 VUs, 878 complete and 0 interrupted iterations
normal_day   [  94% ] 065/199 VUs  4m40.9s/5m0s  0.79 iters/s

running (4m41.9s), 057/199 VUs, 887 complete and 0 interrupted iterations
normal_day   [  94% ] 057/199 VUs  4m41.9s/5m0s  0.74 iters/s

running (4m42.9s), 054/199 VUs, 890 complete and 0 interrupted iterations
normal_day   [  94% ] 054/199 VUs  4m42.9s/5m0s  0.74 iters/s

running (4m43.9s), 052/199 VUs, 893 complete and 0 interrupted iterations
normal_day   [  95% ] 052/199 VUs  4m43.9s/5m0s  0.68 iters/s

running (4m44.9s), 050/199 VUs, 896 complete and 0 interrupted iterations
normal_day   [  95% ] 050/199 VUs  4m44.9s/5m0s  0.61 iters/s

running (4m45.9s), 046/199 VUs, 900 complete and 0 interrupted iterations
normal_day   [  95% ] 046/199 VUs  4m45.9s/5m0s  0.61 iters/s

running (4m46.9s), 044/199 VUs, 903 complete and 0 interrupted iterations
normal_day   [  96% ] 044/199 VUs  4m46.9s/5m0s  0.54 iters/s

running (4m47.9s), 041/199 VUs, 906 complete and 0 interrupted iterations
normal_day   [  96% ] 041/199 VUs  4m47.9s/5m0s  0.54 iters/s

running (4m48.9s), 039/199 VUs, 909 complete and 0 interrupted iterations
normal_day   [  96% ] 039/199 VUs  4m48.9s/5m0s  0.45 iters/s

running (4m49.9s), 035/199 VUs, 913 complete and 0 interrupted iterations
normal_day   [  97% ] 035/199 VUs  4m49.9s/5m0s  0.45 iters/s

running (4m50.9s), 035/199 VUs, 914 complete and 0 interrupted iterations
normal_day   [  97% ] 035/199 VUs  4m50.9s/5m0s  0.35 iters/s

running (4m51.9s), 032/199 VUs, 917 complete and 0 interrupted iterations
normal_day   [  97% ] 032/199 VUs  4m51.9s/5m0s  0.35 iters/s

running (4m52.9s), 029/199 VUs, 920 complete and 0 interrupted iterations
normal_day   [  98% ] 029/199 VUs  4m52.9s/5m0s  0.35 iters/s

running (4m53.9s), 029/199 VUs, 921 complete and 0 interrupted iterations
normal_day   [  98% ] 029/199 VUs  4m53.9s/5m0s  0.14 iters/s

running (4m54.8s), 023/199 VUs, 927 complete and 0 interrupted iterations
normal_day   [  98% ] 023/199 VUs  4m54.9s/5m0s  0.14 iters/s

running (4m55.8s), 016/199 VUs, 934 complete and 0 interrupted iterations
normal_day   [  99% ] 016/199 VUs  4m55.9s/5m0s  0.14 iters/s

running (4m56.8s), 010/199 VUs, 940 complete and 0 interrupted iterations
normal_day   [  99% ] 010/199 VUs  4m56.9s/5m0s  0.14 iters/s

running (4m57.8s), 009/199 VUs, 941 complete and 0 interrupted iterations
normal_day   [  99% ] 009/199 VUs  4m57.9s/5m0s  0.14 iters/s

running (4m58.8s), 008/199 VUs, 942 complete and 0 interrupted iterations
normal_day   [ 100% ] 008/199 VUs  4m58.9s/5m0s  0.14 iters/s

running (4m59.8s), 007/199 VUs, 943 complete and 0 interrupted iterations
normal_day   [ 100% ] 007/199 VUs  4m59.9s/5m0s  0.14 iters/s

running (5m00.9s), 006/199 VUs, 944 complete and 0 interrupted iterations
normal_day ↓ [ 100% ] 007/199 VUs  5m0s  0.14 iters/s

running (5m01.8s), 005/199 VUs, 945 complete and 0 interrupted iterations
normal_day ↓ [ 100% ] 007/199 VUs  5m0s  0.14 iters/s

running (5m02.8s), 004/199 VUs, 946 complete and 0 interrupted iterations
normal_day ↓ [ 100% ] 007/199 VUs  5m0s  0.14 iters/s

running (5m03.8s), 004/199 VUs, 946 complete and 0 interrupted iterations
normal_day ↓ [ 100% ] 007/199 VUs  5m0s  0.14 iters/s

running (5m04.8s), 004/199 VUs, 946 complete and 0 interrupted iterations
normal_day ↓ [ 100% ] 007/199 VUs  5m0s  0.14 iters/s

running (5m05.8s), 003/199 VUs, 947 complete and 0 interrupted iterations
normal_day ↓ [ 100% ] 007/199 VUs  5m0s  0.14 iters/s

running (5m06.8s), 003/199 VUs, 947 complete and 0 interrupted iterations
normal_day ↓ [ 100% ] 007/199 VUs  5m0s  0.14 iters/s

running (5m07.8s), 003/199 VUs, 947 complete and 0 interrupted iterations
normal_day ↓ [ 100% ] 007/199 VUs  5m0s  0.14 iters/s

running (5m08.8s), 003/199 VUs, 947 complete and 0 interrupted iterations
normal_day ↓ [ 100% ] 007/199 VUs  5m0s  0.14 iters/s

running (5m09.8s), 001/199 VUs, 949 complete and 0 interrupted iterations
normal_day ↓ [ 100% ] 007/199 VUs  5m0s  0.14 iters/s

running (5m10.8s), 001/199 VUs, 949 complete and 0 interrupted iterations
normal_day ↓ [ 100% ] 007/199 VUs  5m0s  0.14 iters/s
[32m     ✓ login 200[0m
[32m     ✓ post detail 200[0m
[32m     ✓ board list 200[0m
[32m     ✓ hot daily 200[0m
[32m     ✓ scrap 2xx[0m
[32m     ✓ comment create 2xx[0m
[32m     ✓ post list 200[0m
[32m     ✓ user info 200[0m
[32m     ✓ unread count 200[0m
[32m     ✓ my posts 200[0m
[32m     ✓ meal today 200[0m
[32m     ✓ comment list 200[0m
[32m     ✓ timetable today 200[0m
[32m     ✓ post reaction 2xx[0m
[32m     ✓ notif list 200[0m
[32m     ✓ post create 2xx[0m
[32m     ✓ friend list 200[0m
[32m     ✓ chat rooms 200[0m
[32m     ✓ post search 200[0m
[32m     ✓ chat messages 200[0m
[32m     ✓ chat read 200[0m
[32m     ✓ read one 200[0m
[32m     ✓ logout 200[0m
[32m     ✓ post update 200[0m
[32m     ✓ post delete 200[0m
[32m     ✓ ws handshake 101[0m
[32m     ✓ refresh 200[0m
[32m     ✓ received reqs 200[0m
[32m     ✓ comment reaction 200[0m
[32m     ✓ meal month 200[0m
[32m     ✓ read all 200[0m

     auth_token_refreshes[2m...........:[0m [36m7[0m       [36;2m0.022474/s[0m
     chat_ws_messages_sent[2m..........:[0m [36m283[0m     [36;2m0.908599/s[0m
     chat_ws_rtt[2m....................:[0m avg=[36m3.6s[0m    min=[36m23ms[0m     med=[36m2.88s[0m    max=[36m13.54s[0m   p(90)=[36m7.18s[0m   p(95)=[36m9.2s[0m     p(99)=[36m11.66s[0m  
     checks[2m.........................:[0m [36m100.00%[0m [36;2m✓ 4297[0m      [36;2m✗ 0[0m    
     [32m✓[0m { phase:measure }[2m............:[0m [36m100.00%[0m [36;2m✓ 2111[0m      [36;2m✗ 0[0m    
     [32m✓[0m { phase:rampdown }[2m...........:[0m [36m100.00%[0m [36;2m✓ 1738[0m      [36;2m✗ 0[0m    
     [32m✓[0m { phase:warmup }[2m.............:[0m [36m100.00%[0m [36;2m✓ 448[0m       [36;2m✗ 0[0m    
     data_received[2m..................:[0m [36m208 MB[0m  [36;2m666 kB/s[0m
     data_sent[2m......................:[0m [36m1.7 MB[0m  [36;2m5.5 kB/s[0m
     dropped_iterations[2m.............:[0m [36m99[0m      [36;2m0.317849/s[0m
     http_req_blocked[2m...............:[0m avg=[36m38.87µs[0m min=[36m1.95µs[0m   med=[36m6.74µs[0m   max=[36m13.8ms[0m   p(90)=[36m20.5µs[0m  p(95)=[36m101.73µs[0m p(99)=[36m728.53µs[0m
     http_req_connecting[2m............:[0m avg=[36m20.15µs[0m min=[36m0s[0m       med=[36m0s[0m       max=[36m13.59ms[0m  p(90)=[36m0s[0m      p(95)=[36m0s[0m       p(99)=[36m498.35µs[0m
     http_req_duration[2m..............:[0m avg=[36m5.54s[0m   min=[36m3.03ms[0m   med=[36m4.53s[0m    max=[36m47.96s[0m   p(90)=[36m11.67s[0m  p(95)=[36m15.48s[0m   p(99)=[36m21.55s[0m  
       { expected_response:true }[2m...:[0m avg=[36m5.54s[0m   min=[36m3.03ms[0m   med=[36m4.53s[0m    max=[36m47.96s[0m   p(90)=[36m11.67s[0m  p(95)=[36m15.48s[0m   p(99)=[36m21.55s[0m  
     [32m✓[0m { feature:auth }[2m.............:[0m avg=[36m3.45s[0m   min=[36m83.17ms[0m  med=[36m2.72s[0m    max=[36m16.29s[0m   p(90)=[36m7.75s[0m   p(95)=[36m9.81s[0m    p(99)=[36m13.24s[0m  
     [32m✓[0m { feature:board }[2m............:[0m avg=[36m5.12s[0m   min=[36m4.32ms[0m   med=[36m4.59s[0m    max=[36m21.03s[0m   p(90)=[36m10.31s[0m  p(95)=[36m11.96s[0m   p(99)=[36m18.28s[0m  
     [32m✓[0m { feature:chat }[2m.............:[0m avg=[36m5.66s[0m   min=[36m32.27ms[0m  med=[36m4.85s[0m    max=[36m26.18s[0m   p(90)=[36m11.58s[0m  p(95)=[36m13.13s[0m   p(99)=[36m18.59s[0m  
     [32m✓[0m { feature:comment }[2m..........:[0m avg=[36m7.87s[0m   min=[36m4ms[0m      med=[36m6.06s[0m    max=[36m47.96s[0m   p(90)=[36m17.81s[0m  p(95)=[36m20.89s[0m   p(99)=[36m26.68s[0m  
     [32m✓[0m { feature:friend }[2m...........:[0m avg=[36m6.17s[0m   min=[36m284.54ms[0m med=[36m5.89s[0m    max=[36m21.81s[0m   p(90)=[36m11.19s[0m  p(95)=[36m15.42s[0m   p(99)=[36m19.36s[0m  
     [32m✓[0m { feature:hot }[2m..............:[0m avg=[36m5.76s[0m   min=[36m15.69ms[0m  med=[36m5.27s[0m    max=[36m21.79s[0m   p(90)=[36m11.41s[0m  p(95)=[36m13.39s[0m   p(99)=[36m18.73s[0m  
     [32m✓[0m { feature:mypage }[2m...........:[0m avg=[36m5.44s[0m   min=[36m16.78ms[0m  med=[36m4.23s[0m    max=[36m18.99s[0m   p(90)=[36m11.01s[0m  p(95)=[36m11.76s[0m   p(99)=[36m18.55s[0m  
     [32m✓[0m { feature:notification }[2m.....:[0m avg=[36m5.6s[0m    min=[36m14.85ms[0m  med=[36m4.77s[0m    max=[36m23.45s[0m   p(90)=[36m10.93s[0m  p(95)=[36m13.92s[0m   p(99)=[36m18.97s[0m  
     [32m✓[0m { feature:post }[2m.............:[0m avg=[36m4.87s[0m   min=[36m3.03ms[0m   med=[36m3.84s[0m    max=[36m23.62s[0m   p(90)=[36m10.67s[0m  p(95)=[36m12.82s[0m   p(99)=[36m18.6s[0m   
     [32m✓[0m { feature:reaction }[2m.........:[0m avg=[36m5.46s[0m   min=[36m239.81ms[0m med=[36m3.92s[0m    max=[36m18.77s[0m   p(90)=[36m11.47s[0m  p(95)=[36m18.47s[0m   p(99)=[36m18.73s[0m  
     [32m✓[0m { feature:school }[2m...........:[0m avg=[36m4.66s[0m   min=[36m35.44ms[0m  med=[36m3.52s[0m    max=[36m16.57s[0m   p(90)=[36m9.98s[0m   p(95)=[36m10.3s[0m    p(99)=[36m14.27s[0m  
     [32m✓[0m { feature:scrap }[2m............:[0m avg=[36m6.48s[0m   min=[36m97.58ms[0m  med=[36m6.78s[0m    max=[36m12.98s[0m   p(90)=[36m11.8s[0m   p(95)=[36m12.33s[0m   p(99)=[36m12.85s[0m  
     [32m✓[0m { feature:timetable }[2m........:[0m avg=[36m4.25s[0m   min=[36m22.98ms[0m  med=[36m2.01s[0m    max=[36m18.42s[0m   p(90)=[36m11.46s[0m  p(95)=[36m13.68s[0m   p(99)=[36m17.26s[0m  
     [32m✓[0m { op:auth }[2m..................:[0m avg=[36m3.45s[0m   min=[36m83.17ms[0m  med=[36m2.72s[0m    max=[36m16.29s[0m   p(90)=[36m7.75s[0m   p(95)=[36m9.81s[0m    p(99)=[36m13.24s[0m  
     [31m✗[0m { op:read,phase:measure }[2m....:[0m avg=[36m4.93s[0m   min=[36m10.21ms[0m  med=[36m4.02s[0m    max=[36m34.42s[0m   p(90)=[36m9.96s[0m   p(95)=[36m11.96s[0m   p(99)=[36m18.9s[0m   
     [31m✗[0m { op:write,phase:measure }[2m...:[0m avg=[36m4.76s[0m   min=[36m32.27ms[0m  med=[36m3.55s[0m    max=[36m16.52s[0m   p(90)=[36m9.98s[0m   p(95)=[36m11.7s[0m    p(99)=[36m15.4s[0m   
     [32m✓[0m { page:0 }[2m...................:[0m avg=[36m3.45s[0m   min=[36m3.48ms[0m   med=[36m2.38s[0m    max=[36m18.86s[0m   p(90)=[36m7.68s[0m   p(95)=[36m9.35s[0m    p(99)=[36m15.56s[0m  
     [32m✓[0m { page:1 }[2m...................:[0m avg=[36m3.74s[0m   min=[36m53.07ms[0m  med=[36m2.74s[0m    max=[36m18.49s[0m   p(90)=[36m7.73s[0m   p(95)=[36m8.66s[0m    p(99)=[36m15.2s[0m   
     [32m✓[0m { page:2 }[2m...................:[0m avg=[36m3.01s[0m   min=[36m3.03ms[0m   med=[36m2.44s[0m    max=[36m13.91s[0m   p(90)=[36m5.95s[0m   p(95)=[36m7.71s[0m    p(99)=[36m12.62s[0m  
     [32m✓[0m { page:3 }[2m...................:[0m avg=[36m4.02s[0m   min=[36m299.84ms[0m med=[36m2.73s[0m    max=[36m16.04s[0m   p(90)=[36m9.15s[0m   p(95)=[36m10.63s[0m   p(99)=[36m14.77s[0m  
     [32m✓[0m { page:4 }[2m...................:[0m avg=[36m3.39s[0m   min=[36m67.35ms[0m  med=[36m3.36s[0m    max=[36m7.77s[0m    p(90)=[36m7.43s[0m   p(95)=[36m7.62s[0m    p(99)=[36m7.74s[0m   
     [32m✓[0m { phase:measure }[2m............:[0m avg=[36m4.87s[0m   min=[36m10.21ms[0m  med=[36m3.98s[0m    max=[36m34.42s[0m   p(90)=[36m9.87s[0m   p(95)=[36m11.87s[0m   p(99)=[36m18.32s[0m  
     [32m✓[0m { phase:rampdown }[2m...........:[0m avg=[36m7.44s[0m   min=[36m3.03ms[0m   med=[36m6.49s[0m    max=[36m29.88s[0m   p(90)=[36m15.71s[0m  p(95)=[36m18.52s[0m   p(99)=[36m23.22s[0m  
     [32m✓[0m { phase:warmup }[2m.............:[0m avg=[36m2.41s[0m   min=[36m7.5ms[0m    med=[36m1.35s[0m    max=[36m47.96s[0m   p(90)=[36m5.46s[0m   p(95)=[36m7.42s[0m    p(99)=[36m21.75s[0m  
     http_req_failed[2m................:[0m [36m0.00%[0m   [36;2m✓ 0[0m         [36;2m✗ 4252[0m 
     [32m✓[0m { phase:measure }[2m............:[0m [36m0.00%[0m   [36;2m✓ 0[0m         [36;2m✗ 2180[0m 
     [32m✓[0m { phase:rampdown }[2m...........:[0m [36m0.00%[0m   [36;2m✓ 0[0m         [36;2m✗ 1581[0m 
     [32m✓[0m { phase:warmup }[2m.............:[0m [36m0.00%[0m   [36;2m✓ 0[0m         [36;2m✗ 491[0m  
     http_req_receiving[2m.............:[0m avg=[36m3.14ms[0m  min=[36m18.17µs[0m  med=[36m354.43µs[0m max=[36m205.79ms[0m p(90)=[36m1.74ms[0m  p(95)=[36m5.85ms[0m   p(99)=[36m87.34ms[0m 
     http_req_sending[2m...............:[0m avg=[36m59.96µs[0m min=[36m6.53µs[0m   med=[36m38.57µs[0m  max=[36m1.81ms[0m   p(90)=[36m123.3µs[0m p(95)=[36m174.54µs[0m p(99)=[36m286.64µs[0m
     http_req_tls_handshaking[2m.......:[0m avg=[36m0s[0m      min=[36m0s[0m       med=[36m0s[0m       max=[36m0s[0m       p(90)=[36m0s[0m      p(95)=[36m0s[0m       p(99)=[36m0s[0m      
     http_req_waiting[2m...............:[0m avg=[36m5.54s[0m   min=[36m2.9ms[0m    med=[36m4.53s[0m    max=[36m47.95s[0m   p(90)=[36m11.67s[0m  p(95)=[36m15.44s[0m   p(99)=[36m21.5s[0m   
     http_reqs[2m......................:[0m [36m4252[0m    [36;2m13.651455/s[0m
     [32m✓[0m { feature:auth }[2m.............:[0m [36m230[0m     [36;2m0.738437/s[0m
     [32m✓[0m { feature:board }[2m............:[0m [36m378[0m     [36;2m1.213605/s[0m
     [32m✓[0m { feature:chat }[2m.............:[0m [36m314[0m     [36;2m1.008127/s[0m
     [32m✓[0m { feature:comment }[2m..........:[0m [36m729[0m     [36;2m2.340525/s[0m
     [32m✓[0m { feature:friend }[2m...........:[0m [36m71[0m      [36;2m0.227952/s[0m
     [32m✓[0m { feature:hot }[2m..............:[0m [36m378[0m     [36;2m1.213605/s[0m
     [32m✓[0m { feature:mypage }[2m...........:[0m [36m52[0m      [36;2m0.166951/s[0m
     [32m✓[0m { feature:notification }[2m.....:[0m [36m201[0m     [36;2m0.64533/s[0m
     [32m✓[0m { feature:post }[2m.............:[0m [36m1743[0m    [36;2m5.596069/s[0m
     [32m✓[0m { feature:reaction }[2m.........:[0m [36m67[0m      [36;2m0.21511/s[0m
     [32m✓[0m { feature:school }[2m...........:[0m [36m38[0m      [36;2m0.122003/s[0m
     [32m✓[0m { feature:scrap }[2m............:[0m [36m19[0m      [36;2m0.061001/s[0m
     [32m✓[0m { feature:timetable }[2m........:[0m [36m32[0m      [36;2m0.102739/s[0m
     [32m✓[0m { op:auth }[2m..................:[0m [36m230[0m     [36;2m0.738437/s[0m
     [32m✓[0m { op:read }[2m..................:[0m [36m3718[0m    [36;2m11.936997/s[0m
     [32m✓[0m { op:write }[2m.................:[0m [36m304[0m     [36;2m0.976021/s[0m
     [32m✓[0m { page:0 }[2m...................:[0m [36m215[0m     [36;2m0.690278/s[0m
     [32m✓[0m { page:1 }[2m...................:[0m [36m67[0m      [36;2m0.21511/s[0m
     [32m✓[0m { page:2 }[2m...................:[0m [36m40[0m      [36;2m0.128424/s[0m
     [32m✓[0m { page:3 }[2m...................:[0m [36m31[0m      [36;2m0.099528/s[0m
     [32m✓[0m { page:4 }[2m...................:[0m [36m25[0m      [36;2m0.080265/s[0m
     [32m✓[0m { phase:measure }[2m............:[0m [36m2180[0m    [36;2m6.9991/s[0m
     [32m✓[0m { phase:rampdown }[2m...........:[0m [36m1581[0m    [36;2m5.075953/s[0m
     [32m✓[0m { phase:warmup }[2m.............:[0m [36m491[0m     [36;2m1.576403/s[0m
     iteration_duration[2m.............:[0m avg=[36m34.79s[0m  min=[36m1.64s[0m    med=[36m26.42s[0m   max=[36m2m5s[0m     p(90)=[36m1m17s[0m   p(95)=[36m1m29s[0m    p(99)=[36m1m44s[0m   
     iterations[2m.....................:[0m [36m950[0m     [36;2m3.050066/s[0m
     [32m✓[0m { phase:measure }[2m............:[0m [36m0[0m       [36;2m0/s[0m
     [32m✓[0m { phase:rampdown }[2m...........:[0m [36m0[0m       [36;2m0/s[0m
     [32m✓[0m { phase:warmup }[2m.............:[0m [36m0[0m       [36;2m0/s[0m
     phase_iterations[2m...............:[0m [36m950[0m     [36;2m3.050066/s[0m
     [32m✓[0m { phase:measure }[2m............:[0m [36m459[0m     [36;2m1.473664/s[0m
     [32m✓[0m { phase:rampdown }[2m...........:[0m [36m431[0m     [36;2m1.383767/s[0m
     [32m✓[0m { phase:warmup }[2m.............:[0m [36m60[0m      [36;2m0.192636/s[0m
     vus[2m............................:[0m [36m1[0m       [36;2mmin=0[0m       [36;2mmax=198[0m
     vus_max[2m........................:[0m [36m199[0m     [36;2mmin=100[0m     [36;2mmax=199[0m
     ws_connecting[2m..................:[0m avg=[36m5.43s[0m   min=[36m68.6ms[0m   med=[36m3.93s[0m    max=[36m18.89s[0m   p(90)=[36m11.31s[0m  p(95)=[36m17.44s[0m   p(99)=[36m18.85s[0m  
     ws_msgs_received[2m...............:[0m [36m271[0m     [36;2m0.870072/s[0m
     ws_msgs_sent[2m...................:[0m [36m373[0m     [36;2m1.197552/s[0m
     ws_session_duration[2m............:[0m avg=[36m28.76s[0m  min=[36m18.13s[0m   med=[36m29.61s[0m   max=[36m47.22s[0m   p(90)=[36m36.94s[0m  p(95)=[36m38.49s[0m   p(99)=[36m46.59s[0m  
     ws_sessions[2m....................:[0m [36m45[0m      [36;2m0.144477/s[0m
running (5m11.5s), 000/199 VUs, 950 complete and 0 interrupted iterations
normal_day ✓ [ 100% ] 000/199 VUs  5m0s  0.14 iters/s
  호스트(Windows) 294표본 · CPU 29.3% (max 59.4) · 정규화성능 92.3% · vmmem 320.2% · 바쁜코어 —개 · 가용메모리 3223MB
  부하 중 벤치: 없음 (벤치 시점을 정할 수 없음 — warmup 120초 이상을 --warmup 으로 주거나 --loadbench-at <초> 로 직접 지정)

  실행 후 상태 sha256:a8b9307ecfcb — chat_messages.maxId +283, chat_messages.count +281, posts.maxId +45, comments.count +40, comments.maxId +40 (외 13개)
    (지문 제외 항목: posts.sumViewCount +944, daily_hot_post.count +50)
Prometheus 스크레이프 대기 20초...

══════════════════════════════════════════════════════════════════════════
  Performance Report — normal-day   Run #107   ❌ FAIL
══════════════════════════════════════════════════════════════════════════
  환경 perf  |  브랜치 personal/localdocs  |  커밋 3e96d946  |  빌드 local
  시작 2026-08-20 13:21:12 KST  |  수행 5m 12s  |  VU max 199
  데이터셋 medium  |  부하 ramping-arrival-rate 0→5@1m0s→5@2m0s→0@2m0s maxVU 600

  ── 성능 (measure 구간) ─────────────────────────────────────────
  평균 4.88s     P95 11.87s    P99 18.33s   
  RPS  18.2      TPS 3.83      오류율 0.00%

  ── 인프라 ────────────────────────────────────────────────────────
  CPU  2.00 core (한계의 100%)   throttled 100.0%
  Heap 746 MB (73%)   GC max 200ms × 33회
  DB   slow 349  QPS 4,925  풀 100%  대기 105
  Redis hit 98.6%  ops 94.8/s  evicted 0

  ── 회귀 ──────────────────────────────────────────────────────────
  ⚠  기준선으로 쓸 수 있는 과거 실행이 없어 상대 비교를 생략했습니다 (절대 게이트만 적용).
     · normal-day-2026-08-20T04-18-15 — 부하 프로파일: ramping-arrival-rate 0→3@1m0s→3@2m0s→0@2m0s maxVU 600 → ramping-arrival-rate 0→5@1m0s→5@2m0s→0@2m0s maxVU 600
     · normal-day-2026-08-20T02-36-34 — 부하 프로파일: ramping-vus 0→5@2m0s→5@30s→0@2m0s → ramping-arrival-rate 0→5@1m0s→5@2m0s→0@2m0s maxVU 600; 측정 구간 설계: steady-state · warmup 120s · measure 30s · rampdown 120s · gate:measure → steady-state · warmup 60s · measure 120s · rampdown 120s · gate:measure
     · normal-day-2026-08-20T02-23-11 — 부하 프로파일: ramping-vus 0→5@2m0s→5@30s→0@2m0s → ramping-arrival-rate 0→5@1m0s→5@2m0s→0@2m0s maxVU 600; 측정 구간 설계: steady-state · warmup 120s · measure 30s · rampdown 120s · gate:measure → steady-state · warmup 60s · measure 120s · rampdown 120s · gate:measure

  ── 병목 가설 ─────────────────────────────────────────────────────
  • CPU throttling 발생
    cgroup이 CPU를 강제 회수한 주기가 100.0%다. CPU 한계(2 core)를 올리거나 요청당 CPU 사용을 줄여야 p99가 안정된다.
  • DB 커넥션 풀 대기 발생
    최대 105개 스레드가 커넥션을 기다렸다. 풀 크기(10)가 동시성 대비 부족하거나, 커넥션 보유 시간이 긴 쿼리가 있다.
  • DB 커넥션 풀 포화
    풀 사용률이 100%까지 올라갔다. 여유가 거의 없어 부하가 조금만 늘어도 대기가 생긴다.
  • CPU 포화
    CPU 사용이 한계의 100%에 도달했다.

  보고서 : reports\runs\normal-day-2026-08-20T04-26-24\report.html
  Grafana(전체 실행): http://localhost:3001/d/htd-perf-overview/highteenday-performance-overview?from=1787199552992&to=1787200104461
  Grafana(measure) : http://localhost:3001/d/htd-perf-overview/highteenday-performance-overview?from=1787199612992&to=1787199972992
══════════════════════════════════════════════════════════════════════════

