
▶ k6 run scenarios/normal-day.js
  브랜치 personal/localdocs · 커밋 3e96d9463207 · 실행자 user@DESKTOP-DJJPASG
  환경 perf · "P1 calibration RATE=4 open model"
  데이터셋 medium · 상태 sha256:a8b9307ecfcb (151ms)
  캐시 warm (키 1,455개)
  guard strict — 상태 불일치 시 스냅샷 복원 후 재확인 [perf.config.json]
    guard=strict — 스냅샷으로 복원합니다.
▶ 복원 — medium-20260816-062210 → perf-mysql-data-medium
  앱·MySQL 정지
  MySQL 기동
  Redis FLUSHALL (복원 후 캐시는 cold 다)
  앱 기동
  복원 후 상태 지문 sha256:ffe696d17416 = 스냅샷 일치

✅ 복원 완료 · 소요 5.2초 (압축 해제 구간)

  부하 발생기: 컨테이너 perf-k6 (grafana/k6:2.1.0, CPU 상한 4)
  k6 지표 전송: http://prometheus:9090/api/v1/write (native histogram, 5s 간격)
  환경 대조 벤치 실행 중(3축 3회, 약 40초)... single 5036ms · parallel 7129ms · ctxswitch 2201ms
  ⚠ 부하 중 벤치 생략 — 벤치 시점을 정할 수 없음 — warmup 120초 이상을 --warmup 으로 주거나 --loadbench-at <초> 로 직접 지정

         /\      Grafana   /‾‾/  
    /\  /  \     |\  __   /  /   
   /  \/    \    | |/ /  /   ‾‾\ 
  /          \   |   (  |  (‾)  |
 / __________ \  |_|\_\  \_____/ 


     execution: local
        script: scenarios/normal-day.js
        output: Prometheus remote write (http://prometheus:9090/api/v1/write)

     scenarios: (100.00%) 1 scenario, 600 max VUs, 5m30s max duration (incl. graceful stop):
              * normal_day: Up to 4.00 iterations/s for 5m0s over 3 stages (maxVUs: 100-600, gracefulStop: 30s)


running (0m00.9s), 000/100 VUs, 0 complete and 0 interrupted iterations
normal_day   [   0% ] 000/100 VUs  0m00.9s/5m0s  0.18 iters/s

running (0m01.9s), 000/100 VUs, 0 complete and 0 interrupted iterations
normal_day   [   1% ] 000/100 VUs  0m01.9s/5m0s  0.18 iters/s

running (0m02.9s), 000/100 VUs, 0 complete and 0 interrupted iterations
normal_day   [   1% ] 000/100 VUs  0m02.9s/5m0s  0.18 iters/s

running (0m03.9s), 000/100 VUs, 0 complete and 0 interrupted iterations
normal_day   [   1% ] 000/100 VUs  0m03.9s/5m0s  0.18 iters/s

running (0m04.9s), 000/100 VUs, 0 complete and 0 interrupted iterations
normal_day   [   2% ] 000/100 VUs  0m04.9s/5m0s  0.18 iters/s

running (0m05.9s), 001/100 VUs, 0 complete and 0 interrupted iterations
normal_day   [   2% ] 001/100 VUs  0m05.9s/5m0s  0.44 iters/s

running (0m06.9s), 001/100 VUs, 0 complete and 0 interrupted iterations
normal_day   [   2% ] 001/100 VUs  0m06.9s/5m0s  0.44 iters/s

running (0m07.9s), 002/100 VUs, 0 complete and 0 interrupted iterations
normal_day   [   3% ] 002/100 VUs  0m07.9s/5m0s  0.57 iters/s

running (0m08.9s), 002/100 VUs, 0 complete and 0 interrupted iterations
normal_day   [   3% ] 002/100 VUs  0m08.9s/5m0s  0.57 iters/s

running (0m09.9s), 002/100 VUs, 1 complete and 0 interrupted iterations
normal_day   [   3% ] 002/100 VUs  0m09.9s/5m0s  0.68 iters/s

running (0m10.9s), 002/100 VUs, 1 complete and 0 interrupted iterations
normal_day   [   4% ] 002/100 VUs  0m10.9s/5m0s  0.68 iters/s

running (0m11.9s), 003/100 VUs, 1 complete and 0 interrupted iterations
normal_day   [   4% ] 003/100 VUs  0m11.9s/5m0s  0.77 iters/s

running (0m12.9s), 003/100 VUs, 2 complete and 0 interrupted iterations
normal_day   [   4% ] 003/100 VUs  0m12.9s/5m0s  0.86 iters/s

running (0m13.9s), 004/100 VUs, 2 complete and 0 interrupted iterations
normal_day   [   5% ] 004/100 VUs  0m13.9s/5m0s  0.93 iters/s

running (0m14.9s), 005/100 VUs, 2 complete and 0 interrupted iterations
normal_day   [   5% ] 005/100 VUs  0m14.9s/5m0s  1.00 iters/s

running (0m15.9s), 005/100 VUs, 3 complete and 0 interrupted iterations
normal_day   [   5% ] 005/100 VUs  0m15.9s/5m0s  1.06 iters/s

running (0m16.9s), 005/100 VUs, 4 complete and 0 interrupted iterations
normal_day   [   6% ] 005/100 VUs  0m16.9s/5m0s  1.13 iters/s

running (0m17.9s), 005/100 VUs, 5 complete and 0 interrupted iterations
normal_day   [   6% ] 005/100 VUs  0m17.9s/5m0s  1.18 iters/s

running (0m18.9s), 006/100 VUs, 5 complete and 0 interrupted iterations
normal_day   [   6% ] 006/100 VUs  0m18.9s/5m0s  1.24 iters/s

running (0m19.9s), 008/100 VUs, 5 complete and 0 interrupted iterations
normal_day   [   7% ] 008/100 VUs  0m19.9s/5m0s  1.34 iters/s

running (0m20.9s), 009/100 VUs, 5 complete and 0 interrupted iterations
normal_day   [   7% ] 009/100 VUs  0m20.9s/5m0s  1.39 iters/s

running (0m21.9s), 007/100 VUs, 8 complete and 0 interrupted iterations
normal_day   [   7% ] 007/100 VUs  0m21.9s/5m0s  1.44 iters/s

running (0m22.9s), 009/100 VUs, 8 complete and 0 interrupted iterations
normal_day   [   8% ] 009/100 VUs  0m22.9s/5m0s  1.53 iters/s

running (0m23.9s), 010/100 VUs, 9 complete and 0 interrupted iterations
normal_day   [   8% ] 010/100 VUs  0m23.9s/5m0s  1.61 iters/s

running (0m24.9s), 010/100 VUs, 10 complete and 0 interrupted iterations
normal_day   [   8% ] 010/100 VUs  0m24.9s/5m0s  1.65 iters/s

running (0m25.9s), 012/100 VUs, 10 complete and 0 interrupted iterations
normal_day   [   9% ] 012/100 VUs  0m25.9s/5m0s  1.73 iters/s

running (0m26.9s), 014/100 VUs, 10 complete and 0 interrupted iterations
normal_day   [   9% ] 014/100 VUs  0m26.9s/5m0s  1.81 iters/s

running (0m27.9s), 014/100 VUs, 11 complete and 0 interrupted iterations
normal_day   [   9% ] 014/100 VUs  0m27.9s/5m0s  1.84 iters/s

running (0m28.9s), 015/100 VUs, 12 complete and 0 interrupted iterations
normal_day   [  10% ] 015/100 VUs  0m28.9s/5m0s  1.91 iters/s

running (0m29.9s), 016/100 VUs, 13 complete and 0 interrupted iterations
normal_day   [  10% ] 016/100 VUs  0m29.9s/5m0s  1.98 iters/s

running (0m30.9s), 017/100 VUs, 14 complete and 0 interrupted iterations
normal_day   [  10% ] 017/100 VUs  0m30.9s/5m0s  2.05 iters/s

running (0m31.9s), 017/100 VUs, 16 complete and 0 interrupted iterations
normal_day   [  11% ] 017/100 VUs  0m31.9s/5m0s  2.11 iters/s

running (0m32.9s), 018/100 VUs, 18 complete and 0 interrupted iterations
normal_day   [  11% ] 018/100 VUs  0m32.9s/5m0s  2.21 iters/s

running (0m33.9s), 017/100 VUs, 21 complete and 0 interrupted iterations
normal_day   [  11% ] 017/100 VUs  0m33.9s/5m0s  2.27 iters/s

running (0m34.9s), 017/100 VUs, 23 complete and 0 interrupted iterations
normal_day   [  12% ] 017/100 VUs  0m34.9s/5m0s  2.32 iters/s

running (0m35.9s), 019/100 VUs, 23 complete and 0 interrupted iterations
normal_day   [  12% ] 019/100 VUs  0m35.9s/5m0s  2.38 iters/s

running (0m36.9s), 022/100 VUs, 23 complete and 0 interrupted iterations
normal_day   [  12% ] 022/100 VUs  0m36.9s/5m0s  2.46 iters/s

running (0m37.9s), 021/100 VUs, 26 complete and 0 interrupted iterations
normal_day   [  13% ] 021/100 VUs  0m37.9s/5m0s  2.52 iters/s

running (0m38.9s), 022/100 VUs, 28 complete and 0 interrupted iterations
normal_day   [  13% ] 022/100 VUs  0m38.9s/5m0s  2.59 iters/s

running (0m39.9s), 023/100 VUs, 30 complete and 0 interrupted iterations
normal_day   [  13% ] 023/100 VUs  0m39.9s/5m0s  2.67 iters/s

running (0m40.9s), 024/100 VUs, 31 complete and 0 interrupted iterations
normal_day   [  14% ] 024/100 VUs  0m40.9s/5m0s  2.72 iters/s

running (0m41.9s), 024/100 VUs, 34 complete and 0 interrupted iterations
normal_day   [  14% ] 024/100 VUs  0m41.9s/5m0s  2.79 iters/s

running (0m42.9s), 026/100 VUs, 35 complete and 0 interrupted iterations
normal_day   [  14% ] 026/100 VUs  0m42.9s/5m0s  2.86 iters/s

running (0m43.9s), 028/100 VUs, 36 complete and 0 interrupted iterations
normal_day   [  15% ] 028/100 VUs  0m43.9s/5m0s  2.93 iters/s

running (0m44.9s), 030/100 VUs, 37 complete and 0 interrupted iterations
normal_day   [  15% ] 030/100 VUs  0m44.9s/5m0s  3.00 iters/s

running (0m45.9s), 033/100 VUs, 37 complete and 0 interrupted iterations
normal_day   [  15% ] 033/100 VUs  0m45.9s/5m0s  3.07 iters/s

running (0m46.9s), 035/100 VUs, 38 complete and 0 interrupted iterations
normal_day   [  16% ] 035/100 VUs  0m46.9s/5m0s  3.13 iters/s

running (0m47.9s), 037/100 VUs, 39 complete and 0 interrupted iterations
normal_day   [  16% ] 037/100 VUs  0m47.9s/5m0s  3.19 iters/s

running (0m48.9s), 038/100 VUs, 41 complete and 0 interrupted iterations
normal_day   [  16% ] 038/100 VUs  0m48.9s/5m0s  3.26 iters/s

running (0m49.9s), 039/100 VUs, 44 complete and 0 interrupted iterations
normal_day   [  17% ] 039/100 VUs  0m49.9s/5m0s  3.34 iters/s

running (0m50.9s), 041/100 VUs, 45 complete and 0 interrupted iterations
normal_day   [  17% ] 041/100 VUs  0m50.9s/5m0s  3.40 iters/s

running (0m51.9s), 040/100 VUs, 49 complete and 0 interrupted iterations
normal_day   [  17% ] 040/100 VUs  0m51.9s/5m0s  3.45 iters/s

running (0m52.9s), 041/100 VUs, 52 complete and 0 interrupted iterations
normal_day   [  18% ] 041/100 VUs  0m52.9s/5m0s  3.53 iters/s

running (0m53.9s), 041/100 VUs, 55 complete and 0 interrupted iterations
normal_day   [  18% ] 041/100 VUs  0m53.9s/5m0s  3.59 iters/s

running (0m54.9s), 042/100 VUs, 58 complete and 0 interrupted iterations
normal_day   [  18% ] 042/100 VUs  0m54.9s/5m0s  3.66 iters/s

running (0m55.9s), 045/100 VUs, 59 complete and 0 interrupted iterations
normal_day   [  19% ] 045/100 VUs  0m55.9s/5m0s  3.73 iters/s

running (0m56.9s), 045/100 VUs, 62 complete and 0 interrupted iterations
normal_day   [  19% ] 045/100 VUs  0m56.9s/5m0s  3.79 iters/s

running (0m57.9s), 047/100 VUs, 64 complete and 0 interrupted iterations
normal_day   [  19% ] 047/100 VUs  0m57.9s/5m0s  3.86 iters/s

running (0m58.9s), 044/100 VUs, 71 complete and 0 interrupted iterations
normal_day   [  20% ] 044/100 VUs  0m58.9s/5m0s  3.92 iters/s

running (0m59.9s), 043/100 VUs, 76 complete and 0 interrupted iterations
normal_day   [  20% ] 043/100 VUs  0m59.9s/5m0s  3.99 iters/s

running (1m00.9s), 044/100 VUs, 79 complete and 0 interrupted iterations
normal_day   [  20% ] 044/100 VUs  1m00.9s/5m0s  4.00 iters/s

running (1m01.9s), 046/100 VUs, 81 complete and 0 interrupted iterations
normal_day   [  21% ] 046/100 VUs  1m01.9s/5m0s  4.00 iters/s

running (1m02.9s), 044/100 VUs, 87 complete and 0 interrupted iterations
normal_day   [  21% ] 044/100 VUs  1m02.9s/5m0s  4.00 iters/s

running (1m03.9s), 044/100 VUs, 91 complete and 0 interrupted iterations
normal_day   [  21% ] 044/100 VUs  1m03.9s/5m0s  4.00 iters/s

running (1m04.9s), 044/100 VUs, 95 complete and 0 interrupted iterations
normal_day   [  22% ] 044/100 VUs  1m04.9s/5m0s  4.00 iters/s

running (1m05.9s), 038/100 VUs, 105 complete and 0 interrupted iterations
normal_day   [  22% ] 038/100 VUs  1m05.9s/5m0s  4.00 iters/s

running (1m06.9s), 037/100 VUs, 110 complete and 0 interrupted iterations
normal_day   [  22% ] 037/100 VUs  1m06.9s/5m0s  4.00 iters/s

running (1m07.9s), 035/100 VUs, 116 complete and 0 interrupted iterations
normal_day   [  23% ] 035/100 VUs  1m07.9s/5m0s  4.00 iters/s

running (1m08.9s), 037/100 VUs, 118 complete and 0 interrupted iterations
normal_day   [  23% ] 037/100 VUs  1m08.9s/5m0s  4.00 iters/s

running (1m09.9s), 037/100 VUs, 122 complete and 0 interrupted iterations
normal_day   [  23% ] 037/100 VUs  1m09.9s/5m0s  4.00 iters/s

running (1m10.9s), 037/100 VUs, 126 complete and 0 interrupted iterations
normal_day   [  24% ] 037/100 VUs  1m10.9s/5m0s  4.00 iters/s

running (1m11.9s), 036/100 VUs, 131 complete and 0 interrupted iterations
normal_day   [  24% ] 036/100 VUs  1m11.9s/5m0s  4.00 iters/s

running (1m12.9s), 035/100 VUs, 136 complete and 0 interrupted iterations
normal_day   [  24% ] 035/100 VUs  1m12.9s/5m0s  4.00 iters/s

running (1m13.9s), 036/100 VUs, 139 complete and 0 interrupted iterations
normal_day   [  25% ] 036/100 VUs  1m13.9s/5m0s  4.00 iters/s

running (1m14.9s), 034/100 VUs, 145 complete and 0 interrupted iterations
normal_day   [  25% ] 034/100 VUs  1m14.9s/5m0s  4.00 iters/s

running (1m15.9s), 034/100 VUs, 149 complete and 0 interrupted iterations
normal_day   [  25% ] 034/100 VUs  1m15.9s/5m0s  4.00 iters/s

running (1m16.9s), 034/100 VUs, 153 complete and 0 interrupted iterations
normal_day   [  26% ] 034/100 VUs  1m16.9s/5m0s  4.00 iters/s

running (1m17.9s), 036/100 VUs, 155 complete and 0 interrupted iterations
normal_day   [  26% ] 036/100 VUs  1m17.9s/5m0s  4.00 iters/s

running (1m18.9s), 036/100 VUs, 159 complete and 0 interrupted iterations
normal_day   [  26% ] 036/100 VUs  1m18.9s/5m0s  4.00 iters/s

running (1m19.9s), 037/100 VUs, 162 complete and 0 interrupted iterations
normal_day   [  27% ] 037/100 VUs  1m19.9s/5m0s  4.00 iters/s

running (1m20.9s), 039/100 VUs, 164 complete and 0 interrupted iterations
normal_day   [  27% ] 039/100 VUs  1m20.9s/5m0s  4.00 iters/s

running (1m21.9s), 041/100 VUs, 166 complete and 0 interrupted iterations
normal_day   [  27% ] 041/100 VUs  1m21.9s/5m0s  4.00 iters/s

running (1m22.9s), 040/100 VUs, 171 complete and 0 interrupted iterations
normal_day   [  28% ] 040/100 VUs  1m22.9s/5m0s  4.00 iters/s

running (1m23.9s), 040/100 VUs, 175 complete and 0 interrupted iterations
normal_day   [  28% ] 040/100 VUs  1m23.9s/5m0s  4.00 iters/s

running (1m24.9s), 041/100 VUs, 178 complete and 0 interrupted iterations
normal_day   [  28% ] 041/100 VUs  1m24.9s/5m0s  4.00 iters/s

running (1m25.9s), 042/100 VUs, 181 complete and 0 interrupted iterations
normal_day   [  29% ] 042/100 VUs  1m25.9s/5m0s  4.00 iters/s

running (1m26.9s), 038/100 VUs, 189 complete and 0 interrupted iterations
normal_day   [  29% ] 038/100 VUs  1m26.9s/5m0s  4.00 iters/s

running (1m27.9s), 040/100 VUs, 191 complete and 0 interrupted iterations
normal_day   [  29% ] 040/100 VUs  1m27.9s/5m0s  4.00 iters/s

running (1m28.9s), 040/100 VUs, 195 complete and 0 interrupted iterations
normal_day   [  30% ] 040/100 VUs  1m28.9s/5m0s  4.00 iters/s

running (1m29.9s), 040/100 VUs, 199 complete and 0 interrupted iterations
normal_day   [  30% ] 040/100 VUs  1m29.9s/5m0s  4.00 iters/s

running (1m30.9s), 040/100 VUs, 203 complete and 0 interrupted iterations
normal_day   [  30% ] 040/100 VUs  1m30.9s/5m0s  4.00 iters/s

running (1m31.9s), 042/100 VUs, 205 complete and 0 interrupted iterations
normal_day   [  31% ] 042/100 VUs  1m31.9s/5m0s  4.00 iters/s

running (1m32.9s), 043/100 VUs, 208 complete and 0 interrupted iterations
normal_day   [  31% ] 043/100 VUs  1m32.9s/5m0s  4.00 iters/s

running (1m33.9s), 041/100 VUs, 214 complete and 0 interrupted iterations
normal_day   [  31% ] 041/100 VUs  1m33.9s/5m0s  4.00 iters/s

running (1m34.9s), 042/100 VUs, 217 complete and 0 interrupted iterations
normal_day   [  32% ] 042/100 VUs  1m34.9s/5m0s  4.00 iters/s

running (1m35.9s), 042/100 VUs, 221 complete and 0 interrupted iterations
normal_day   [  32% ] 042/100 VUs  1m35.9s/5m0s  4.00 iters/s

running (1m36.9s), 045/100 VUs, 222 complete and 0 interrupted iterations
normal_day   [  32% ] 045/100 VUs  1m36.9s/5m0s  4.00 iters/s

running (1m37.9s), 043/100 VUs, 228 complete and 0 interrupted iterations
normal_day   [  33% ] 043/100 VUs  1m37.9s/5m0s  4.00 iters/s

running (1m38.9s), 045/100 VUs, 230 complete and 0 interrupted iterations
normal_day   [  33% ] 045/100 VUs  1m38.9s/5m0s  4.00 iters/s

running (1m39.9s), 044/100 VUs, 235 complete and 0 interrupted iterations
normal_day   [  33% ] 044/100 VUs  1m39.9s/5m0s  4.00 iters/s

running (1m40.9s), 041/100 VUs, 242 complete and 0 interrupted iterations
normal_day   [  34% ] 041/100 VUs  1m40.9s/5m0s  4.00 iters/s

running (1m41.9s), 042/100 VUs, 245 complete and 0 interrupted iterations
normal_day   [  34% ] 042/100 VUs  1m41.9s/5m0s  4.00 iters/s

running (1m42.9s), 043/100 VUs, 248 complete and 0 interrupted iterations
normal_day   [  34% ] 043/100 VUs  1m42.9s/5m0s  4.00 iters/s

running (1m43.9s), 044/100 VUs, 251 complete and 0 interrupted iterations
normal_day   [  35% ] 044/100 VUs  1m43.9s/5m0s  4.00 iters/s

running (1m44.9s), 042/100 VUs, 257 complete and 0 interrupted iterations
normal_day   [  35% ] 042/100 VUs  1m44.9s/5m0s  4.00 iters/s

running (1m45.9s), 038/100 VUs, 265 complete and 0 interrupted iterations
normal_day   [  35% ] 038/100 VUs  1m45.9s/5m0s  4.00 iters/s

running (1m46.9s), 038/100 VUs, 269 complete and 0 interrupted iterations
normal_day   [  36% ] 038/100 VUs  1m46.9s/5m0s  4.00 iters/s

running (1m47.9s), 039/100 VUs, 272 complete and 0 interrupted iterations
normal_day   [  36% ] 039/100 VUs  1m47.9s/5m0s  4.00 iters/s

running (1m48.9s), 037/100 VUs, 278 complete and 0 interrupted iterations
normal_day   [  36% ] 037/100 VUs  1m48.9s/5m0s  4.00 iters/s

running (1m49.9s), 038/100 VUs, 281 complete and 0 interrupted iterations
normal_day   [  37% ] 038/100 VUs  1m49.9s/5m0s  4.00 iters/s

running (1m50.9s), 036/100 VUs, 287 complete and 0 interrupted iterations
normal_day   [  37% ] 036/100 VUs  1m50.9s/5m0s  4.00 iters/s

running (1m51.9s), 036/100 VUs, 291 complete and 0 interrupted iterations
normal_day   [  37% ] 036/100 VUs  1m51.9s/5m0s  4.00 iters/s

running (1m52.9s), 038/100 VUs, 293 complete and 0 interrupted iterations
normal_day   [  38% ] 038/100 VUs  1m52.9s/5m0s  4.00 iters/s

running (1m53.9s), 039/100 VUs, 296 complete and 0 interrupted iterations
normal_day   [  38% ] 039/100 VUs  1m53.9s/5m0s  4.00 iters/s

running (1m54.9s), 041/100 VUs, 298 complete and 0 interrupted iterations
normal_day   [  38% ] 041/100 VUs  1m54.9s/5m0s  4.00 iters/s

running (1m55.9s), 043/100 VUs, 300 complete and 0 interrupted iterations
normal_day   [  39% ] 043/100 VUs  1m55.9s/5m0s  4.00 iters/s

running (1m56.9s), 041/100 VUs, 306 complete and 0 interrupted iterations
normal_day   [  39% ] 041/100 VUs  1m56.9s/5m0s  4.00 iters/s

running (1m57.9s), 042/100 VUs, 309 complete and 0 interrupted iterations
normal_day   [  39% ] 042/100 VUs  1m57.9s/5m0s  4.00 iters/s

running (1m58.9s), 043/100 VUs, 312 complete and 0 interrupted iterations
normal_day   [  40% ] 043/100 VUs  1m58.9s/5m0s  4.00 iters/s

running (1m59.9s), 046/100 VUs, 313 complete and 0 interrupted iterations
normal_day   [  40% ] 046/100 VUs  1m59.9s/5m0s  4.00 iters/s

running (2m00.9s), 046/100 VUs, 317 complete and 0 interrupted iterations
normal_day   [  40% ] 046/100 VUs  2m00.9s/5m0s  4.00 iters/s

running (2m01.9s), 047/100 VUs, 320 complete and 0 interrupted iterations
normal_day   [  41% ] 047/100 VUs  2m01.9s/5m0s  4.00 iters/s

running (2m02.9s), 045/100 VUs, 326 complete and 0 interrupted iterations
normal_day   [  41% ] 045/100 VUs  2m02.9s/5m0s  4.00 iters/s

running (2m03.9s), 045/100 VUs, 330 complete and 0 interrupted iterations
normal_day   [  41% ] 045/100 VUs  2m03.9s/5m0s  4.00 iters/s

running (2m04.9s), 043/100 VUs, 336 complete and 0 interrupted iterations
normal_day   [  42% ] 043/100 VUs  2m04.9s/5m0s  4.00 iters/s

running (2m05.9s), 040/100 VUs, 343 complete and 0 interrupted iterations
normal_day   [  42% ] 040/100 VUs  2m05.9s/5m0s  4.00 iters/s

running (2m06.9s), 039/100 VUs, 348 complete and 0 interrupted iterations
normal_day   [  42% ] 039/100 VUs  2m06.9s/5m0s  4.00 iters/s

running (2m07.9s), 038/100 VUs, 353 complete and 0 interrupted iterations
normal_day   [  43% ] 038/100 VUs  2m07.9s/5m0s  4.00 iters/s

running (2m08.9s), 034/100 VUs, 361 complete and 0 interrupted iterations
normal_day   [  43% ] 034/100 VUs  2m08.9s/5m0s  4.00 iters/s

running (2m09.9s), 036/100 VUs, 363 complete and 0 interrupted iterations
normal_day   [  43% ] 036/100 VUs  2m09.9s/5m0s  4.00 iters/s

running (2m10.9s), 037/100 VUs, 366 complete and 0 interrupted iterations
normal_day   [  44% ] 037/100 VUs  2m10.9s/5m0s  4.00 iters/s

running (2m11.9s), 036/100 VUs, 371 complete and 0 interrupted iterations
normal_day   [  44% ] 036/100 VUs  2m11.9s/5m0s  4.00 iters/s

running (2m12.9s), 039/100 VUs, 372 complete and 0 interrupted iterations
normal_day   [  44% ] 039/100 VUs  2m12.9s/5m0s  4.00 iters/s

running (2m13.9s), 040/100 VUs, 375 complete and 0 interrupted iterations
normal_day   [  45% ] 040/100 VUs  2m13.9s/5m0s  4.00 iters/s

running (2m14.9s), 043/100 VUs, 376 complete and 0 interrupted iterations
normal_day   [  45% ] 043/100 VUs  2m14.9s/5m0s  4.00 iters/s

running (2m15.9s), 044/100 VUs, 379 complete and 0 interrupted iterations
normal_day   [  45% ] 044/100 VUs  2m15.9s/5m0s  4.00 iters/s

running (2m16.9s), 045/100 VUs, 382 complete and 0 interrupted iterations
normal_day   [  46% ] 045/100 VUs  2m16.9s/5m0s  4.00 iters/s

running (2m17.9s), 041/100 VUs, 390 complete and 0 interrupted iterations
normal_day   [  46% ] 041/100 VUs  2m17.9s/5m0s  4.00 iters/s

running (2m18.9s), 038/100 VUs, 397 complete and 0 interrupted iterations
normal_day   [  46% ] 038/100 VUs  2m18.9s/5m0s  4.00 iters/s

running (2m19.9s), 040/100 VUs, 399 complete and 0 interrupted iterations
normal_day   [  47% ] 040/100 VUs  2m19.9s/5m0s  4.00 iters/s

running (2m20.9s), 039/100 VUs, 404 complete and 0 interrupted iterations
normal_day   [  47% ] 039/100 VUs  2m20.9s/5m0s  4.00 iters/s

running (2m21.9s), 042/100 VUs, 405 complete and 0 interrupted iterations
normal_day   [  47% ] 042/100 VUs  2m21.9s/5m0s  4.00 iters/s

running (2m22.9s), 041/100 VUs, 410 complete and 0 interrupted iterations
normal_day   [  48% ] 041/100 VUs  2m22.9s/5m0s  4.00 iters/s

running (2m23.9s), 033/100 VUs, 422 complete and 0 interrupted iterations
normal_day   [  48% ] 033/100 VUs  2m23.9s/5m0s  4.00 iters/s

running (2m24.9s), 033/100 VUs, 426 complete and 0 interrupted iterations
normal_day   [  48% ] 033/100 VUs  2m24.9s/5m0s  4.00 iters/s

running (2m25.9s), 035/100 VUs, 428 complete and 0 interrupted iterations
normal_day   [  49% ] 035/100 VUs  2m25.9s/5m0s  4.00 iters/s

running (2m26.9s), 031/100 VUs, 436 complete and 0 interrupted iterations
normal_day   [  49% ] 031/100 VUs  2m26.9s/5m0s  4.00 iters/s

running (2m27.9s), 033/100 VUs, 438 complete and 0 interrupted iterations
normal_day   [  49% ] 033/100 VUs  2m27.9s/5m0s  4.00 iters/s

running (2m28.9s), 028/100 VUs, 447 complete and 0 interrupted iterations
normal_day   [  50% ] 028/100 VUs  2m28.9s/5m0s  4.00 iters/s

running (2m29.9s), 032/100 VUs, 447 complete and 0 interrupted iterations
normal_day   [  50% ] 032/100 VUs  2m29.9s/5m0s  4.00 iters/s

running (2m30.9s), 032/100 VUs, 451 complete and 0 interrupted iterations
normal_day   [  50% ] 032/100 VUs  2m30.9s/5m0s  4.00 iters/s

running (2m31.9s), 035/100 VUs, 452 complete and 0 interrupted iterations
normal_day   [  51% ] 035/100 VUs  2m31.9s/5m0s  4.00 iters/s

running (2m32.9s), 033/100 VUs, 458 complete and 0 interrupted iterations
normal_day   [  51% ] 033/100 VUs  2m32.9s/5m0s  4.00 iters/s

running (2m33.9s), 030/100 VUs, 465 complete and 0 interrupted iterations
normal_day   [  51% ] 030/100 VUs  2m33.9s/5m0s  4.00 iters/s

running (2m34.9s), 031/100 VUs, 468 complete and 0 interrupted iterations
normal_day   [  52% ] 031/100 VUs  2m34.9s/5m0s  4.00 iters/s

running (2m35.9s), 032/100 VUs, 471 complete and 0 interrupted iterations
normal_day   [  52% ] 032/100 VUs  2m35.9s/5m0s  4.00 iters/s

running (2m36.9s), 033/100 VUs, 474 complete and 0 interrupted iterations
normal_day   [  52% ] 033/100 VUs  2m36.9s/5m0s  4.00 iters/s

running (2m37.9s), 035/100 VUs, 476 complete and 0 interrupted iterations
normal_day   [  53% ] 035/100 VUs  2m37.9s/5m0s  4.00 iters/s

running (2m38.9s), 035/100 VUs, 480 complete and 0 interrupted iterations
normal_day   [  53% ] 035/100 VUs  2m38.9s/5m0s  4.00 iters/s

running (2m39.9s), 032/100 VUs, 487 complete and 0 interrupted iterations
normal_day   [  53% ] 032/100 VUs  2m39.9s/5m0s  4.00 iters/s

running (2m40.9s), 033/100 VUs, 490 complete and 0 interrupted iterations
normal_day   [  54% ] 033/100 VUs  2m40.9s/5m0s  4.00 iters/s

running (2m41.9s), 030/100 VUs, 497 complete and 0 interrupted iterations
normal_day   [  54% ] 030/100 VUs  2m41.9s/5m0s  4.00 iters/s

running (2m42.9s), 031/100 VUs, 500 complete and 0 interrupted iterations
normal_day   [  54% ] 031/100 VUs  2m42.9s/5m0s  4.00 iters/s

running (2m43.9s), 031/100 VUs, 504 complete and 0 interrupted iterations
normal_day   [  55% ] 031/100 VUs  2m43.9s/5m0s  4.00 iters/s

running (2m44.9s), 034/100 VUs, 505 complete and 0 interrupted iterations
normal_day   [  55% ] 034/100 VUs  2m44.9s/5m0s  4.00 iters/s

running (2m45.9s), 036/100 VUs, 507 complete and 0 interrupted iterations
normal_day   [  55% ] 036/100 VUs  2m45.9s/5m0s  4.00 iters/s

running (2m46.9s), 037/100 VUs, 510 complete and 0 interrupted iterations
normal_day   [  56% ] 037/100 VUs  2m46.9s/5m0s  4.00 iters/s

running (2m47.9s), 039/100 VUs, 512 complete and 0 interrupted iterations
normal_day   [  56% ] 039/100 VUs  2m47.9s/5m0s  4.00 iters/s

running (2m48.9s), 037/100 VUs, 518 complete and 0 interrupted iterations
normal_day   [  56% ] 037/100 VUs  2m48.9s/5m0s  4.00 iters/s

running (2m49.9s), 035/100 VUs, 524 complete and 0 interrupted iterations
normal_day   [  57% ] 035/100 VUs  2m49.9s/5m0s  4.00 iters/s

running (2m50.9s), 036/100 VUs, 527 complete and 0 interrupted iterations
normal_day   [  57% ] 036/100 VUs  2m50.9s/5m0s  4.00 iters/s

running (2m51.9s), 039/100 VUs, 528 complete and 0 interrupted iterations
normal_day   [  57% ] 039/100 VUs  2m51.9s/5m0s  4.00 iters/s

running (2m52.9s), 039/100 VUs, 532 complete and 0 interrupted iterations
normal_day   [  58% ] 039/100 VUs  2m52.9s/5m0s  4.00 iters/s

running (2m53.9s), 037/100 VUs, 538 complete and 0 interrupted iterations
normal_day   [  58% ] 037/100 VUs  2m53.9s/5m0s  4.00 iters/s

running (2m54.9s), 037/100 VUs, 542 complete and 0 interrupted iterations
normal_day   [  58% ] 037/100 VUs  2m54.9s/5m0s  4.00 iters/s

running (2m55.9s), 037/100 VUs, 546 complete and 0 interrupted iterations
normal_day   [  59% ] 037/100 VUs  2m55.9s/5m0s  4.00 iters/s

running (2m56.9s), 037/100 VUs, 550 complete and 0 interrupted iterations
normal_day   [  59% ] 037/100 VUs  2m56.9s/5m0s  4.00 iters/s

running (2m57.9s), 038/100 VUs, 553 complete and 0 interrupted iterations
normal_day   [  59% ] 038/100 VUs  2m57.9s/5m0s  4.00 iters/s

running (2m58.9s), 039/100 VUs, 556 complete and 0 interrupted iterations
normal_day   [  60% ] 039/100 VUs  2m58.9s/5m0s  4.00 iters/s

running (2m59.9s), 039/100 VUs, 560 complete and 0 interrupted iterations
normal_day   [  60% ] 039/100 VUs  2m59.9s/5m0s  4.00 iters/s

running (3m00.9s), 040/100 VUs, 563 complete and 0 interrupted iterations
normal_day   [  60% ] 040/100 VUs  3m00.9s/5m0s  3.97 iters/s

running (3m01.9s), 040/100 VUs, 567 complete and 0 interrupted iterations
normal_day   [  61% ] 040/100 VUs  3m01.9s/5m0s  3.94 iters/s

running (3m02.9s), 043/100 VUs, 568 complete and 0 interrupted iterations
normal_day   [  61% ] 043/100 VUs  3m02.9s/5m0s  3.90 iters/s

running (3m03.9s), 042/100 VUs, 573 complete and 0 interrupted iterations
normal_day   [  61% ] 042/100 VUs  3m03.9s/5m0s  3.87 iters/s

running (3m04.9s), 044/100 VUs, 575 complete and 0 interrupted iterations
normal_day   [  62% ] 044/100 VUs  3m04.9s/5m0s  3.83 iters/s

running (3m05.9s), 046/100 VUs, 577 complete and 0 interrupted iterations
normal_day   [  62% ] 046/100 VUs  3m05.9s/5m0s  3.80 iters/s

running (3m06.9s), 045/100 VUs, 581 complete and 0 interrupted iterations
normal_day   [  62% ] 045/100 VUs  3m06.9s/5m0s  3.77 iters/s

running (3m07.9s), 044/100 VUs, 586 complete and 0 interrupted iterations
normal_day   [  63% ] 044/100 VUs  3m07.9s/5m0s  3.74 iters/s

running (3m08.9s), 045/100 VUs, 589 complete and 0 interrupted iterations
normal_day   [  63% ] 045/100 VUs  3m08.9s/5m0s  3.70 iters/s

running (3m09.9s), 045/100 VUs, 592 complete and 0 interrupted iterations
normal_day   [  63% ] 045/100 VUs  3m09.9s/5m0s  3.67 iters/s

running (3m10.9s), 045/100 VUs, 596 complete and 0 interrupted iterations
normal_day   [  64% ] 045/100 VUs  3m10.9s/5m0s  3.64 iters/s

running (3m11.9s), 047/100 VUs, 598 complete and 0 interrupted iterations
normal_day   [  64% ] 047/100 VUs  3m11.9s/5m0s  3.60 iters/s

running (3m12.9s), 040/100 VUs, 608 complete and 0 interrupted iterations
normal_day   [  64% ] 040/100 VUs  3m12.9s/5m0s  3.57 iters/s

running (3m13.9s), 041/100 VUs, 611 complete and 0 interrupted iterations
normal_day   [  65% ] 041/100 VUs  3m13.9s/5m0s  3.54 iters/s

running (3m14.9s), 040/100 VUs, 615 complete and 0 interrupted iterations
normal_day   [  65% ] 040/100 VUs  3m14.9s/5m0s  3.51 iters/s

running (3m15.9s), 043/100 VUs, 616 complete and 0 interrupted iterations
normal_day   [  65% ] 043/100 VUs  3m15.9s/5m0s  3.47 iters/s

running (3m16.9s), 040/100 VUs, 622 complete and 0 interrupted iterations
normal_day   [  66% ] 040/100 VUs  3m16.9s/5m0s  3.44 iters/s

running (3m17.9s), 040/100 VUs, 626 complete and 0 interrupted iterations
normal_day   [  66% ] 040/100 VUs  3m17.9s/5m0s  3.40 iters/s

running (3m18.9s), 037/100 VUs, 632 complete and 0 interrupted iterations
normal_day   [  66% ] 037/100 VUs  3m18.9s/5m0s  3.37 iters/s

running (3m19.9s), 037/100 VUs, 636 complete and 0 interrupted iterations
normal_day   [  67% ] 037/100 VUs  3m19.9s/5m0s  3.33 iters/s

running (3m20.9s), 034/100 VUs, 642 complete and 0 interrupted iterations
normal_day   [  67% ] 034/100 VUs  3m20.9s/5m0s  3.30 iters/s

running (3m21.9s), 034/100 VUs, 645 complete and 0 interrupted iterations
normal_day   [  67% ] 034/100 VUs  3m21.9s/5m0s  3.27 iters/s

running (3m22.9s), 030/100 VUs, 652 complete and 0 interrupted iterations
normal_day   [  68% ] 030/100 VUs  3m22.9s/5m0s  3.24 iters/s

running (3m23.9s), 033/100 VUs, 653 complete and 0 interrupted iterations
normal_day   [  68% ] 033/100 VUs  3m23.9s/5m0s  3.20 iters/s

running (3m24.9s), 030/100 VUs, 659 complete and 0 interrupted iterations
normal_day   [  68% ] 030/100 VUs  3m24.9s/5m0s  3.17 iters/s

running (3m25.9s), 030/100 VUs, 662 complete and 0 interrupted iterations
normal_day   [  69% ] 030/100 VUs  3m25.9s/5m0s  3.14 iters/s

running (3m26.9s), 031/100 VUs, 664 complete and 0 interrupted iterations
normal_day   [  69% ] 031/100 VUs  3m26.9s/5m0s  3.10 iters/s

running (3m27.9s), 033/100 VUs, 665 complete and 0 interrupted iterations
normal_day   [  69% ] 033/100 VUs  3m27.9s/5m0s  3.07 iters/s

running (3m28.9s), 035/100 VUs, 666 complete and 0 interrupted iterations
normal_day   [  70% ] 035/100 VUs  3m28.9s/5m0s  3.04 iters/s

running (3m29.9s), 034/100 VUs, 670 complete and 0 interrupted iterations
normal_day   [  70% ] 034/100 VUs  3m29.9s/5m0s  3.01 iters/s

running (3m30.9s), 031/100 VUs, 676 complete and 0 interrupted iterations
normal_day   [  70% ] 031/100 VUs  3m30.9s/5m0s  2.97 iters/s

running (3m31.9s), 030/100 VUs, 680 complete and 0 interrupted iterations
normal_day   [  71% ] 030/100 VUs  3m31.9s/5m0s  2.94 iters/s

running (3m32.9s), 031/100 VUs, 682 complete and 0 interrupted iterations
normal_day   [  71% ] 031/100 VUs  3m32.9s/5m0s  2.90 iters/s

running (3m33.9s), 032/100 VUs, 684 complete and 0 interrupted iterations
normal_day   [  71% ] 032/100 VUs  3m33.9s/5m0s  2.87 iters/s

running (3m34.9s), 032/100 VUs, 687 complete and 0 interrupted iterations
normal_day   [  72% ] 032/100 VUs  3m34.9s/5m0s  2.83 iters/s

running (3m35.9s), 028/100 VUs, 694 complete and 0 interrupted iterations
normal_day   [  72% ] 028/100 VUs  3m35.9s/5m0s  2.80 iters/s

running (3m36.9s), 026/100 VUs, 698 complete and 0 interrupted iterations
normal_day   [  72% ] 026/100 VUs  3m36.9s/5m0s  2.77 iters/s

running (3m37.9s), 024/100 VUs, 703 complete and 0 interrupted iterations
normal_day   [  73% ] 024/100 VUs  3m37.9s/5m0s  2.74 iters/s

running (3m38.9s), 026/100 VUs, 704 complete and 0 interrupted iterations
normal_day   [  73% ] 026/100 VUs  3m38.9s/5m0s  2.70 iters/s

running (3m39.9s), 027/100 VUs, 706 complete and 0 interrupted iterations
normal_day   [  73% ] 027/100 VUs  3m39.9s/5m0s  2.66 iters/s

running (3m40.9s), 026/100 VUs, 709 complete and 0 interrupted iterations
normal_day   [  74% ] 026/100 VUs  3m40.9s/5m0s  2.64 iters/s

running (3m41.9s), 029/100 VUs, 709 complete and 0 interrupted iterations
normal_day   [  74% ] 029/100 VUs  3m41.9s/5m0s  2.60 iters/s

running (3m42.9s), 030/100 VUs, 710 complete and 0 interrupted iterations
normal_day   [  74% ] 030/100 VUs  3m42.9s/5m0s  2.58 iters/s

running (3m43.9s), 027/100 VUs, 716 complete and 0 interrupted iterations
normal_day   [  75% ] 027/100 VUs  3m43.9s/5m0s  2.54 iters/s

running (3m44.9s), 027/100 VUs, 719 complete and 0 interrupted iterations
normal_day   [  75% ] 027/100 VUs  3m44.9s/5m0s  2.50 iters/s

running (3m46.3s), 026/100 VUs, 722 complete and 0 interrupted iterations
normal_day   [  75% ] 026/100 VUs  3m46.3s/5m0s  2.46 iters/s

running (3m46.9s), 026/100 VUs, 724 complete and 0 interrupted iterations
normal_day   [  76% ] 026/100 VUs  3m46.9s/5m0s  2.44 iters/s

running (3m47.9s), 027/100 VUs, 726 complete and 0 interrupted iterations
normal_day   [  76% ] 027/100 VUs  3m47.9s/5m0s  2.40 iters/s

running (3m48.9s), 027/100 VUs, 728 complete and 0 interrupted iterations
normal_day   [  76% ] 027/100 VUs  3m48.9s/5m0s  2.37 iters/s

running (3m49.9s), 029/100 VUs, 729 complete and 0 interrupted iterations
normal_day   [  77% ] 029/100 VUs  3m49.9s/5m0s  2.33 iters/s

running (3m50.9s), 030/100 VUs, 730 complete and 0 interrupted iterations
normal_day   [  77% ] 030/100 VUs  3m50.9s/5m0s  2.30 iters/s

running (3m51.9s), 031/100 VUs, 731 complete and 0 interrupted iterations
normal_day   [  77% ] 031/100 VUs  3m51.9s/5m0s  2.27 iters/s

running (3m52.9s), 030/100 VUs, 734 complete and 0 interrupted iterations
normal_day   [  78% ] 030/100 VUs  3m52.9s/5m0s  2.24 iters/s

running (3m53.9s), 030/100 VUs, 737 complete and 0 interrupted iterations
normal_day   [  78% ] 030/100 VUs  3m53.9s/5m0s  2.20 iters/s

running (3m54.9s), 031/100 VUs, 738 complete and 0 interrupted iterations
normal_day   [  78% ] 031/100 VUs  3m54.9s/5m0s  2.17 iters/s

running (3m55.9s), 032/100 VUs, 739 complete and 0 interrupted iterations
normal_day   [  79% ] 032/100 VUs  3m55.9s/5m0s  2.14 iters/s

running (3m56.9s), 032/100 VUs, 741 complete and 0 interrupted iterations
normal_day   [  79% ] 032/100 VUs  3m56.9s/5m0s  2.11 iters/s

running (3m57.9s), 027/100 VUs, 748 complete and 0 interrupted iterations
normal_day   [  79% ] 027/100 VUs  3m57.9s/5m0s  2.07 iters/s

running (3m58.9s), 025/100 VUs, 752 complete and 0 interrupted iterations
normal_day   [  80% ] 025/100 VUs  3m58.9s/5m0s  2.04 iters/s

running (3m59.9s), 026/100 VUs, 753 complete and 0 interrupted iterations
normal_day   [  80% ] 026/100 VUs  3m59.9s/5m0s  2.01 iters/s

running (4m00.9s), 027/100 VUs, 754 complete and 0 interrupted iterations
normal_day   [  80% ] 027/100 VUs  4m00.9s/5m0s  1.97 iters/s

running (4m01.9s), 023/100 VUs, 760 complete and 0 interrupted iterations
normal_day   [  81% ] 023/100 VUs  4m01.9s/5m0s  1.94 iters/s

running (4m02.9s), 020/100 VUs, 765 complete and 0 interrupted iterations
normal_day   [  81% ] 020/100 VUs  4m02.9s/5m0s  1.91 iters/s

running (4m03.9s), 020/100 VUs, 767 complete and 0 interrupted iterations
normal_day   [  81% ] 020/100 VUs  4m03.9s/5m0s  1.87 iters/s

running (4m04.9s), 018/100 VUs, 771 complete and 0 interrupted iterations
normal_day   [  82% ] 018/100 VUs  4m04.9s/5m0s  1.83 iters/s

running (4m05.9s), 015/100 VUs, 776 complete and 0 interrupted iterations
normal_day   [  82% ] 015/100 VUs  4m05.9s/5m0s  1.80 iters/s

running (4m06.9s), 015/100 VUs, 778 complete and 0 interrupted iterations
normal_day   [  82% ] 015/100 VUs  4m06.9s/5m0s  1.76 iters/s

running (4m07.9s), 013/100 VUs, 781 complete and 0 interrupted iterations
normal_day   [  83% ] 013/100 VUs  4m07.9s/5m0s  1.74 iters/s

running (4m08.9s), 014/100 VUs, 782 complete and 0 interrupted iterations
normal_day   [  83% ] 014/100 VUs  4m08.9s/5m0s  1.70 iters/s

running (4m09.9s), 015/100 VUs, 783 complete and 0 interrupted iterations
normal_day   [  83% ] 015/100 VUs  4m09.9s/5m0s  1.66 iters/s

running (4m10.9s), 016/100 VUs, 783 complete and 0 interrupted iterations
normal_day   [  84% ] 016/100 VUs  4m10.9s/5m0s  1.64 iters/s

running (4m11.9s), 015/100 VUs, 786 complete and 0 interrupted iterations
normal_day   [  84% ] 015/100 VUs  4m11.9s/5m0s  1.60 iters/s

running (4m12.9s), 017/100 VUs, 786 complete and 0 interrupted iterations
normal_day   [  84% ] 017/100 VUs  4m12.9s/5m0s  1.56 iters/s

running (4m13.9s), 017/100 VUs, 787 complete and 0 interrupted iterations
normal_day   [  85% ] 017/100 VUs  4m13.9s/5m0s  1.54 iters/s

running (4m14.9s), 015/100 VUs, 791 complete and 0 interrupted iterations
normal_day   [  85% ] 015/100 VUs  4m14.9s/5m0s  1.49 iters/s

running (4m15.9s), 011/100 VUs, 796 complete and 0 interrupted iterations
normal_day   [  85% ] 011/100 VUs  4m15.9s/5m0s  1.47 iters/s

running (4m16.9s), 013/100 VUs, 796 complete and 0 interrupted iterations
normal_day   [  86% ] 013/100 VUs  4m16.9s/5m0s  1.43 iters/s

running (4m17.9s), 012/100 VUs, 798 complete and 0 interrupted iterations
normal_day   [  86% ] 012/100 VUs  4m17.9s/5m0s  1.40 iters/s

running (4m18.9s), 012/100 VUs, 799 complete and 0 interrupted iterations
normal_day   [  86% ] 012/100 VUs  4m18.9s/5m0s  1.38 iters/s

running (4m19.9s), 013/100 VUs, 800 complete and 0 interrupted iterations
normal_day   [  87% ] 013/100 VUs  4m19.9s/5m0s  1.33 iters/s

running (4m20.9s), 013/100 VUs, 801 complete and 0 interrupted iterations
normal_day   [  87% ] 013/100 VUs  4m20.9s/5m0s  1.30 iters/s

running (4m21.9s), 014/100 VUs, 801 complete and 0 interrupted iterations
normal_day   [  87% ] 014/100 VUs  4m21.9s/5m0s  1.28 iters/s

running (4m22.9s), 013/100 VUs, 804 complete and 0 interrupted iterations
normal_day   [  88% ] 013/100 VUs  4m22.9s/5m0s  1.22 iters/s

running (4m23.9s), 014/100 VUs, 804 complete and 0 interrupted iterations
normal_day   [  88% ] 014/100 VUs  4m23.9s/5m0s  1.20 iters/s

running (4m24.9s), 014/100 VUs, 805 complete and 0 interrupted iterations
normal_day   [  88% ] 014/100 VUs  4m24.9s/5m0s  1.17 iters/s

running (4m25.9s), 014/100 VUs, 806 complete and 0 interrupted iterations
normal_day   [  89% ] 014/100 VUs  4m25.9s/5m0s  1.14 iters/s

running (4m26.9s), 013/100 VUs, 808 complete and 0 interrupted iterations
normal_day   [  89% ] 013/100 VUs  4m26.9s/5m0s  1.11 iters/s

running (4m27.9s), 014/100 VUs, 808 complete and 0 interrupted iterations
normal_day   [  89% ] 014/100 VUs  4m27.9s/5m0s  1.08 iters/s

running (4m28.9s), 013/100 VUs, 810 complete and 0 interrupted iterations
normal_day   [  90% ] 013/100 VUs  4m28.9s/5m0s  1.05 iters/s

running (4m29.9s), 014/100 VUs, 810 complete and 0 interrupted iterations
normal_day   [  90% ] 014/100 VUs  4m29.9s/5m0s  1.02 iters/s

running (4m30.9s), 014/100 VUs, 811 complete and 0 interrupted iterations
normal_day   [  90% ] 014/100 VUs  4m30.9s/5m0s  0.98 iters/s

running (4m31.9s), 014/100 VUs, 812 complete and 0 interrupted iterations
normal_day   [  91% ] 014/100 VUs  4m31.9s/5m0s  0.95 iters/s

running (4m32.9s), 013/100 VUs, 814 complete and 0 interrupted iterations
normal_day   [  91% ] 013/100 VUs  4m32.9s/5m0s  0.91 iters/s

running (4m33.9s), 014/100 VUs, 814 complete and 0 interrupted iterations
normal_day   [  91% ] 014/100 VUs  4m33.9s/5m0s  0.88 iters/s

running (4m34.9s), 013/100 VUs, 816 complete and 0 interrupted iterations
normal_day   [  92% ] 013/100 VUs  4m34.9s/5m0s  0.84 iters/s

running (4m35.9s), 013/100 VUs, 817 complete and 0 interrupted iterations
normal_day   [  92% ] 013/100 VUs  4m35.9s/5m0s  0.80 iters/s

running (4m36.9s), 013/100 VUs, 818 complete and 0 interrupted iterations
normal_day   [  92% ] 013/100 VUs  4m36.9s/5m0s  0.75 iters/s

running (4m37.9s), 011/100 VUs, 820 complete and 0 interrupted iterations
normal_day   [  93% ] 011/100 VUs  4m37.9s/5m0s  0.75 iters/s

running (4m38.9s), 010/100 VUs, 822 complete and 0 interrupted iterations
normal_day   [  93% ] 010/100 VUs  4m38.9s/5m0s  0.71 iters/s

running (4m39.9s), 010/100 VUs, 823 complete and 0 interrupted iterations
normal_day   [  93% ] 010/100 VUs  4m39.9s/5m0s  0.66 iters/s

running (4m40.9s), 007/100 VUs, 826 complete and 0 interrupted iterations
normal_day   [  94% ] 007/100 VUs  4m40.9s/5m0s  0.66 iters/s

running (4m41.9s), 007/100 VUs, 827 complete and 0 interrupted iterations
normal_day   [  94% ] 007/100 VUs  4m41.9s/5m0s  0.60 iters/s

running (4m42.9s), 006/100 VUs, 829 complete and 0 interrupted iterations
normal_day   [  94% ] 006/100 VUs  4m42.9s/5m0s  0.55 iters/s

running (4m43.9s), 006/100 VUs, 829 complete and 0 interrupted iterations
normal_day   [  95% ] 006/100 VUs  4m43.9s/5m0s  0.55 iters/s

running (4m44.9s), 006/100 VUs, 830 complete and 0 interrupted iterations
normal_day   [  95% ] 006/100 VUs  4m44.9s/5m0s  0.48 iters/s

running (4m45.9s), 006/100 VUs, 830 complete and 0 interrupted iterations
normal_day   [  95% ] 006/100 VUs  4m45.9s/5m0s  0.48 iters/s

running (4m46.9s), 006/100 VUs, 831 complete and 0 interrupted iterations
normal_day   [  96% ] 006/100 VUs  4m46.9s/5m0s  0.41 iters/s

running (4m47.9s), 006/100 VUs, 831 complete and 0 interrupted iterations
normal_day   [  96% ] 006/100 VUs  4m47.9s/5m0s  0.41 iters/s

running (4m48.9s), 006/100 VUs, 831 complete and 0 interrupted iterations
normal_day   [  96% ] 006/100 VUs  4m48.9s/5m0s  0.41 iters/s

running (4m49.9s), 006/100 VUs, 832 complete and 0 interrupted iterations
normal_day   [  97% ] 006/100 VUs  4m49.9s/5m0s  0.31 iters/s

running (4m50.9s), 006/100 VUs, 832 complete and 0 interrupted iterations
normal_day   [  97% ] 006/100 VUs  4m50.9s/5m0s  0.31 iters/s

running (4m51.9s), 005/100 VUs, 833 complete and 0 interrupted iterations
normal_day   [  97% ] 005/100 VUs  4m51.9s/5m0s  0.31 iters/s

running (4m52.9s), 005/100 VUs, 834 complete and 0 interrupted iterations
normal_day   [  98% ] 005/100 VUs  4m52.9s/5m0s  0.13 iters/s

running (4m53.9s), 004/100 VUs, 835 complete and 0 interrupted iterations
normal_day   [  98% ] 004/100 VUs  4m53.9s/5m0s  0.13 iters/s

running (4m54.9s), 003/100 VUs, 836 complete and 0 interrupted iterations
normal_day   [  98% ] 003/100 VUs  4m54.9s/5m0s  0.13 iters/s

running (4m55.9s), 003/100 VUs, 836 complete and 0 interrupted iterations
normal_day   [  99% ] 003/100 VUs  4m55.9s/5m0s  0.13 iters/s

running (4m56.9s), 003/100 VUs, 836 complete and 0 interrupted iterations
normal_day   [  99% ] 003/100 VUs  4m56.9s/5m0s  0.13 iters/s

running (4m57.9s), 002/100 VUs, 837 complete and 0 interrupted iterations
normal_day   [  99% ] 002/100 VUs  4m57.9s/5m0s  0.13 iters/s

running (4m58.9s), 002/100 VUs, 837 complete and 0 interrupted iterations
normal_day   [ 100% ] 002/100 VUs  4m58.9s/5m0s  0.13 iters/s

running (4m59.9s), 002/100 VUs, 837 complete and 0 interrupted iterations
normal_day   [ 100% ] 002/100 VUs  4m59.9s/5m0s  0.13 iters/s

running (5m00.9s), 002/100 VUs, 837 complete and 0 interrupted iterations
normal_day ↓ [ 100% ] 002/100 VUs  5m0s  0.13 iters/s

running (5m01.9s), 002/100 VUs, 837 complete and 0 interrupted iterations
normal_day ↓ [ 100% ] 002/100 VUs  5m0s  0.13 iters/s

running (5m02.9s), 001/100 VUs, 838 complete and 0 interrupted iterations
normal_day ↓ [ 100% ] 002/100 VUs  5m0s  0.13 iters/s

running (5m03.9s), 001/100 VUs, 838 complete and 0 interrupted iterations
normal_day ↓ [ 100% ] 002/100 VUs  5m0s  0.13 iters/s

running (5m04.9s), 001/100 VUs, 838 complete and 0 interrupted iterations
normal_day ↓ [ 100% ] 002/100 VUs  5m0s  0.13 iters/s

running (5m05.9s), 001/100 VUs, 838 complete and 0 interrupted iterations
normal_day ↓ [ 100% ] 002/100 VUs  5m0s  0.13 iters/s

running (5m06.9s), 001/100 VUs, 838 complete and 0 interrupted iterations
normal_day ↓ [ 100% ] 002/100 VUs  5m0s  0.13 iters/s
[32m     ✓ login 200[0m
[32m     ✓ post detail 200[0m
[32m     ✓ scrap 2xx[0m
[32m     ✓ unread count 200[0m
[32m     ✓ board list 200[0m
[32m     ✓ notif list 200[0m
[32m     ✓ post reaction 2xx[0m
[32m     ✓ refresh 200[0m
[32m     ✓ chat rooms 200[0m
[32m     ✓ hot daily 200[0m
[32m     ✓ chat messages 200[0m
[32m     ✓ friend list 200[0m
[32m     ✓ post list 200[0m
[32m     ✓ chat read 200[0m
[32m     ✓ post search 200[0m
[32m     ✓ post create 2xx[0m
[32m     ✓ post update 200[0m
[32m     ✓ user info 200[0m
[32m     ✓ post delete 200[0m
[32m     ✓ comment list 200[0m
[32m     ✓ my posts 200[0m
[32m     ✓ meal today 200[0m
[32m     ✓ timetable today 200[0m
[32m     ✓ comment create 2xx[0m
[32m     ✓ received reqs 200[0m
[32m     ✓ comment reaction 200[0m
[32m     ✓ ws handshake 101[0m
[32m     ✓ logout 200[0m
[32m     ✓ read all 200[0m
[32m     ✓ read one 200[0m
[32m     ✓ meal month 200[0m

     auth_token_refreshes[2m...........:[0m [36m9[0m       [36;2m0.02932/s[0m
     chat_ws_messages_sent[2m..........:[0m [36m206[0m     [36;2m0.671108/s[0m
     chat_ws_rtt[2m....................:[0m avg=[36m53.78ms[0m  min=[36m15ms[0m    med=[36m24ms[0m     max=[36m770ms[0m    p(90)=[36m86ms[0m     p(95)=[36m223.75ms[0m p(99)=[36m563.29ms[0m
     checks[2m.........................:[0m [36m100.00%[0m [36;2m✓ 3642[0m      [36;2m✗ 0[0m    
     [32m✓[0m { phase:measure }[2m............:[0m [36m100.00%[0m [36;2m✓ 2017[0m      [36;2m✗ 0[0m    
     [32m✓[0m { phase:rampdown }[2m...........:[0m [36m100.00%[0m [36;2m✓ 1156[0m      [36;2m✗ 0[0m    
     [32m✓[0m { phase:warmup }[2m.............:[0m [36m100.00%[0m [36;2m✓ 469[0m       [36;2m✗ 0[0m    
     data_received[2m..................:[0m [36m157 MB[0m  [36;2m511 kB/s[0m
     data_sent[2m......................:[0m [36m1.5 MB[0m  [36;2m4.8 kB/s[0m
     http_req_blocked[2m...............:[0m avg=[36m34.28µs[0m  min=[36m1.42µs[0m  med=[36m5.3µs[0m    max=[36m44.24ms[0m  p(90)=[36m12.86µs[0m  p(95)=[36m17.52µs[0m  p(99)=[36m663.18µs[0m
     http_req_connecting[2m............:[0m avg=[36m22.95µs[0m  min=[36m0s[0m      med=[36m0s[0m       max=[36m44.17ms[0m  p(90)=[36m0s[0m       p(95)=[36m0s[0m       p(99)=[36m446.18µs[0m
     http_req_duration[2m..............:[0m avg=[36m149.56ms[0m min=[36m2.31ms[0m  med=[36m8.97ms[0m   max=[36m13.79s[0m   p(90)=[36m305.8ms[0m  p(95)=[36m834.75ms[0m p(99)=[36m2.11s[0m   
       { expected_response:true }[2m...:[0m avg=[36m149.56ms[0m min=[36m2.31ms[0m  med=[36m8.97ms[0m   max=[36m13.79s[0m   p(90)=[36m305.8ms[0m  p(95)=[36m834.75ms[0m p(99)=[36m2.11s[0m   
     [32m✓[0m { feature:auth }[2m.............:[0m avg=[36m562.09ms[0m min=[36m19.13ms[0m med=[36m588.82ms[0m max=[36m1.58s[0m    p(90)=[36m1.1s[0m     p(95)=[36m1.27s[0m    p(99)=[36m1.35s[0m   
     [32m✓[0m { feature:board }[2m............:[0m avg=[36m29.85ms[0m  min=[36m2.44ms[0m  med=[36m3.96ms[0m   max=[36m801.29ms[0m p(90)=[36m49.06ms[0m  p(95)=[36m152.86ms[0m p(99)=[36m567.38ms[0m
     [32m✓[0m { feature:chat }[2m.............:[0m avg=[36m22.35ms[0m  min=[36m2.61ms[0m  med=[36m5.69ms[0m   max=[36m503.74ms[0m p(90)=[36m46.36ms[0m  p(95)=[36m112.12ms[0m p(99)=[36m278.19ms[0m
     [32m✓[0m { feature:comment }[2m..........:[0m avg=[36m580.85ms[0m min=[36m2.35ms[0m  med=[36m66.58ms[0m  max=[36m13.79s[0m   p(90)=[36m1.62s[0m    p(95)=[36m2.22s[0m    p(99)=[36m8.56s[0m   
     [32m✓[0m { feature:friend }[2m...........:[0m avg=[36m30.83ms[0m  min=[36m2.71ms[0m  med=[36m4.93ms[0m   max=[36m763.66ms[0m p(90)=[36m17.32ms[0m  p(95)=[36m82.6ms[0m   p(99)=[36m537.59ms[0m
     [32m✓[0m { feature:hot }[2m..............:[0m avg=[36m66.15ms[0m  min=[36m9.11ms[0m  med=[36m12.69ms[0m  max=[36m1.3s[0m     p(90)=[36m211.88ms[0m p(95)=[36m362.88ms[0m p(99)=[36m882.98ms[0m
     [32m✓[0m { feature:mypage }[2m...........:[0m avg=[36m19.13ms[0m  min=[36m2.31ms[0m  med=[36m4.37ms[0m   max=[36m223.4ms[0m  p(90)=[36m70.04ms[0m  p(95)=[36m86.21ms[0m  p(99)=[36m177.05ms[0m
     [32m✓[0m { feature:notification }[2m.....:[0m avg=[36m19.82ms[0m  min=[36m2.72ms[0m  med=[36m8ms[0m      max=[36m1.06s[0m    p(90)=[36m20.58ms[0m  p(95)=[36m37.5ms[0m   p(99)=[36m154.69ms[0m
     [32m✓[0m { feature:post }[2m.............:[0m avg=[36m30.23ms[0m  min=[36m2.39ms[0m  med=[36m6.04ms[0m   max=[36m1.38s[0m    p(90)=[36m31.88ms[0m  p(95)=[36m131.15ms[0m p(99)=[36m543.59ms[0m
     [32m✓[0m { feature:reaction }[2m.........:[0m avg=[36m95.88ms[0m  min=[36m16.8ms[0m  med=[36m24.31ms[0m  max=[36m1.22s[0m    p(90)=[36m238.46ms[0m p(95)=[36m511ms[0m    p(99)=[36m900.27ms[0m
     [32m✓[0m { feature:school }[2m...........:[0m avg=[36m5.12ms[0m   min=[36m2.7ms[0m   med=[36m4.03ms[0m   max=[36m12.01ms[0m  p(90)=[36m8.78ms[0m   p(95)=[36m9.71ms[0m   p(99)=[36m11.54ms[0m 
     [32m✓[0m { feature:scrap }[2m............:[0m avg=[36m37.83ms[0m  min=[36m14.98ms[0m med=[36m20.34ms[0m  max=[36m323.99ms[0m p(90)=[36m40ms[0m     p(95)=[36m56.75ms[0m  p(99)=[36m270.54ms[0m
     [32m✓[0m { feature:timetable }[2m........:[0m avg=[36m9.27ms[0m   min=[36m2.59ms[0m  med=[36m5.72ms[0m   max=[36m64.32ms[0m  p(90)=[36m11.26ms[0m  p(95)=[36m25.84ms[0m  p(99)=[36m56.63ms[0m 
     [32m✓[0m { op:auth }[2m..................:[0m avg=[36m562.09ms[0m min=[36m19.13ms[0m med=[36m588.82ms[0m max=[36m1.58s[0m    p(90)=[36m1.1s[0m     p(95)=[36m1.27s[0m    p(99)=[36m1.35s[0m   
     [31m✗[0m { op:read,phase:measure }[2m....:[0m avg=[36m86.46ms[0m  min=[36m2.31ms[0m  med=[36m6.42ms[0m   max=[36m3.82s[0m    p(90)=[36m84.81ms[0m  p(95)=[36m473.38ms[0m p(99)=[36m1.82s[0m   
     [32m✓[0m { op:write,phase:measure }[2m...:[0m avg=[36m28.45ms[0m  min=[36m2.95ms[0m  med=[36m19.2ms[0m   max=[36m479.39ms[0m p(90)=[36m38.66ms[0m  p(95)=[36m48.37ms[0m  p(99)=[36m391.93ms[0m
     [32m✓[0m { page:0 }[2m...................:[0m avg=[36m39.55ms[0m  min=[36m2.44ms[0m  med=[36m4.32ms[0m   max=[36m1.38s[0m    p(90)=[36m52.5ms[0m   p(95)=[36m133.04ms[0m p(99)=[36m706.4ms[0m 
     [32m✓[0m { page:1 }[2m...................:[0m avg=[36m37.69ms[0m  min=[36m2.39ms[0m  med=[36m4.19ms[0m   max=[36m544.31ms[0m p(90)=[36m51.6ms[0m   p(95)=[36m308.16ms[0m p(99)=[36m540.26ms[0m
     [32m✓[0m { page:2 }[2m...................:[0m avg=[36m9.26ms[0m   min=[36m2.63ms[0m  med=[36m3.98ms[0m   max=[36m80ms[0m     p(90)=[36m26.01ms[0m  p(95)=[36m27.33ms[0m  p(99)=[36m59.91ms[0m 
     [32m✓[0m { page:3 }[2m...................:[0m avg=[36m61.56ms[0m  min=[36m2.62ms[0m  med=[36m4.4ms[0m    max=[36m1.04s[0m    p(90)=[36m57.92ms[0m  p(95)=[36m195.29ms[0m p(99)=[36m851.2ms[0m 
     [32m✓[0m { page:4 }[2m...................:[0m avg=[36m20.34ms[0m  min=[36m2.84ms[0m  med=[36m9.4ms[0m    max=[36m115.32ms[0m p(90)=[36m35.27ms[0m  p(95)=[36m59.24ms[0m  p(99)=[36m104.1ms[0m 
     [32m✓[0m { phase:measure }[2m............:[0m avg=[36m81.91ms[0m  min=[36m2.31ms[0m  med=[36m6.78ms[0m   max=[36m3.82s[0m    p(90)=[36m72.17ms[0m  p(95)=[36m402.17ms[0m p(99)=[36m1.79s[0m   
     [32m✓[0m { phase:rampdown }[2m...........:[0m avg=[36m109.53ms[0m min=[36m2.38ms[0m  med=[36m7.3ms[0m    max=[36m6.31s[0m    p(90)=[36m94.01ms[0m  p(95)=[36m438.46ms[0m p(99)=[36m2.4s[0m    
     [32m✓[0m { phase:warmup }[2m.............:[0m avg=[36m535.18ms[0m min=[36m4.22ms[0m  med=[36m167.03ms[0m max=[36m13.79s[0m   p(90)=[36m982.78ms[0m p(95)=[36m1.26s[0m    p(99)=[36m10.29s[0m  
     http_req_failed[2m................:[0m [36m0.00%[0m   [36;2m✓ 0[0m         [36;2m✗ 3602[0m 
     [32m✓[0m { phase:measure }[2m............:[0m [36m0.00%[0m   [36;2m✓ 0[0m         [36;2m✗ 1992[0m 
     [32m✓[0m { phase:rampdown }[2m...........:[0m [36m0.00%[0m   [36;2m✓ 0[0m         [36;2m✗ 1142[0m 
     [32m✓[0m { phase:warmup }[2m.............:[0m [36m0.00%[0m   [36;2m✓ 0[0m         [36;2m✗ 468[0m  
     http_req_receiving[2m.............:[0m avg=[36m1.24ms[0m   min=[36m34.69µs[0m med=[36m224.59µs[0m max=[36m293.34ms[0m p(90)=[36m934.02µs[0m p(95)=[36m2.61ms[0m   p(99)=[36m10.51ms[0m 
     http_req_sending[2m...............:[0m avg=[36m42.82µs[0m  min=[36m4.56µs[0m  med=[36m28.85µs[0m  max=[36m933.97µs[0m p(90)=[36m82.36µs[0m  p(95)=[36m112.03µs[0m p(99)=[36m211.43µs[0m
     http_req_tls_handshaking[2m.......:[0m avg=[36m0s[0m       min=[36m0s[0m      med=[36m0s[0m       max=[36m0s[0m       p(90)=[36m0s[0m       p(95)=[36m0s[0m       p(99)=[36m0s[0m      
     http_req_waiting[2m...............:[0m avg=[36m148.27ms[0m min=[36m2.12ms[0m  med=[36m8.61ms[0m   max=[36m13.49s[0m   p(90)=[36m300.72ms[0m p(95)=[36m834.21ms[0m p(99)=[36m2.1s[0m    
     http_reqs[2m......................:[0m [36m3602[0m    [36;2m11.734611/s[0m
     [32m✓[0m { feature:auth }[2m.............:[0m [36m113[0m     [36;2m0.368132/s[0m
     [32m✓[0m { feature:board }[2m............:[0m [36m320[0m     [36;2m1.042497/s[0m
     [32m✓[0m { feature:chat }[2m.............:[0m [36m278[0m     [36;2m0.90567/s[0m
     [32m✓[0m { feature:comment }[2m..........:[0m [36m652[0m     [36;2m2.124088/s[0m
     [32m✓[0m { feature:friend }[2m...........:[0m [36m46[0m      [36;2m0.149859/s[0m
     [32m✓[0m { feature:hot }[2m..............:[0m [36m320[0m     [36;2m1.042497/s[0m
     [32m✓[0m { feature:mypage }[2m...........:[0m [36m74[0m      [36;2m0.241078/s[0m
     [32m✓[0m { feature:notification }[2m.....:[0m [36m151[0m     [36;2m0.491928/s[0m
     [32m✓[0m { feature:post }[2m.............:[0m [36m1512[0m    [36;2m4.9258/s[0m
     [32m✓[0m { feature:reaction }[2m.........:[0m [36m72[0m      [36;2m0.234562/s[0m
     [32m✓[0m { feature:school }[2m...........:[0m [36m22[0m      [36;2m0.071672/s[0m
     [32m✓[0m { feature:scrap }[2m............:[0m [36m21[0m      [36;2m0.068414/s[0m
     [32m✓[0m { feature:timetable }[2m........:[0m [36m21[0m      [36;2m0.068414/s[0m
     [32m✓[0m { op:auth }[2m..................:[0m [36m113[0m     [36;2m0.368132/s[0m
     [32m✓[0m { op:read }[2m..................:[0m [36m3229[0m    [36;2m10.51945/s[0m
     [32m✓[0m { op:write }[2m.................:[0m [36m260[0m     [36;2m0.847029/s[0m
     [32m✓[0m { page:0 }[2m...................:[0m [36m174[0m     [36;2m0.566858/s[0m
     [32m✓[0m { page:1 }[2m...................:[0m [36m63[0m      [36;2m0.205242/s[0m
     [32m✓[0m { page:2 }[2m...................:[0m [36m42[0m      [36;2m0.136828/s[0m
     [32m✓[0m { page:3 }[2m...................:[0m [36m25[0m      [36;2m0.081445/s[0m
     [32m✓[0m { page:4 }[2m...................:[0m [36m16[0m      [36;2m0.052125/s[0m
     [32m✓[0m { phase:measure }[2m............:[0m [36m1992[0m    [36;2m6.489546/s[0m
     [32m✓[0m { phase:rampdown }[2m...........:[0m [36m1142[0m    [36;2m3.720412/s[0m
     [32m✓[0m { phase:warmup }[2m.............:[0m [36m468[0m     [36;2m1.524652/s[0m
     iteration_duration[2m.............:[0m avg=[36m10.06s[0m   min=[36m1.08s[0m   med=[36m7.34s[0m    max=[36m39.63s[0m   p(90)=[36m19.6s[0m    p(95)=[36m21.9s[0m    p(99)=[36m28.11s[0m  
     iterations[2m.....................:[0m [36m839[0m     [36;2m2.733298/s[0m
     [32m✓[0m { phase:measure }[2m............:[0m [36m0[0m       [36;2m0/s[0m
     [32m✓[0m { phase:rampdown }[2m...........:[0m [36m0[0m       [36;2m0/s[0m
     [32m✓[0m { phase:warmup }[2m.............:[0m [36m0[0m       [36;2m0/s[0m
     phase_iterations[2m...............:[0m [36m839[0m     [36;2m2.733298/s[0m
     [32m✓[0m { phase:measure }[2m............:[0m [36m484[0m     [36;2m1.576777/s[0m
     [32m✓[0m { phase:rampdown }[2m...........:[0m [36m279[0m     [36;2m0.908927/s[0m
     [32m✓[0m { phase:warmup }[2m.............:[0m [36m76[0m      [36;2m0.247593/s[0m
     vus[2m............................:[0m [36m1[0m       [36;2mmin=0[0m       [36;2mmax=47[0m 
     vus_max[2m........................:[0m [36m100[0m     [36;2mmin=100[0m     [36;2mmax=100[0m
     ws_connecting[2m..................:[0m avg=[36m44.34ms[0m  min=[36m2.29ms[0m  med=[36m3.3ms[0m    max=[36m404.88ms[0m p(90)=[36m108.48ms[0m p(95)=[36m306.61ms[0m p(99)=[36m404.8ms[0m 
     ws_msgs_received[2m...............:[0m [36m246[0m     [36;2m0.80142/s[0m
     ws_msgs_sent[2m...................:[0m [36m286[0m     [36;2m0.931732/s[0m
     ws_session_duration[2m............:[0m avg=[36m22.16s[0m   min=[36m15.01s[0m  med=[36m21.73s[0m   max=[36m29.82s[0m   p(90)=[36m28.53s[0m   p(95)=[36m29.4s[0m    p(99)=[36m29.82s[0m  
     ws_sessions[2m....................:[0m [36m40[0m      [36;2m0.130312/s[0m
running (5m07.0s), 000/100 VUs, 839 complete and 0 interrupted iterations
normal_day ✓ [ 100% ] 000/100 VUs  5m0s  0.13 iters/s
  호스트(Windows) 297표본 · CPU 17.9% (max 58.0) · 정규화성능 112.0% · vmmem 144.9% · 바쁜코어 2.1개 · 가용메모리 3132MB
  부하 중 벤치: 없음 (벤치 시점을 정할 수 없음 — warmup 120초 이상을 --warmup 으로 주거나 --loadbench-at <초> 로 직접 지정)

  실행 후 상태 sha256:e59fe6a55738 — chat_messages.count +206, chat_messages.maxId +206, posts_reactions.maxId +36, comments.count +35, comments.maxId +35 (외 13개)
    (지문 제외 항목: posts.sumViewCount +951, daily_hot_post.count +50)
Prometheus 스크레이프 대기 20초...

══════════════════════════════════════════════════════════════════════════
  Performance Report — normal-day   Run #108   ❌ FAIL
══════════════════════════════════════════════════════════════════════════
  환경 perf  |  브랜치 personal/localdocs  |  커밋 3e96d946  |  빌드 local
  시작 2026-08-20 13:29:10 KST  |  수행 5m 7s  |  VU max 100
  데이터셋 medium  |  부하 ramping-arrival-rate 0→4@1m0s→4@2m0s→0@2m0s maxVU 600

  ── 성능 (measure 구간) ─────────────────────────────────────────
  평균 82ms      P95 402ms     P99 1.79s    
  RPS  16.6      TPS 4.03      오류율 0.00%

  ── 인프라 ────────────────────────────────────────────────────────
  CPU  1.47 core (한계의 74%)   throttled 10.0%
  Heap 763 MB (74%)   GC max 197ms × 31회
  DB   slow 289  QPS 4,842  풀 40%  대기 0
  Redis hit 99.2%  ops 58.9/s  evicted 0

  ── 회귀 ──────────────────────────────────────────────────────────
  ⚠  기준선으로 쓸 수 있는 과거 실행이 없어 상대 비교를 생략했습니다 (절대 게이트만 적용).
     · normal-day-2026-08-20T04-26-24 — 부하 프로파일: ramping-arrival-rate 0→5@1m0s→5@2m0s→0@2m0s maxVU 600 → ramping-arrival-rate 0→4@1m0s→4@2m0s→0@2m0s maxVU 600
     · normal-day-2026-08-20T04-18-15 — 부하 프로파일: ramping-arrival-rate 0→3@1m0s→3@2m0s→0@2m0s maxVU 600 → ramping-arrival-rate 0→4@1m0s→4@2m0s→0@2m0s maxVU 600
     · normal-day-2026-08-20T02-36-34 — 부하 프로파일: ramping-vus 0→5@2m0s→5@30s→0@2m0s → ramping-arrival-rate 0→4@1m0s→4@2m0s→0@2m0s maxVU 600; 측정 구간 설계: steady-state · warmup 120s · measure 30s · rampdown 120s · gate:measure → steady-state · warmup 60s · measure 120s · rampdown 120s · gate:measure

  ── 병목 가설 ─────────────────────────────────────────────────────
  • CPU throttling 발생
    cgroup이 CPU를 강제 회수한 주기가 10.0%다. CPU 한계(2 core)를 올리거나 요청당 CPU 사용을 줄여야 p99가 안정된다.
  • HTTP 요청당 쿼리 수 과다
    요청 1건당 평균 291.7개 쿼리가 실행됐다. N+1 패턴 가능성이 높다.
  • Slow Query 다발
    요청 1000건당 145.1건의 slow query(>100ms). 인덱스 또는 쿼리 계획 점검 대상.

  보고서 : reports\runs\normal-day-2026-08-20T04-34-17\report.html
  Grafana(전체 실행): http://localhost:3001/d/htd-perf-overview/highteenday-performance-overview?from=1787200030374&to=1787200577330
  Grafana(measure) : http://localhost:3001/d/htd-perf-overview/highteenday-performance-overview?from=1787200090374&to=1787200450374
══════════════════════════════════════════════════════════════════════════

