
▶ k6 run scenarios/normal-day.js
  브랜치 personal/localdocs · 커밋 3e96d9463207 · 실행자 user@DESKTOP-DJJPASG
  환경 perf · "P1 calibration RATE=3 open model"
  데이터셋 medium · 상태 sha256:9017a9275c36 (209ms)
  캐시 warm (키 1개)
  guard strict — 상태 불일치 시 스냅샷 복원 후 재확인 [perf.config.json]
    guard=strict — 스냅샷으로 복원합니다.
▶ 복원 — medium-20260816-062210 → perf-mysql-data-medium
  앱·MySQL 정지
  MySQL 기동
  Redis FLUSHALL (복원 후 캐시는 cold 다)
  앱 기동
  복원 후 상태 지문 sha256:ffe696d17416 = 스냅샷 일치

✅ 복원 완료 · 소요 5.3초 (압축 해제 구간)

  부하 발생기: 컨테이너 perf-k6 (grafana/k6:2.1.0, CPU 상한 4)
  k6 지표 전송: http://prometheus:9090/api/v1/write (native histogram, 5s 간격)
  환경 대조 벤치 실행 중(3축 3회, 약 40초)... single 4902ms · parallel 4271ms · ctxswitch 2352ms
  ⚠ 부하 중 벤치 생략 — 벤치 시점을 정할 수 없음 — warmup 120초 이상을 --warmup 으로 주거나 --loadbench-at <초> 로 직접 지정

         /\      Grafana   /‾‾/  
    /\  /  \     |\  __   /  /   
   /  \/    \    | |/ /  /   ‾‾\ 
  /          \   |   (  |  (‾)  |
 / __________ \  |_|\_\  \_____/ 


     execution: local
        script: scenarios/normal-day.js
        output: Prometheus remote write (http://prometheus:9090/api/v1/write)

     scenarios: (100.00%) 1 scenario, 600 max VUs, 5m30s max duration (incl. graceful stop):
              * normal_day: Up to 3.00 iterations/s for 5m0s over 3 stages (maxVUs: 100-600, gracefulStop: 30s)


running (0m00.9s), 000/100 VUs, 0 complete and 0 interrupted iterations
normal_day   [   0% ] 000/100 VUs  0m00.9s/5m0s  0.16 iters/s

running (0m01.9s), 000/100 VUs, 0 complete and 0 interrupted iterations
normal_day   [   1% ] 000/100 VUs  0m01.9s/5m0s  0.16 iters/s

running (0m02.9s), 000/100 VUs, 0 complete and 0 interrupted iterations
normal_day   [   1% ] 000/100 VUs  0m02.9s/5m0s  0.16 iters/s

running (0m03.9s), 000/100 VUs, 0 complete and 0 interrupted iterations
normal_day   [   1% ] 000/100 VUs  0m03.9s/5m0s  0.16 iters/s

running (0m04.9s), 000/100 VUs, 0 complete and 0 interrupted iterations
normal_day   [   2% ] 000/100 VUs  0m04.9s/5m0s  0.16 iters/s

running (0m05.9s), 000/100 VUs, 0 complete and 0 interrupted iterations
normal_day   [   2% ] 000/100 VUs  0m05.9s/5m0s  0.16 iters/s

running (0m06.9s), 001/100 VUs, 0 complete and 0 interrupted iterations
normal_day   [   2% ] 001/100 VUs  0m06.9s/5m0s  0.38 iters/s

running (0m07.9s), 001/100 VUs, 0 complete and 0 interrupted iterations
normal_day   [   3% ] 001/100 VUs  0m07.9s/5m0s  0.38 iters/s

running (0m08.9s), 001/100 VUs, 0 complete and 0 interrupted iterations
normal_day   [   3% ] 001/100 VUs  0m08.9s/5m0s  0.38 iters/s

running (0m09.9s), 002/100 VUs, 0 complete and 0 interrupted iterations
normal_day   [   3% ] 002/100 VUs  0m09.9s/5m0s  0.50 iters/s

running (0m10.9s), 001/100 VUs, 1 complete and 0 interrupted iterations
normal_day   [   4% ] 001/100 VUs  0m10.9s/5m0s  0.50 iters/s

running (0m11.9s), 002/100 VUs, 1 complete and 0 interrupted iterations
normal_day   [   4% ] 002/100 VUs  0m11.9s/5m0s  0.59 iters/s

running (0m12.9s), 003/100 VUs, 1 complete and 0 interrupted iterations
normal_day   [   4% ] 003/100 VUs  0m12.9s/5m0s  0.67 iters/s

running (0m13.9s), 003/100 VUs, 1 complete and 0 interrupted iterations
normal_day   [   5% ] 003/100 VUs  0m13.9s/5m0s  0.67 iters/s

running (0m14.9s), 003/100 VUs, 2 complete and 0 interrupted iterations
normal_day   [   5% ] 003/100 VUs  0m14.9s/5m0s  0.74 iters/s

running (0m15.9s), 004/100 VUs, 2 complete and 0 interrupted iterations
normal_day   [   5% ] 004/100 VUs  0m15.9s/5m0s  0.81 iters/s

running (0m16.9s), 005/100 VUs, 2 complete and 0 interrupted iterations
normal_day   [   6% ] 005/100 VUs  0m16.9s/5m0s  0.87 iters/s

running (0m17.9s), 005/100 VUs, 3 complete and 0 interrupted iterations
normal_day   [   6% ] 005/100 VUs  0m17.9s/5m0s  0.92 iters/s

running (0m18.9s), 005/100 VUs, 3 complete and 0 interrupted iterations
normal_day   [   6% ] 005/100 VUs  0m18.9s/5m0s  0.92 iters/s

running (0m19.9s), 005/100 VUs, 4 complete and 0 interrupted iterations
normal_day   [   7% ] 005/100 VUs  0m19.9s/5m0s  0.97 iters/s

running (0m20.9s), 006/100 VUs, 4 complete and 0 interrupted iterations
normal_day   [   7% ] 006/100 VUs  0m20.9s/5m0s  1.02 iters/s

running (0m21.9s), 007/100 VUs, 4 complete and 0 interrupted iterations
normal_day   [   7% ] 007/100 VUs  0m21.9s/5m0s  1.07 iters/s

running (0m22.9s), 009/100 VUs, 4 complete and 0 interrupted iterations
normal_day   [   8% ] 009/100 VUs  0m22.9s/5m0s  1.16 iters/s

running (0m23.9s), 009/100 VUs, 5 complete and 0 interrupted iterations
normal_day   [   8% ] 009/100 VUs  0m23.9s/5m0s  1.20 iters/s

running (0m24.9s), 010/100 VUs, 5 complete and 0 interrupted iterations
normal_day   [   8% ] 010/100 VUs  0m24.9s/5m0s  1.24 iters/s

running (0m25.9s), 010/100 VUs, 6 complete and 0 interrupted iterations
normal_day   [   9% ] 010/100 VUs  0m25.9s/5m0s  1.28 iters/s

running (0m26.9s), 012/100 VUs, 6 complete and 0 interrupted iterations
normal_day   [   9% ] 012/100 VUs  0m26.9s/5m0s  1.36 iters/s

running (0m27.9s), 013/100 VUs, 6 complete and 0 interrupted iterations
normal_day   [   9% ] 013/100 VUs  0m27.9s/5m0s  1.40 iters/s

running (0m28.9s), 013/100 VUs, 7 complete and 0 interrupted iterations
normal_day   [  10% ] 013/100 VUs  0m28.9s/5m0s  1.43 iters/s

running (0m29.9s), 014/100 VUs, 8 complete and 0 interrupted iterations
normal_day   [  10% ] 014/100 VUs  0m29.9s/5m0s  1.50 iters/s

running (0m30.9s), 015/100 VUs, 8 complete and 0 interrupted iterations
normal_day   [  10% ] 015/100 VUs  0m30.9s/5m0s  1.53 iters/s

running (0m31.9s), 017/100 VUs, 8 complete and 0 interrupted iterations
normal_day   [  11% ] 017/100 VUs  0m31.9s/5m0s  1.60 iters/s

running (0m32.9s), 019/100 VUs, 8 complete and 0 interrupted iterations
normal_day   [  11% ] 019/100 VUs  0m32.9s/5m0s  1.66 iters/s

running (0m33.9s), 019/100 VUs, 9 complete and 0 interrupted iterations
normal_day   [  11% ] 019/100 VUs  0m33.9s/5m0s  1.69 iters/s

running (0m34.9s), 019/100 VUs, 11 complete and 0 interrupted iterations
normal_day   [  12% ] 019/100 VUs  0m34.9s/5m0s  1.75 iters/s

running (0m35.9s), 018/100 VUs, 14 complete and 0 interrupted iterations
normal_day   [  12% ] 018/100 VUs  0m35.9s/5m0s  1.80 iters/s

running (0m36.9s), 018/100 VUs, 16 complete and 0 interrupted iterations
normal_day   [  12% ] 018/100 VUs  0m36.9s/5m0s  1.86 iters/s

running (0m37.9s), 019/100 VUs, 16 complete and 0 interrupted iterations
normal_day   [  13% ] 019/100 VUs  0m37.9s/5m0s  1.88 iters/s

running (0m38.9s), 020/100 VUs, 17 complete and 0 interrupted iterations
normal_day   [  13% ] 020/100 VUs  0m38.9s/5m0s  1.94 iters/s

running (0m39.9s), 020/100 VUs, 19 complete and 0 interrupted iterations
normal_day   [  13% ] 020/100 VUs  0m39.9s/5m0s  1.99 iters/s

running (0m40.9s), 019/100 VUs, 22 complete and 0 interrupted iterations
normal_day   [  14% ] 019/100 VUs  0m40.9s/5m0s  2.04 iters/s

running (0m41.9s), 020/100 VUs, 23 complete and 0 interrupted iterations
normal_day   [  14% ] 020/100 VUs  0m41.9s/5m0s  2.09 iters/s

running (0m42.9s), 020/100 VUs, 25 complete and 0 interrupted iterations
normal_day   [  14% ] 020/100 VUs  0m42.9s/5m0s  2.13 iters/s

running (0m43.9s), 019/100 VUs, 29 complete and 0 interrupted iterations
normal_day   [  15% ] 019/100 VUs  0m43.9s/5m0s  2.20 iters/s

running (0m44.9s), 019/100 VUs, 31 complete and 0 interrupted iterations
normal_day   [  15% ] 019/100 VUs  0m44.9s/5m0s  2.25 iters/s

running (0m45.9s), 020/100 VUs, 32 complete and 0 interrupted iterations
normal_day   [  15% ] 020/100 VUs  0m45.9s/5m0s  2.29 iters/s

running (0m46.9s), 016/100 VUs, 38 complete and 0 interrupted iterations
normal_day   [  16% ] 016/100 VUs  0m46.9s/5m0s  2.33 iters/s

running (0m47.9s), 018/100 VUs, 39 complete and 0 interrupted iterations
normal_day   [  16% ] 018/100 VUs  0m47.9s/5m0s  2.40 iters/s

running (0m48.9s), 017/100 VUs, 42 complete and 0 interrupted iterations
normal_day   [  16% ] 017/100 VUs  0m48.9s/5m0s  2.44 iters/s

running (0m49.9s), 020/100 VUs, 42 complete and 0 interrupted iterations
normal_day   [  17% ] 020/100 VUs  0m49.9s/5m0s  2.50 iters/s

running (0m50.9s), 020/100 VUs, 44 complete and 0 interrupted iterations
normal_day   [  17% ] 020/100 VUs  0m50.9s/5m0s  2.54 iters/s

running (0m51.9s), 020/100 VUs, 47 complete and 0 interrupted iterations
normal_day   [  17% ] 020/100 VUs  0m51.9s/5m0s  2.60 iters/s

running (0m52.9s), 021/100 VUs, 48 complete and 0 interrupted iterations
normal_day   [  18% ] 021/100 VUs  0m52.9s/5m0s  2.64 iters/s

running (0m53.9s), 020/100 VUs, 52 complete and 0 interrupted iterations
normal_day   [  18% ] 020/100 VUs  0m53.9s/5m0s  2.69 iters/s

running (0m54.9s), 021/100 VUs, 54 complete and 0 interrupted iterations
normal_day   [  18% ] 021/100 VUs  0m54.9s/5m0s  2.75 iters/s

running (0m55.9s), 022/100 VUs, 56 complete and 0 interrupted iterations
normal_day   [  19% ] 022/100 VUs  0m55.9s/5m0s  2.80 iters/s

running (0m56.9s), 022/100 VUs, 58 complete and 0 interrupted iterations
normal_day   [  19% ] 022/100 VUs  0m56.9s/5m0s  2.84 iters/s

running (0m57.9s), 023/100 VUs, 60 complete and 0 interrupted iterations
normal_day   [  19% ] 023/100 VUs  0m57.9s/5m0s  2.89 iters/s

running (0m58.9s), 026/100 VUs, 60 complete and 0 interrupted iterations
normal_day   [  20% ] 026/100 VUs  0m58.9s/5m0s  2.94 iters/s

running (0m59.9s), 027/100 VUs, 62 complete and 0 interrupted iterations
normal_day   [  20% ] 027/100 VUs  0m59.9s/5m0s  2.99 iters/s

running (1m00.9s), 027/100 VUs, 65 complete and 0 interrupted iterations
normal_day   [  20% ] 027/100 VUs  1m00.9s/5m0s  3.00 iters/s

running (1m01.9s), 027/100 VUs, 68 complete and 0 interrupted iterations
normal_day   [  21% ] 027/100 VUs  1m01.9s/5m0s  3.00 iters/s

running (1m02.9s), 027/100 VUs, 71 complete and 0 interrupted iterations
normal_day   [  21% ] 027/100 VUs  1m02.9s/5m0s  3.00 iters/s

running (1m03.9s), 028/100 VUs, 73 complete and 0 interrupted iterations
normal_day   [  21% ] 028/100 VUs  1m03.9s/5m0s  3.00 iters/s

running (1m04.9s), 028/100 VUs, 76 complete and 0 interrupted iterations
normal_day   [  22% ] 028/100 VUs  1m04.9s/5m0s  3.00 iters/s

running (1m05.9s), 030/100 VUs, 77 complete and 0 interrupted iterations
normal_day   [  22% ] 030/100 VUs  1m05.9s/5m0s  3.00 iters/s

running (1m06.9s), 031/100 VUs, 79 complete and 0 interrupted iterations
normal_day   [  22% ] 031/100 VUs  1m06.9s/5m0s  3.00 iters/s

running (1m07.9s), 033/100 VUs, 80 complete and 0 interrupted iterations
normal_day   [  23% ] 033/100 VUs  1m07.9s/5m0s  3.00 iters/s

running (1m08.9s), 032/100 VUs, 84 complete and 0 interrupted iterations
normal_day   [  23% ] 032/100 VUs  1m08.9s/5m0s  3.00 iters/s

running (1m09.9s), 032/100 VUs, 87 complete and 0 interrupted iterations
normal_day   [  23% ] 032/100 VUs  1m09.9s/5m0s  3.00 iters/s

running (1m10.9s), 032/100 VUs, 90 complete and 0 interrupted iterations
normal_day   [  24% ] 032/100 VUs  1m10.9s/5m0s  3.00 iters/s

running (1m11.9s), 035/100 VUs, 90 complete and 0 interrupted iterations
normal_day   [  24% ] 035/100 VUs  1m11.9s/5m0s  3.00 iters/s

running (1m12.9s), 033/100 VUs, 95 complete and 0 interrupted iterations
normal_day   [  24% ] 033/100 VUs  1m12.9s/5m0s  3.00 iters/s

running (1m13.9s), 033/100 VUs, 98 complete and 0 interrupted iterations
normal_day   [  25% ] 033/100 VUs  1m13.9s/5m0s  3.00 iters/s

running (1m14.9s), 033/100 VUs, 101 complete and 0 interrupted iterations
normal_day   [  25% ] 033/100 VUs  1m14.9s/5m0s  3.00 iters/s

running (1m15.9s), 033/100 VUs, 104 complete and 0 interrupted iterations
normal_day   [  25% ] 033/100 VUs  1m15.9s/5m0s  3.00 iters/s

running (1m16.9s), 035/100 VUs, 105 complete and 0 interrupted iterations
normal_day   [  26% ] 035/100 VUs  1m16.9s/5m0s  3.00 iters/s

running (1m17.9s), 035/100 VUs, 108 complete and 0 interrupted iterations
normal_day   [  26% ] 035/100 VUs  1m17.9s/5m0s  3.00 iters/s

running (1m18.9s), 030/100 VUs, 116 complete and 0 interrupted iterations
normal_day   [  26% ] 030/100 VUs  1m18.9s/5m0s  3.00 iters/s

running (1m19.9s), 027/100 VUs, 122 complete and 0 interrupted iterations
normal_day   [  27% ] 027/100 VUs  1m19.9s/5m0s  3.00 iters/s

running (1m20.9s), 026/100 VUs, 126 complete and 0 interrupted iterations
normal_day   [  27% ] 026/100 VUs  1m20.9s/5m0s  3.00 iters/s

running (1m21.9s), 023/100 VUs, 132 complete and 0 interrupted iterations
normal_day   [  27% ] 023/100 VUs  1m21.9s/5m0s  3.00 iters/s

running (1m22.9s), 021/100 VUs, 137 complete and 0 interrupted iterations
normal_day   [  28% ] 021/100 VUs  1m22.9s/5m0s  3.00 iters/s

running (1m23.9s), 023/100 VUs, 138 complete and 0 interrupted iterations
normal_day   [  28% ] 023/100 VUs  1m23.9s/5m0s  3.00 iters/s

running (1m24.9s), 025/100 VUs, 139 complete and 0 interrupted iterations
normal_day   [  28% ] 025/100 VUs  1m24.9s/5m0s  3.00 iters/s

running (1m25.9s), 026/100 VUs, 141 complete and 0 interrupted iterations
normal_day   [  29% ] 026/100 VUs  1m25.9s/5m0s  3.00 iters/s

running (1m26.9s), 025/100 VUs, 145 complete and 0 interrupted iterations
normal_day   [  29% ] 025/100 VUs  1m26.9s/5m0s  3.00 iters/s

running (1m27.9s), 025/100 VUs, 148 complete and 0 interrupted iterations
normal_day   [  29% ] 025/100 VUs  1m27.9s/5m0s  3.00 iters/s

running (1m28.9s), 025/100 VUs, 151 complete and 0 interrupted iterations
normal_day   [  30% ] 025/100 VUs  1m28.9s/5m0s  3.00 iters/s

running (1m29.9s), 028/100 VUs, 151 complete and 0 interrupted iterations
normal_day   [  30% ] 028/100 VUs  1m29.9s/5m0s  3.00 iters/s

running (1m30.9s), 027/100 VUs, 155 complete and 0 interrupted iterations
normal_day   [  30% ] 027/100 VUs  1m30.9s/5m0s  3.00 iters/s

running (1m31.9s), 026/100 VUs, 159 complete and 0 interrupted iterations
normal_day   [  31% ] 026/100 VUs  1m31.9s/5m0s  3.00 iters/s

running (1m32.9s), 028/100 VUs, 160 complete and 0 interrupted iterations
normal_day   [  31% ] 028/100 VUs  1m32.9s/5m0s  3.00 iters/s

running (1m33.9s), 029/100 VUs, 162 complete and 0 interrupted iterations
normal_day   [  31% ] 029/100 VUs  1m33.9s/5m0s  3.00 iters/s

running (1m34.9s), 027/100 VUs, 167 complete and 0 interrupted iterations
normal_day   [  32% ] 027/100 VUs  1m34.9s/5m0s  3.00 iters/s

running (1m35.9s), 028/100 VUs, 169 complete and 0 interrupted iterations
normal_day   [  32% ] 028/100 VUs  1m35.9s/5m0s  3.00 iters/s

running (1m36.9s), 027/100 VUs, 173 complete and 0 interrupted iterations
normal_day   [  32% ] 027/100 VUs  1m36.9s/5m0s  3.00 iters/s

running (1m37.9s), 026/100 VUs, 177 complete and 0 interrupted iterations
normal_day   [  33% ] 026/100 VUs  1m37.9s/5m0s  3.00 iters/s

running (1m38.9s), 024/100 VUs, 182 complete and 0 interrupted iterations
normal_day   [  33% ] 024/100 VUs  1m38.9s/5m0s  3.00 iters/s

running (1m39.9s), 026/100 VUs, 183 complete and 0 interrupted iterations
normal_day   [  33% ] 026/100 VUs  1m39.9s/5m0s  3.00 iters/s

running (1m40.9s), 026/100 VUs, 186 complete and 0 interrupted iterations
normal_day   [  34% ] 026/100 VUs  1m40.9s/5m0s  3.00 iters/s

running (1m41.9s), 027/100 VUs, 188 complete and 0 interrupted iterations
normal_day   [  34% ] 027/100 VUs  1m41.9s/5m0s  3.00 iters/s

running (1m42.9s), 025/100 VUs, 193 complete and 0 interrupted iterations
normal_day   [  34% ] 025/100 VUs  1m42.9s/5m0s  3.00 iters/s

running (1m43.9s), 027/100 VUs, 194 complete and 0 interrupted iterations
normal_day   [  35% ] 027/100 VUs  1m43.9s/5m0s  3.00 iters/s

running (1m44.9s), 028/100 VUs, 196 complete and 0 interrupted iterations
normal_day   [  35% ] 028/100 VUs  1m44.9s/5m0s  3.00 iters/s

running (1m45.9s), 028/100 VUs, 199 complete and 0 interrupted iterations
normal_day   [  35% ] 028/100 VUs  1m45.9s/5m0s  3.00 iters/s

running (1m46.9s), 028/100 VUs, 202 complete and 0 interrupted iterations
normal_day   [  36% ] 028/100 VUs  1m46.9s/5m0s  3.00 iters/s

running (1m47.9s), 027/100 VUs, 206 complete and 0 interrupted iterations
normal_day   [  36% ] 027/100 VUs  1m47.9s/5m0s  3.00 iters/s

running (1m48.9s), 024/100 VUs, 212 complete and 0 interrupted iterations
normal_day   [  36% ] 024/100 VUs  1m48.9s/5m0s  3.00 iters/s

running (1m49.9s), 022/100 VUs, 217 complete and 0 interrupted iterations
normal_day   [  37% ] 022/100 VUs  1m49.9s/5m0s  3.00 iters/s

running (1m50.9s), 022/100 VUs, 220 complete and 0 interrupted iterations
normal_day   [  37% ] 022/100 VUs  1m50.9s/5m0s  3.00 iters/s

running (1m51.9s), 021/100 VUs, 224 complete and 0 interrupted iterations
normal_day   [  37% ] 021/100 VUs  1m51.9s/5m0s  3.00 iters/s

running (1m52.9s), 021/100 VUs, 227 complete and 0 interrupted iterations
normal_day   [  38% ] 021/100 VUs  1m52.9s/5m0s  3.00 iters/s

running (1m53.9s), 023/100 VUs, 228 complete and 0 interrupted iterations
normal_day   [  38% ] 023/100 VUs  1m53.9s/5m0s  3.00 iters/s

running (1m54.9s), 025/100 VUs, 229 complete and 0 interrupted iterations
normal_day   [  38% ] 025/100 VUs  1m54.9s/5m0s  3.00 iters/s

running (1m55.9s), 027/100 VUs, 230 complete and 0 interrupted iterations
normal_day   [  39% ] 027/100 VUs  1m55.9s/5m0s  3.00 iters/s

running (1m56.9s), 026/100 VUs, 234 complete and 0 interrupted iterations
normal_day   [  39% ] 026/100 VUs  1m56.9s/5m0s  3.00 iters/s

running (1m57.9s), 027/100 VUs, 236 complete and 0 interrupted iterations
normal_day   [  39% ] 027/100 VUs  1m57.9s/5m0s  3.00 iters/s

running (1m58.9s), 027/100 VUs, 239 complete and 0 interrupted iterations
normal_day   [  40% ] 027/100 VUs  1m58.9s/5m0s  3.00 iters/s

running (1m59.9s), 030/100 VUs, 239 complete and 0 interrupted iterations
normal_day   [  40% ] 030/100 VUs  1m59.9s/5m0s  3.00 iters/s

running (2m00.9s), 031/100 VUs, 241 complete and 0 interrupted iterations
normal_day   [  40% ] 031/100 VUs  2m00.9s/5m0s  3.00 iters/s

running (2m01.9s), 030/100 VUs, 245 complete and 0 interrupted iterations
normal_day   [  41% ] 030/100 VUs  2m01.9s/5m0s  3.00 iters/s

running (2m02.9s), 029/100 VUs, 249 complete and 0 interrupted iterations
normal_day   [  41% ] 029/100 VUs  2m02.9s/5m0s  3.00 iters/s

running (2m03.9s), 029/100 VUs, 252 complete and 0 interrupted iterations
normal_day   [  41% ] 029/100 VUs  2m03.9s/5m0s  3.00 iters/s

running (2m04.9s), 026/100 VUs, 258 complete and 0 interrupted iterations
normal_day   [  42% ] 026/100 VUs  2m04.9s/5m0s  3.00 iters/s

running (2m05.9s), 028/100 VUs, 259 complete and 0 interrupted iterations
normal_day   [  42% ] 028/100 VUs  2m05.9s/5m0s  3.00 iters/s

running (2m06.9s), 025/100 VUs, 265 complete and 0 interrupted iterations
normal_day   [  42% ] 025/100 VUs  2m06.9s/5m0s  3.00 iters/s

running (2m07.9s), 026/100 VUs, 267 complete and 0 interrupted iterations
normal_day   [  43% ] 026/100 VUs  2m07.9s/5m0s  3.00 iters/s

running (2m08.9s), 027/100 VUs, 269 complete and 0 interrupted iterations
normal_day   [  43% ] 027/100 VUs  2m08.9s/5m0s  3.00 iters/s

running (2m09.9s), 025/100 VUs, 274 complete and 0 interrupted iterations
normal_day   [  43% ] 025/100 VUs  2m09.9s/5m0s  3.00 iters/s

running (2m10.9s), 024/100 VUs, 278 complete and 0 interrupted iterations
normal_day   [  44% ] 024/100 VUs  2m10.9s/5m0s  3.00 iters/s

running (2m11.9s), 024/100 VUs, 281 complete and 0 interrupted iterations
normal_day   [  44% ] 024/100 VUs  2m11.9s/5m0s  3.00 iters/s

running (2m12.9s), 025/100 VUs, 283 complete and 0 interrupted iterations
normal_day   [  44% ] 025/100 VUs  2m12.9s/5m0s  3.00 iters/s

running (2m13.9s), 026/100 VUs, 285 complete and 0 interrupted iterations
normal_day   [  45% ] 026/100 VUs  2m13.9s/5m0s  3.00 iters/s

running (2m14.9s), 024/100 VUs, 290 complete and 0 interrupted iterations
normal_day   [  45% ] 024/100 VUs  2m14.9s/5m0s  3.00 iters/s

running (2m15.9s), 025/100 VUs, 292 complete and 0 interrupted iterations
normal_day   [  45% ] 025/100 VUs  2m15.9s/5m0s  3.00 iters/s

running (2m16.9s), 028/100 VUs, 292 complete and 0 interrupted iterations
normal_day   [  46% ] 028/100 VUs  2m16.9s/5m0s  3.00 iters/s

running (2m17.9s), 026/100 VUs, 297 complete and 0 interrupted iterations
normal_day   [  46% ] 026/100 VUs  2m17.9s/5m0s  3.00 iters/s

running (2m18.9s), 027/100 VUs, 299 complete and 0 interrupted iterations
normal_day   [  46% ] 027/100 VUs  2m18.9s/5m0s  3.00 iters/s

running (2m19.9s), 026/100 VUs, 303 complete and 0 interrupted iterations
normal_day   [  47% ] 026/100 VUs  2m19.9s/5m0s  3.00 iters/s

running (2m20.9s), 027/100 VUs, 305 complete and 0 interrupted iterations
normal_day   [  47% ] 027/100 VUs  2m20.9s/5m0s  3.00 iters/s

running (2m21.9s), 028/100 VUs, 307 complete and 0 interrupted iterations
normal_day   [  47% ] 028/100 VUs  2m21.9s/5m0s  3.00 iters/s

running (2m22.9s), 026/100 VUs, 312 complete and 0 interrupted iterations
normal_day   [  48% ] 026/100 VUs  2m22.9s/5m0s  3.00 iters/s

running (2m23.9s), 026/100 VUs, 315 complete and 0 interrupted iterations
normal_day   [  48% ] 026/100 VUs  2m23.9s/5m0s  3.00 iters/s

running (2m24.9s), 024/100 VUs, 320 complete and 0 interrupted iterations
normal_day   [  48% ] 024/100 VUs  2m24.9s/5m0s  3.00 iters/s

running (2m25.9s), 023/100 VUs, 324 complete and 0 interrupted iterations
normal_day   [  49% ] 023/100 VUs  2m25.9s/5m0s  3.00 iters/s

running (2m26.9s), 022/100 VUs, 328 complete and 0 interrupted iterations
normal_day   [  49% ] 022/100 VUs  2m26.9s/5m0s  3.00 iters/s

running (2m27.9s), 023/100 VUs, 330 complete and 0 interrupted iterations
normal_day   [  49% ] 023/100 VUs  2m27.9s/5m0s  3.00 iters/s

running (2m28.9s), 023/100 VUs, 333 complete and 0 interrupted iterations
normal_day   [  50% ] 023/100 VUs  2m28.9s/5m0s  3.00 iters/s

running (2m29.9s), 025/100 VUs, 334 complete and 0 interrupted iterations
normal_day   [  50% ] 025/100 VUs  2m29.9s/5m0s  3.00 iters/s

running (2m30.9s), 025/100 VUs, 337 complete and 0 interrupted iterations
normal_day   [  50% ] 025/100 VUs  2m30.9s/5m0s  3.00 iters/s

running (2m31.9s), 027/100 VUs, 338 complete and 0 interrupted iterations
normal_day   [  51% ] 027/100 VUs  2m31.9s/5m0s  3.00 iters/s

running (2m32.9s), 028/100 VUs, 340 complete and 0 interrupted iterations
normal_day   [  51% ] 028/100 VUs  2m32.9s/5m0s  3.00 iters/s

running (2m35.3s), 023/100 VUs, 346 complete and 0 interrupted iterations
normal_day   [  52% ] 023/100 VUs  2m35.3s/5m0s  3.00 iters/s

running (2m35.9s), 030/100 VUs, 347 complete and 0 interrupted iterations
normal_day   [  52% ] 030/100 VUs  2m35.9s/5m0s  3.00 iters/s

running (2m36.9s), 032/100 VUs, 348 complete and 0 interrupted iterations
normal_day   [  52% ] 032/100 VUs  2m36.9s/5m0s  3.00 iters/s

running (2m37.9s), 034/100 VUs, 349 complete and 0 interrupted iterations
normal_day   [  53% ] 034/100 VUs  2m37.9s/5m0s  3.00 iters/s

running (2m38.9s), 035/100 VUs, 351 complete and 0 interrupted iterations
normal_day   [  53% ] 035/100 VUs  2m38.9s/5m0s  3.00 iters/s

running (2m39.9s), 035/100 VUs, 354 complete and 0 interrupted iterations
normal_day   [  53% ] 035/100 VUs  2m39.9s/5m0s  3.00 iters/s

running (2m40.9s), 032/100 VUs, 360 complete and 0 interrupted iterations
normal_day   [  54% ] 032/100 VUs  2m40.9s/5m0s  3.00 iters/s

running (2m41.9s), 029/100 VUs, 366 complete and 0 interrupted iterations
normal_day   [  54% ] 029/100 VUs  2m41.9s/5m0s  3.00 iters/s

running (2m42.9s), 029/100 VUs, 369 complete and 0 interrupted iterations
normal_day   [  54% ] 029/100 VUs  2m42.9s/5m0s  3.00 iters/s

running (2m43.9s), 031/100 VUs, 370 complete and 0 interrupted iterations
normal_day   [  55% ] 031/100 VUs  2m43.9s/5m0s  3.00 iters/s

running (2m44.9s), 031/100 VUs, 373 complete and 0 interrupted iterations
normal_day   [  55% ] 031/100 VUs  2m44.9s/5m0s  3.00 iters/s

running (2m45.9s), 032/100 VUs, 375 complete and 0 interrupted iterations
normal_day   [  55% ] 032/100 VUs  2m45.9s/5m0s  3.00 iters/s

running (2m46.9s), 033/100 VUs, 377 complete and 0 interrupted iterations
normal_day   [  56% ] 033/100 VUs  2m46.9s/5m0s  3.00 iters/s

running (2m47.9s), 033/100 VUs, 380 complete and 0 interrupted iterations
normal_day   [  56% ] 033/100 VUs  2m47.9s/5m0s  3.00 iters/s

running (2m48.9s), 032/100 VUs, 384 complete and 0 interrupted iterations
normal_day   [  56% ] 032/100 VUs  2m48.9s/5m0s  3.00 iters/s

running (2m49.9s), 031/100 VUs, 388 complete and 0 interrupted iterations
normal_day   [  57% ] 031/100 VUs  2m49.9s/5m0s  3.00 iters/s

running (2m50.9s), 029/100 VUs, 393 complete and 0 interrupted iterations
normal_day   [  57% ] 029/100 VUs  2m50.9s/5m0s  3.00 iters/s

running (2m51.9s), 031/100 VUs, 394 complete and 0 interrupted iterations
normal_day   [  57% ] 031/100 VUs  2m51.9s/5m0s  3.00 iters/s

running (2m52.9s), 032/100 VUs, 396 complete and 0 interrupted iterations
normal_day   [  58% ] 032/100 VUs  2m52.9s/5m0s  3.00 iters/s

running (2m53.9s), 032/100 VUs, 399 complete and 0 interrupted iterations
normal_day   [  58% ] 032/100 VUs  2m53.9s/5m0s  3.00 iters/s

running (2m54.9s), 032/100 VUs, 402 complete and 0 interrupted iterations
normal_day   [  58% ] 032/100 VUs  2m54.9s/5m0s  3.00 iters/s

running (2m55.9s), 031/100 VUs, 406 complete and 0 interrupted iterations
normal_day   [  59% ] 031/100 VUs  2m55.9s/5m0s  3.00 iters/s

running (2m56.9s), 031/100 VUs, 409 complete and 0 interrupted iterations
normal_day   [  59% ] 031/100 VUs  2m56.9s/5m0s  3.00 iters/s

running (2m57.9s), 033/100 VUs, 410 complete and 0 interrupted iterations
normal_day   [  59% ] 033/100 VUs  2m57.9s/5m0s  3.00 iters/s

running (2m58.9s), 032/100 VUs, 414 complete and 0 interrupted iterations
normal_day   [  60% ] 032/100 VUs  2m58.9s/5m0s  3.00 iters/s

running (2m59.9s), 032/100 VUs, 417 complete and 0 interrupted iterations
normal_day   [  60% ] 032/100 VUs  2m59.9s/5m0s  3.00 iters/s

running (3m00.9s), 034/100 VUs, 418 complete and 0 interrupted iterations
normal_day   [  60% ] 034/100 VUs  3m00.9s/5m0s  2.98 iters/s

running (3m01.9s), 034/100 VUs, 421 complete and 0 interrupted iterations
normal_day   [  61% ] 034/100 VUs  3m01.9s/5m0s  2.95 iters/s

running (3m02.9s), 034/100 VUs, 424 complete and 0 interrupted iterations
normal_day   [  61% ] 034/100 VUs  3m02.9s/5m0s  2.93 iters/s

running (3m03.9s), 030/100 VUs, 431 complete and 0 interrupted iterations
normal_day   [  61% ] 030/100 VUs  3m03.9s/5m0s  2.90 iters/s

running (3m04.9s), 031/100 VUs, 433 complete and 0 interrupted iterations
normal_day   [  62% ] 031/100 VUs  3m04.9s/5m0s  2.88 iters/s

running (3m05.9s), 031/100 VUs, 436 complete and 0 interrupted iterations
normal_day   [  62% ] 031/100 VUs  3m05.9s/5m0s  2.85 iters/s

running (3m06.9s), 030/100 VUs, 440 complete and 0 interrupted iterations
normal_day   [  62% ] 030/100 VUs  3m06.9s/5m0s  2.82 iters/s

running (3m07.9s), 030/100 VUs, 442 complete and 0 interrupted iterations
normal_day   [  63% ] 030/100 VUs  3m07.9s/5m0s  2.81 iters/s

running (3m08.9s), 031/100 VUs, 444 complete and 0 interrupted iterations
normal_day   [  63% ] 031/100 VUs  3m08.9s/5m0s  2.78 iters/s

running (3m09.9s), 029/100 VUs, 449 complete and 0 interrupted iterations
normal_day   [  63% ] 029/100 VUs  3m09.9s/5m0s  2.75 iters/s

running (3m10.9s), 027/100 VUs, 454 complete and 0 interrupted iterations
normal_day   [  64% ] 027/100 VUs  3m10.9s/5m0s  2.72 iters/s

running (3m11.9s), 025/100 VUs, 458 complete and 0 interrupted iterations
normal_day   [  64% ] 025/100 VUs  3m11.9s/5m0s  2.71 iters/s

running (3m12.9s), 027/100 VUs, 459 complete and 0 interrupted iterations
normal_day   [  64% ] 027/100 VUs  3m12.9s/5m0s  2.68 iters/s

running (3m13.9s), 028/100 VUs, 461 complete and 0 interrupted iterations
normal_day   [  65% ] 028/100 VUs  3m13.9s/5m0s  2.65 iters/s

running (3m14.9s), 026/100 VUs, 465 complete and 0 interrupted iterations
normal_day   [  65% ] 026/100 VUs  3m14.9s/5m0s  2.63 iters/s

running (3m15.9s), 026/100 VUs, 468 complete and 0 interrupted iterations
normal_day   [  65% ] 026/100 VUs  3m15.9s/5m0s  2.60 iters/s

running (3m16.9s), 026/100 VUs, 471 complete and 0 interrupted iterations
normal_day   [  66% ] 026/100 VUs  3m16.9s/5m0s  2.57 iters/s

running (3m17.9s), 025/100 VUs, 474 complete and 0 interrupted iterations
normal_day   [  66% ] 025/100 VUs  3m17.9s/5m0s  2.55 iters/s

running (3m18.9s), 024/100 VUs, 478 complete and 0 interrupted iterations
normal_day   [  66% ] 024/100 VUs  3m18.9s/5m0s  2.52 iters/s

running (3m19.9s), 025/100 VUs, 479 complete and 0 interrupted iterations
normal_day   [  67% ] 025/100 VUs  3m19.9s/5m0s  2.50 iters/s

running (3m20.9s), 025/100 VUs, 482 complete and 0 interrupted iterations
normal_day   [  67% ] 025/100 VUs  3m20.9s/5m0s  2.47 iters/s

running (3m21.9s), 025/100 VUs, 484 complete and 0 interrupted iterations
normal_day   [  67% ] 025/100 VUs  3m21.9s/5m0s  2.45 iters/s

running (3m22.9s), 025/100 VUs, 487 complete and 0 interrupted iterations
normal_day   [  68% ] 025/100 VUs  3m22.9s/5m0s  2.42 iters/s

running (3m23.9s), 025/100 VUs, 489 complete and 0 interrupted iterations
normal_day   [  68% ] 025/100 VUs  3m23.9s/5m0s  2.40 iters/s

running (3m24.9s), 024/100 VUs, 492 complete and 0 interrupted iterations
normal_day   [  68% ] 024/100 VUs  3m24.9s/5m0s  2.38 iters/s

running (3m25.9s), 026/100 VUs, 493 complete and 0 interrupted iterations
normal_day   [  69% ] 026/100 VUs  3m25.9s/5m0s  2.35 iters/s

running (3m26.9s), 025/100 VUs, 496 complete and 0 interrupted iterations
normal_day   [  69% ] 025/100 VUs  3m26.9s/5m0s  2.33 iters/s

running (3m27.9s), 023/100 VUs, 500 complete and 0 interrupted iterations
normal_day   [  69% ] 023/100 VUs  3m27.9s/5m0s  2.31 iters/s

running (3m28.9s), 026/100 VUs, 500 complete and 0 interrupted iterations
normal_day   [  70% ] 026/100 VUs  3m28.9s/5m0s  2.27 iters/s

running (3m29.9s), 027/100 VUs, 501 complete and 0 interrupted iterations
normal_day   [  70% ] 027/100 VUs  3m29.9s/5m0s  2.25 iters/s

running (3m30.9s), 026/100 VUs, 504 complete and 0 interrupted iterations
normal_day   [  70% ] 026/100 VUs  3m30.9s/5m0s  2.23 iters/s

running (3m31.9s), 026/100 VUs, 506 complete and 0 interrupted iterations
normal_day   [  71% ] 026/100 VUs  3m31.9s/5m0s  2.21 iters/s

running (3m32.9s), 027/100 VUs, 508 complete and 0 interrupted iterations
normal_day   [  71% ] 027/100 VUs  3m32.9s/5m0s  2.17 iters/s

running (3m33.9s), 029/100 VUs, 508 complete and 0 interrupted iterations
normal_day   [  71% ] 029/100 VUs  3m33.9s/5m0s  2.15 iters/s

running (3m34.9s), 029/100 VUs, 510 complete and 0 interrupted iterations
normal_day   [  72% ] 029/100 VUs  3m34.9s/5m0s  2.13 iters/s

running (3m35.9s), 028/100 VUs, 513 complete and 0 interrupted iterations
normal_day   [  72% ] 028/100 VUs  3m35.9s/5m0s  2.10 iters/s

running (3m36.9s), 025/100 VUs, 518 complete and 0 interrupted iterations
normal_day   [  72% ] 025/100 VUs  3m36.9s/5m0s  2.08 iters/s

running (3m37.9s), 024/100 VUs, 521 complete and 0 interrupted iterations
normal_day   [  73% ] 024/100 VUs  3m37.9s/5m0s  2.06 iters/s

running (3m38.9s), 023/100 VUs, 524 complete and 0 interrupted iterations
normal_day   [  73% ] 023/100 VUs  3m38.9s/5m0s  2.03 iters/s

running (3m39.9s), 023/100 VUs, 526 complete and 0 interrupted iterations
normal_day   [  73% ] 023/100 VUs  3m39.9s/5m0s  2.01 iters/s

running (3m40.9s), 021/100 VUs, 530 complete and 0 interrupted iterations
normal_day   [  74% ] 021/100 VUs  3m40.9s/5m0s  1.98 iters/s

running (3m41.9s), 021/100 VUs, 532 complete and 0 interrupted iterations
normal_day   [  74% ] 021/100 VUs  3m41.9s/5m0s  1.96 iters/s

running (3m42.9s), 022/100 VUs, 533 complete and 0 interrupted iterations
normal_day   [  74% ] 022/100 VUs  3m42.9s/5m0s  1.93 iters/s

running (3m43.9s), 022/100 VUs, 535 complete and 0 interrupted iterations
normal_day   [  75% ] 022/100 VUs  3m43.9s/5m0s  1.90 iters/s

running (3m44.9s), 023/100 VUs, 536 complete and 0 interrupted iterations
normal_day   [  75% ] 023/100 VUs  3m44.9s/5m0s  1.88 iters/s

running (3m45.9s), 021/100 VUs, 540 complete and 0 interrupted iterations
normal_day   [  75% ] 021/100 VUs  3m45.9s/5m0s  1.85 iters/s

running (3m46.9s), 021/100 VUs, 542 complete and 0 interrupted iterations
normal_day   [  76% ] 021/100 VUs  3m46.9s/5m0s  1.82 iters/s

running (3m47.9s), 019/100 VUs, 546 complete and 0 interrupted iterations
normal_day   [  76% ] 019/100 VUs  3m47.9s/5m0s  1.80 iters/s

running (3m48.9s), 018/100 VUs, 548 complete and 0 interrupted iterations
normal_day   [  76% ] 018/100 VUs  3m48.9s/5m0s  1.78 iters/s

running (3m49.9s), 019/100 VUs, 549 complete and 0 interrupted iterations
normal_day   [  77% ] 019/100 VUs  3m49.9s/5m0s  1.75 iters/s

running (3m50.9s), 021/100 VUs, 549 complete and 0 interrupted iterations
normal_day   [  77% ] 021/100 VUs  3m50.9s/5m0s  1.72 iters/s

running (3m51.9s), 021/100 VUs, 551 complete and 0 interrupted iterations
normal_day   [  77% ] 021/100 VUs  3m51.9s/5m0s  1.70 iters/s

running (3m52.9s), 019/100 VUs, 554 complete and 0 interrupted iterations
normal_day   [  78% ] 019/100 VUs  3m52.9s/5m0s  1.68 iters/s

running (3m53.9s), 021/100 VUs, 554 complete and 0 interrupted iterations
normal_day   [  78% ] 021/100 VUs  3m53.9s/5m0s  1.65 iters/s

running (3m54.9s), 018/100 VUs, 559 complete and 0 interrupted iterations
normal_day   [  78% ] 018/100 VUs  3m54.9s/5m0s  1.62 iters/s

running (3m55.9s), 018/100 VUs, 560 complete and 0 interrupted iterations
normal_day   [  79% ] 018/100 VUs  3m55.9s/5m0s  1.60 iters/s

running (3m56.9s), 019/100 VUs, 561 complete and 0 interrupted iterations
normal_day   [  79% ] 019/100 VUs  3m56.9s/5m0s  1.57 iters/s

running (3m57.9s), 020/100 VUs, 561 complete and 0 interrupted iterations
normal_day   [  79% ] 020/100 VUs  3m57.9s/5m0s  1.56 iters/s

running (3m58.9s), 017/100 VUs, 566 complete and 0 interrupted iterations
normal_day   [  80% ] 017/100 VUs  3m58.9s/5m0s  1.52 iters/s

running (3m59.9s), 018/100 VUs, 566 complete and 0 interrupted iterations
normal_day   [  80% ] 018/100 VUs  3m59.9s/5m0s  1.51 iters/s

running (4m00.9s), 017/100 VUs, 569 complete and 0 interrupted iterations
normal_day   [  80% ] 017/100 VUs  4m00.9s/5m0s  1.47 iters/s

running (4m01.9s), 016/100 VUs, 571 complete and 0 interrupted iterations
normal_day   [  81% ] 016/100 VUs  4m01.9s/5m0s  1.46 iters/s

running (4m02.9s), 018/100 VUs, 571 complete and 0 interrupted iterations
normal_day   [  81% ] 018/100 VUs  4m02.9s/5m0s  1.42 iters/s

running (4m03.9s), 017/100 VUs, 573 complete and 0 interrupted iterations
normal_day   [  81% ] 017/100 VUs  4m03.9s/5m0s  1.41 iters/s

running (4m04.9s), 017/100 VUs, 575 complete and 0 interrupted iterations
normal_day   [  82% ] 017/100 VUs  4m04.9s/5m0s  1.37 iters/s

running (4m05.9s), 017/100 VUs, 576 complete and 0 interrupted iterations
normal_day   [  82% ] 017/100 VUs  4m05.9s/5m0s  1.35 iters/s

running (4m06.9s), 018/100 VUs, 576 complete and 0 interrupted iterations
normal_day   [  82% ] 018/100 VUs  4m06.9s/5m0s  1.33 iters/s

running (4m07.9s), 017/100 VUs, 579 complete and 0 interrupted iterations
normal_day   [  83% ] 017/100 VUs  4m07.9s/5m0s  1.29 iters/s

running (4m08.9s), 017/100 VUs, 580 complete and 0 interrupted iterations
normal_day   [  83% ] 017/100 VUs  4m08.9s/5m0s  1.27 iters/s

running (4m09.9s), 017/100 VUs, 581 complete and 0 interrupted iterations
normal_day   [  83% ] 017/100 VUs  4m09.9s/5m0s  1.25 iters/s

running (4m10.9s), 016/100 VUs, 583 complete and 0 interrupted iterations
normal_day   [  84% ] 016/100 VUs  4m10.9s/5m0s  1.23 iters/s

running (4m11.9s), 018/100 VUs, 583 complete and 0 interrupted iterations
normal_day   [  84% ] 018/100 VUs  4m11.9s/5m0s  1.19 iters/s

running (4m12.9s), 019/100 VUs, 583 complete and 0 interrupted iterations
normal_day   [  84% ] 019/100 VUs  4m12.9s/5m0s  1.17 iters/s

running (4m13.9s), 019/100 VUs, 584 complete and 0 interrupted iterations
normal_day   [  85% ] 019/100 VUs  4m13.9s/5m0s  1.15 iters/s

running (4m14.9s), 018/100 VUs, 586 complete and 0 interrupted iterations
normal_day   [  85% ] 018/100 VUs  4m14.9s/5m0s  1.13 iters/s

running (4m15.9s), 017/100 VUs, 588 complete and 0 interrupted iterations
normal_day   [  85% ] 017/100 VUs  4m15.9s/5m0s  1.11 iters/s

running (4m16.9s), 014/100 VUs, 592 complete and 0 interrupted iterations
normal_day   [  86% ] 014/100 VUs  4m16.9s/5m0s  1.08 iters/s

running (4m17.9s), 013/100 VUs, 594 complete and 0 interrupted iterations
normal_day   [  86% ] 013/100 VUs  4m17.9s/5m0s  1.06 iters/s

running (4m18.9s), 013/100 VUs, 595 complete and 0 interrupted iterations
normal_day   [  86% ] 013/100 VUs  4m18.9s/5m0s  1.04 iters/s

running (4m19.9s), 013/100 VUs, 596 complete and 0 interrupted iterations
normal_day   [  87% ] 013/100 VUs  4m19.9s/5m0s  1.01 iters/s

running (4m20.9s), 013/100 VUs, 597 complete and 0 interrupted iterations
normal_day   [  87% ] 013/100 VUs  4m20.9s/5m0s  0.99 iters/s

running (4m21.9s), 010/100 VUs, 601 complete and 0 interrupted iterations
normal_day   [  87% ] 010/100 VUs  4m21.9s/5m0s  0.96 iters/s

running (4m22.9s), 009/100 VUs, 603 complete and 0 interrupted iterations
normal_day   [  88% ] 009/100 VUs  4m22.9s/5m0s  0.94 iters/s

running (4m23.9s), 009/100 VUs, 604 complete and 0 interrupted iterations
normal_day   [  88% ] 009/100 VUs  4m23.9s/5m0s  0.91 iters/s

running (4m24.9s), 010/100 VUs, 604 complete and 0 interrupted iterations
normal_day   [  88% ] 010/100 VUs  4m24.9s/5m0s  0.88 iters/s

running (4m25.9s), 011/100 VUs, 604 complete and 0 interrupted iterations
normal_day   [  89% ] 011/100 VUs  4m25.9s/5m0s  0.85 iters/s

running (4m26.9s), 011/100 VUs, 605 complete and 0 interrupted iterations
normal_day   [  89% ] 011/100 VUs  4m26.9s/5m0s  0.82 iters/s

running (4m27.9s), 010/100 VUs, 607 complete and 0 interrupted iterations
normal_day   [  89% ] 010/100 VUs  4m27.9s/5m0s  0.79 iters/s

running (4m28.9s), 007/100 VUs, 610 complete and 0 interrupted iterations
normal_day   [  90% ] 007/100 VUs  4m28.9s/5m0s  0.79 iters/s

running (4m29.9s), 006/100 VUs, 612 complete and 0 interrupted iterations
normal_day   [  90% ] 006/100 VUs  4m29.9s/5m0s  0.76 iters/s

running (4m30.9s), 007/100 VUs, 612 complete and 0 interrupted iterations
normal_day   [  90% ] 007/100 VUs  4m30.9s/5m0s  0.72 iters/s

running (4m31.9s), 007/100 VUs, 613 complete and 0 interrupted iterations
normal_day   [  91% ] 007/100 VUs  4m31.9s/5m0s  0.69 iters/s

running (4m32.9s), 007/100 VUs, 613 complete and 0 interrupted iterations
normal_day   [  91% ] 007/100 VUs  4m32.9s/5m0s  0.69 iters/s

running (4m33.9s), 008/100 VUs, 613 complete and 0 interrupted iterations
normal_day   [  91% ] 008/100 VUs  4m33.9s/5m0s  0.65 iters/s

running (4m34.9s), 009/100 VUs, 613 complete and 0 interrupted iterations
normal_day   [  92% ] 009/100 VUs  4m34.9s/5m0s  0.61 iters/s

running (4m35.9s), 009/100 VUs, 613 complete and 0 interrupted iterations
normal_day   [  92% ] 009/100 VUs  4m35.9s/5m0s  0.61 iters/s

running (4m36.9s), 008/100 VUs, 615 complete and 0 interrupted iterations
normal_day   [  92% ] 008/100 VUs  4m36.9s/5m0s  0.57 iters/s

running (4m37.9s), 008/100 VUs, 615 complete and 0 interrupted iterations
normal_day   [  93% ] 008/100 VUs  4m37.9s/5m0s  0.57 iters/s

running (4m38.9s), 008/100 VUs, 616 complete and 0 interrupted iterations
normal_day   [  93% ] 008/100 VUs  4m38.9s/5m0s  0.52 iters/s

running (4m39.9s), 008/100 VUs, 616 complete and 0 interrupted iterations
normal_day   [  93% ] 008/100 VUs  4m39.9s/5m0s  0.52 iters/s

running (4m40.9s), 008/100 VUs, 617 complete and 0 interrupted iterations
normal_day   [  94% ] 008/100 VUs  4m40.9s/5m0s  0.47 iters/s

running (4m41.9s), 007/100 VUs, 618 complete and 0 interrupted iterations
normal_day   [  94% ] 007/100 VUs  4m41.9s/5m0s  0.47 iters/s

running (4m42.9s), 008/100 VUs, 618 complete and 0 interrupted iterations
normal_day   [  94% ] 008/100 VUs  4m42.9s/5m0s  0.42 iters/s

running (4m43.9s), 007/100 VUs, 619 complete and 0 interrupted iterations
normal_day   [  95% ] 007/100 VUs  4m43.9s/5m0s  0.42 iters/s

running (4m44.9s), 006/100 VUs, 621 complete and 0 interrupted iterations
normal_day   [  95% ] 006/100 VUs  4m44.9s/5m0s  0.35 iters/s

running (4m45.9s), 004/100 VUs, 623 complete and 0 interrupted iterations
normal_day   [  95% ] 004/100 VUs  4m45.9s/5m0s  0.35 iters/s

running (4m46.9s), 004/100 VUs, 623 complete and 0 interrupted iterations
normal_day   [  96% ] 004/100 VUs  4m46.9s/5m0s  0.35 iters/s

running (4m47.9s), 005/100 VUs, 623 complete and 0 interrupted iterations
normal_day   [  96% ] 005/100 VUs  4m47.9s/5m0s  0.27 iters/s

running (4m48.9s), 005/100 VUs, 623 complete and 0 interrupted iterations
normal_day   [  96% ] 005/100 VUs  4m48.9s/5m0s  0.27 iters/s

running (4m49.9s), 004/100 VUs, 624 complete and 0 interrupted iterations
normal_day   [  97% ] 004/100 VUs  4m49.9s/5m0s  0.27 iters/s

running (4m50.9s), 003/100 VUs, 625 complete and 0 interrupted iterations
normal_day   [  97% ] 003/100 VUs  4m50.9s/5m0s  0.27 iters/s

running (4m51.9s), 003/100 VUs, 626 complete and 0 interrupted iterations
normal_day   [  97% ] 003/100 VUs  4m51.9s/5m0s  0.11 iters/s

running (4m52.9s), 002/100 VUs, 627 complete and 0 interrupted iterations
normal_day   [  98% ] 002/100 VUs  4m52.9s/5m0s  0.11 iters/s

running (4m53.9s), 002/100 VUs, 627 complete and 0 interrupted iterations
normal_day   [  98% ] 002/100 VUs  4m53.9s/5m0s  0.11 iters/s

running (4m54.9s), 002/100 VUs, 627 complete and 0 interrupted iterations
normal_day   [  98% ] 002/100 VUs  4m54.9s/5m0s  0.11 iters/s

running (4m55.9s), 002/100 VUs, 627 complete and 0 interrupted iterations
normal_day   [  99% ] 002/100 VUs  4m55.9s/5m0s  0.11 iters/s

running (4m56.9s), 002/100 VUs, 627 complete and 0 interrupted iterations
normal_day   [  99% ] 002/100 VUs  4m56.9s/5m0s  0.11 iters/s

running (4m57.9s), 002/100 VUs, 627 complete and 0 interrupted iterations
normal_day   [  99% ] 002/100 VUs  4m57.9s/5m0s  0.11 iters/s

running (4m58.9s), 002/100 VUs, 627 complete and 0 interrupted iterations
normal_day   [ 100% ] 002/100 VUs  4m58.9s/5m0s  0.11 iters/s

running (4m59.9s), 002/100 VUs, 627 complete and 0 interrupted iterations
normal_day   [ 100% ] 002/100 VUs  4m59.9s/5m0s  0.11 iters/s

running (5m00.9s), 002/100 VUs, 627 complete and 0 interrupted iterations
normal_day ↓ [ 100% ] 002/100 VUs  5m0s  0.11 iters/s

running (5m01.9s), 002/100 VUs, 627 complete and 0 interrupted iterations
normal_day ↓ [ 100% ] 002/100 VUs  5m0s  0.11 iters/s

running (5m02.9s), 002/100 VUs, 627 complete and 0 interrupted iterations
normal_day ↓ [ 100% ] 002/100 VUs  5m0s  0.11 iters/s

running (5m03.9s), 002/100 VUs, 627 complete and 0 interrupted iterations
normal_day ↓ [ 100% ] 002/100 VUs  5m0s  0.11 iters/s

running (5m04.9s), 001/100 VUs, 628 complete and 0 interrupted iterations
normal_day ↓ [ 100% ] 002/100 VUs  5m0s  0.11 iters/s

running (5m05.9s), 001/100 VUs, 628 complete and 0 interrupted iterations
normal_day ↓ [ 100% ] 002/100 VUs  5m0s  0.11 iters/s

running (5m06.9s), 001/100 VUs, 628 complete and 0 interrupted iterations
normal_day ↓ [ 100% ] 002/100 VUs  5m0s  0.11 iters/s

running (5m07.9s), 001/100 VUs, 628 complete and 0 interrupted iterations
normal_day ↓ [ 100% ] 002/100 VUs  5m0s  0.11 iters/s
[32m     ✓ login 200[0m
[32m     ✓ post detail 200[0m
[32m     ✓ post reaction 2xx[0m
[32m     ✓ board list 200[0m
[32m     ✓ unread count 200[0m
[32m     ✓ hot daily 200[0m
[32m     ✓ logout 200[0m
[32m     ✓ post list 200[0m
[32m     ✓ chat rooms 200[0m
[32m     ✓ notif list 200[0m
[32m     ✓ chat messages 200[0m
[32m     ✓ chat read 200[0m
[32m     ✓ read one 200[0m
[32m     ✓ comment list 200[0m
[32m     ✓ friend list 200[0m
[32m     ✓ comment reaction 200[0m
[32m     ✓ received reqs 200[0m
[32m     ✓ post create 2xx[0m
[32m     ✓ ws handshake 101[0m
[32m     ✓ post search 200[0m
[32m     ✓ refresh 200[0m
[32m     ✓ comment create 2xx[0m
[32m     ✓ scrap 2xx[0m
[32m     ✓ post update 200[0m
[32m     ✓ post delete 200[0m
[32m     ✓ user info 200[0m
[32m     ✓ my posts 200[0m
[32m     ✓ read all 200[0m
[32m     ✓ meal today 200[0m
[32m     ✓ timetable today 200[0m
[32m     ✓ meal month 200[0m

     auth_token_refreshes[2m...........:[0m [36m12[0m      [36;2m0.038976/s[0m
     chat_ws_messages_sent[2m..........:[0m [36m139[0m     [36;2m0.451471/s[0m
     chat_ws_rtt[2m....................:[0m avg=[36m55.17ms[0m  min=[36m16ms[0m    med=[36m22ms[0m     max=[36m3.6s[0m     p(90)=[36m38ms[0m     p(95)=[36m60.29ms[0m  p(99)=[36m233.24ms[0m
     checks[2m.........................:[0m [36m100.00%[0m [36;2m✓ 2798[0m     [36;2m✗ 0[0m    
     [32m✓[0m { phase:measure }[2m............:[0m [36m100.00%[0m [36;2m✓ 1458[0m     [36;2m✗ 0[0m    
     [32m✓[0m { phase:rampdown }[2m...........:[0m [36m100.00%[0m [36;2m✓ 944[0m      [36;2m✗ 0[0m    
     [32m✓[0m { phase:warmup }[2m.............:[0m [36m100.00%[0m [36;2m✓ 396[0m      [36;2m✗ 0[0m    
     data_received[2m..................:[0m [36m130 MB[0m  [36;2m424 kB/s[0m
     data_sent[2m......................:[0m [36m1.1 MB[0m  [36;2m3.6 kB/s[0m
     http_req_blocked[2m...............:[0m avg=[36m30.43µs[0m  min=[36m1.77µs[0m  med=[36m5.51µs[0m   max=[36m22.59ms[0m  p(90)=[36m12.64µs[0m  p(95)=[36m18.96µs[0m  p(99)=[36m521.19µs[0m
     http_req_connecting[2m............:[0m avg=[36m18.89µs[0m  min=[36m0s[0m      med=[36m0s[0m       max=[36m22.49ms[0m  p(90)=[36m0s[0m       p(95)=[36m0s[0m       p(99)=[36m358.4µs[0m 
     http_req_duration[2m..............:[0m avg=[36m95.36ms[0m  min=[36m2.3ms[0m   med=[36m8.99ms[0m   max=[36m11.73s[0m   p(90)=[36m113.07ms[0m p(95)=[36m500.54ms[0m p(99)=[36m1.82s[0m   
       { expected_response:true }[2m...:[0m avg=[36m95.36ms[0m  min=[36m2.3ms[0m   med=[36m8.99ms[0m   max=[36m11.73s[0m   p(90)=[36m113.07ms[0m p(95)=[36m500.54ms[0m p(99)=[36m1.82s[0m   
     [32m✓[0m { feature:auth }[2m.............:[0m avg=[36m114.23ms[0m min=[36m14.13ms[0m med=[36m84.65ms[0m  max=[36m1.56s[0m    p(90)=[36m178.41ms[0m p(95)=[36m272.14ms[0m p(99)=[36m339.73ms[0m
     [32m✓[0m { feature:board }[2m............:[0m avg=[36m27.13ms[0m  min=[36m2.57ms[0m  med=[36m4.57ms[0m   max=[36m1.35s[0m    p(90)=[36m9.87ms[0m   p(95)=[36m20.72ms[0m  p(99)=[36m1.04s[0m   
     [32m✓[0m { feature:chat }[2m.............:[0m avg=[36m8.36ms[0m   min=[36m2.97ms[0m  med=[36m6.52ms[0m   max=[36m65.92ms[0m  p(90)=[36m12.8ms[0m   p(95)=[36m15.13ms[0m  p(99)=[36m45ms[0m    
     [32m✓[0m { feature:comment }[2m..........:[0m avg=[36m382.63ms[0m min=[36m2.36ms[0m  med=[36m55.92ms[0m  max=[36m11.73s[0m   p(90)=[36m1.22s[0m    p(95)=[36m1.84s[0m    p(99)=[36m2.34s[0m   
     [32m✓[0m { feature:friend }[2m...........:[0m avg=[36m9.02ms[0m   min=[36m3.11ms[0m  med=[36m5.09ms[0m   max=[36m103.71ms[0m p(90)=[36m10.19ms[0m  p(95)=[36m11.14ms[0m  p(99)=[36m86.05ms[0m 
     [32m✓[0m { feature:hot }[2m..............:[0m avg=[36m42.83ms[0m  min=[36m8.68ms[0m  med=[36m13.45ms[0m  max=[36m3.56s[0m    p(90)=[36m28.13ms[0m  p(95)=[36m43.19ms[0m  p(99)=[36m718.15ms[0m
     [32m✓[0m { feature:mypage }[2m...........:[0m avg=[36m7.19ms[0m   min=[36m2.51ms[0m  med=[36m4.68ms[0m   max=[36m72.57ms[0m  p(90)=[36m9.72ms[0m   p(95)=[36m11.34ms[0m  p(99)=[36m49.33ms[0m 
     [32m✓[0m { feature:notification }[2m.....:[0m avg=[36m30.5ms[0m   min=[36m2.44ms[0m  med=[36m8.47ms[0m   max=[36m1.44s[0m    p(90)=[36m23.25ms[0m  p(95)=[36m33.16ms[0m  p(99)=[36m777.78ms[0m
     [32m✓[0m { feature:post }[2m.............:[0m avg=[36m25.53ms[0m  min=[36m2.3ms[0m   med=[36m6.66ms[0m   max=[36m1.44s[0m    p(90)=[36m20.86ms[0m  p(95)=[36m37.15ms[0m  p(99)=[36m622.89ms[0m
     [32m✓[0m { feature:reaction }[2m.........:[0m avg=[36m55.24ms[0m  min=[36m17.6ms[0m  med=[36m24.13ms[0m  max=[36m1.46s[0m    p(90)=[36m40.23ms[0m  p(95)=[36m60.15ms[0m  p(99)=[36m756.24ms[0m
     [32m✓[0m { feature:school }[2m...........:[0m avg=[36m5.64ms[0m   min=[36m3.11ms[0m  med=[36m4.98ms[0m   max=[36m10.65ms[0m  p(90)=[36m8.76ms[0m   p(95)=[36m8.95ms[0m   p(99)=[36m10.24ms[0m 
     [32m✓[0m { feature:scrap }[2m............:[0m avg=[36m21.8ms[0m   min=[36m14.78ms[0m med=[36m21.42ms[0m  max=[36m27.77ms[0m  p(90)=[36m27.45ms[0m  p(95)=[36m27.61ms[0m  p(99)=[36m27.74ms[0m 
     [32m✓[0m { feature:timetable }[2m........:[0m avg=[36m160.95ms[0m min=[36m2.89ms[0m  med=[36m4.42ms[0m   max=[36m1.44s[0m    p(90)=[36m426.43ms[0m p(95)=[36m1.36s[0m    p(99)=[36m1.42s[0m   
     [32m✓[0m { op:auth }[2m..................:[0m avg=[36m114.23ms[0m min=[36m14.13ms[0m med=[36m84.65ms[0m  max=[36m1.56s[0m    p(90)=[36m178.41ms[0m p(95)=[36m272.14ms[0m p(99)=[36m339.73ms[0m
     [31m✗[0m { op:read,phase:measure }[2m....:[0m avg=[36m97.16ms[0m  min=[36m2.34ms[0m  med=[36m7.19ms[0m   max=[36m3.56s[0m    p(90)=[36m107.99ms[0m p(95)=[36m743.4ms[0m  p(99)=[36m1.82s[0m   
     [32m✓[0m { op:write,phase:measure }[2m...:[0m avg=[36m43.97ms[0m  min=[36m3.45ms[0m  med=[36m21.42ms[0m  max=[36m1.46s[0m    p(90)=[36m34.68ms[0m  p(95)=[36m44.24ms[0m  p(99)=[36m1.01s[0m   
     [32m✓[0m { page:0 }[2m...................:[0m avg=[36m20.66ms[0m  min=[36m2.64ms[0m  med=[36m5.01ms[0m   max=[36m537.67ms[0m p(90)=[36m37.91ms[0m  p(95)=[36m54.55ms[0m  p(99)=[36m361.75ms[0m
     [32m✓[0m { page:1 }[2m...................:[0m avg=[36m19.74ms[0m  min=[36m2.3ms[0m   med=[36m4.53ms[0m   max=[36m185.34ms[0m p(90)=[36m42.97ms[0m  p(95)=[36m65.63ms[0m  p(99)=[36m172.75ms[0m
     [32m✓[0m { page:2 }[2m...................:[0m avg=[36m6.57ms[0m   min=[36m2.39ms[0m  med=[36m4.09ms[0m   max=[36m36.75ms[0m  p(90)=[36m8.75ms[0m   p(95)=[36m20.13ms[0m  p(99)=[36m33.87ms[0m 
     [32m✓[0m { page:3 }[2m...................:[0m avg=[36m11.66ms[0m  min=[36m3.06ms[0m  med=[36m6.45ms[0m   max=[36m58.66ms[0m  p(90)=[36m29.58ms[0m  p(95)=[36m45.03ms[0m  p(99)=[36m55.93ms[0m 
     [32m✓[0m { page:4 }[2m...................:[0m avg=[36m10.72ms[0m  min=[36m3.02ms[0m  med=[36m4.23ms[0m   max=[36m40.75ms[0m  p(90)=[36m33.93ms[0m  p(95)=[36m38.17ms[0m  p(99)=[36m40.24ms[0m 
     [32m✓[0m { phase:measure }[2m............:[0m avg=[36m93.07ms[0m  min=[36m2.34ms[0m  med=[36m7.74ms[0m   max=[36m3.56s[0m    p(90)=[36m87.27ms[0m  p(95)=[36m690.12ms[0m p(99)=[36m1.79s[0m   
     [32m✓[0m { phase:rampdown }[2m...........:[0m avg=[36m78.04ms[0m  min=[36m2.3ms[0m   med=[36m8.13ms[0m   max=[36m1.96s[0m    p(90)=[36m89.54ms[0m  p(95)=[36m489.91ms[0m p(99)=[36m1.73s[0m   
     [32m✓[0m { phase:warmup }[2m.............:[0m avg=[36m144.51ms[0m min=[36m3.66ms[0m  med=[36m24.93ms[0m  max=[36m11.73s[0m   p(90)=[36m173.96ms[0m p(95)=[36m327.31ms[0m p(99)=[36m2.6s[0m    
     http_req_failed[2m................:[0m [36m0.00%[0m   [36;2m✓ 0[0m        [36;2m✗ 2776[0m 
     [32m✓[0m { phase:measure }[2m............:[0m [36m0.00%[0m   [36;2m✓ 0[0m        [36;2m✗ 1447[0m 
     [32m✓[0m { phase:rampdown }[2m...........:[0m [36m0.00%[0m   [36;2m✓ 0[0m        [36;2m✗ 933[0m  
     [32m✓[0m { phase:warmup }[2m.............:[0m [36m0.00%[0m   [36;2m✓ 0[0m        [36;2m✗ 396[0m  
     http_req_receiving[2m.............:[0m avg=[36m739.81µs[0m min=[36m37.02µs[0m med=[36m256.42µs[0m max=[36m203.65ms[0m p(90)=[36m852.82µs[0m p(95)=[36m2.38ms[0m   p(99)=[36m9.84ms[0m  
     http_req_sending[2m...............:[0m avg=[36m40.22µs[0m  min=[36m6.69µs[0m  med=[36m29.58µs[0m  max=[36m351.87µs[0m p(90)=[36m77.6µs[0m   p(95)=[36m97.94µs[0m  p(99)=[36m165.6µs[0m 
     http_req_tls_handshaking[2m.......:[0m avg=[36m0s[0m       min=[36m0s[0m      med=[36m0s[0m       max=[36m0s[0m       p(90)=[36m0s[0m       p(95)=[36m0s[0m       p(99)=[36m0s[0m      
     http_req_waiting[2m...............:[0m avg=[36m94.58ms[0m  min=[36m2.17ms[0m  med=[36m8.55ms[0m   max=[36m11.52s[0m   p(90)=[36m112.36ms[0m p(95)=[36m497.54ms[0m p(99)=[36m1.81s[0m   
     http_reqs[2m......................:[0m [36m2776[0m    [36;2m9.01642/s[0m
     [32m✓[0m { feature:auth }[2m.............:[0m [36m126[0m     [36;2m0.409247/s[0m
     [32m✓[0m { feature:board }[2m............:[0m [36m245[0m     [36;2m0.795758/s[0m
     [32m✓[0m { feature:chat }[2m.............:[0m [36m167[0m     [36;2m0.542414/s[0m
     [32m✓[0m { feature:comment }[2m..........:[0m [36m499[0m     [36;2m1.620747/s[0m
     [32m✓[0m { feature:friend }[2m...........:[0m [36m47[0m      [36;2m0.152656/s[0m
     [32m✓[0m { feature:hot }[2m..............:[0m [36m245[0m     [36;2m0.795758/s[0m
     [32m✓[0m { feature:mypage }[2m...........:[0m [36m40[0m      [36;2m0.12992/s[0m
     [32m✓[0m { feature:notification }[2m.....:[0m [36m142[0m     [36;2m0.461215/s[0m
     [32m✓[0m { feature:post }[2m.............:[0m [36m1159[0m    [36;2m3.76442/s[0m
     [32m✓[0m { feature:reaction }[2m.........:[0m [36m54[0m      [36;2m0.175391/s[0m
     [32m✓[0m { feature:school }[2m...........:[0m [36m25[0m      [36;2m0.0812/s[0m
     [32m✓[0m { feature:scrap }[2m............:[0m [36m9[0m       [36;2m0.029232/s[0m
     [32m✓[0m { feature:timetable }[2m........:[0m [36m18[0m      [36;2m0.058464/s[0m
     [32m✓[0m { op:auth }[2m..................:[0m [36m126[0m     [36;2m0.409247/s[0m
     [32m✓[0m { op:read }[2m..................:[0m [36m2438[0m    [36;2m7.918599/s[0m
     [32m✓[0m { op:write }[2m.................:[0m [36m212[0m     [36;2m0.688574/s[0m
     [32m✓[0m { page:0 }[2m...................:[0m [36m143[0m     [36;2m0.464463/s[0m
     [32m✓[0m { page:1 }[2m...................:[0m [36m39[0m      [36;2m0.126672/s[0m
     [32m✓[0m { page:2 }[2m...................:[0m [36m28[0m      [36;2m0.090944/s[0m
     [32m✓[0m { page:3 }[2m...................:[0m [36m20[0m      [36;2m0.06496/s[0m
     [32m✓[0m { page:4 }[2m...................:[0m [36m15[0m      [36;2m0.04872/s[0m
     [32m✓[0m { phase:measure }[2m............:[0m [36m1447[0m    [36;2m4.699841/s[0m
     [32m✓[0m { phase:rampdown }[2m...........:[0m [36m933[0m     [36;2m3.030374/s[0m
     [32m✓[0m { phase:warmup }[2m.............:[0m [36m396[0m     [36;2m1.286204/s[0m
     iteration_duration[2m.............:[0m avg=[36m9.85s[0m    min=[36m1.03s[0m   med=[36m7.22s[0m    max=[36m27.21s[0m   p(90)=[36m19.33s[0m   p(95)=[36m21.5s[0m    p(99)=[36m24.97s[0m  
     iterations[2m.....................:[0m [36m629[0m     [36;2m2.042986/s[0m
     [32m✓[0m { phase:measure }[2m............:[0m [36m0[0m       [36;2m0/s[0m
     [32m✓[0m { phase:rampdown }[2m...........:[0m [36m0[0m       [36;2m0/s[0m
     [32m✓[0m { phase:warmup }[2m.............:[0m [36m0[0m       [36;2m0/s[0m
     phase_iterations[2m...............:[0m [36m629[0m     [36;2m2.042986/s[0m
     [32m✓[0m { phase:measure }[2m............:[0m [36m355[0m     [36;2m1.153036/s[0m
     [32m✓[0m { phase:rampdown }[2m...........:[0m [36m212[0m     [36;2m0.688574/s[0m
     [32m✓[0m { phase:warmup }[2m.............:[0m [36m62[0m      [36;2m0.201375/s[0m
     vus[2m............................:[0m [36m1[0m       [36;2mmin=0[0m      [36;2mmax=35[0m 
     vus_max[2m........................:[0m [36m100[0m     [36;2mmin=100[0m    [36;2mmax=100[0m
     ws_connecting[2m..................:[0m avg=[36m9.74ms[0m   min=[36m2.42ms[0m  med=[36m3.71ms[0m   max=[36m130.25ms[0m p(90)=[36m7.68ms[0m   p(95)=[36m8.18ms[0m   p(99)=[36m104.62ms[0m
     ws_msgs_received[2m...............:[0m [36m161[0m     [36;2m0.522926/s[0m
     ws_msgs_sent[2m...................:[0m [36m183[0m     [36;2m0.594382/s[0m
     ws_session_duration[2m............:[0m avg=[36m22.25s[0m   min=[36m15.27s[0m  med=[36m23.16s[0m   max=[36m27.2s[0m    p(90)=[36m26.46s[0m   p(95)=[36m26.84s[0m   p(99)=[36m27.13s[0m  
     ws_sessions[2m....................:[0m [36m22[0m      [36;2m0.071456/s[0m
running (5m07.9s), 000/100 VUs, 629 complete and 0 interrupted iterations
normal_day ✓ [ 100% ] 000/100 VUs  5m0s  0.11 iters/s
  호스트(Windows) 292표본 · CPU 22.0% (max 75.9) · 정규화성능 110.1% · vmmem 108.3% · 바쁜코어 3.3개 · 가용메모리 2909MB
  부하 중 벤치: 없음 (벤치 시점을 정할 수 없음 — warmup 120초 이상을 --warmup 으로 주거나 --loadbench-at <초> 로 직접 지정)

  실행 후 상태 sha256:2fae183ac38a — chat_messages.count +139, chat_messages.maxId +139, posts.maxId +41, posts.count +33, comments.count +29 (외 13개)
    (지문 제외 항목: posts.sumViewCount +745, daily_hot_post.count +50)
Prometheus 스크레이프 대기 20초...

══════════════════════════════════════════════════════════════════════════
  Performance Report — normal-day   Run #106   ❌ FAIL
══════════════════════════════════════════════════════════════════════════
  환경 perf  |  브랜치 personal/localdocs  |  커밋 3e96d946  |  빌드 local
  시작 2026-08-20 13:13:07 KST  |  수행 5m 8s  |  VU max 100
  데이터셋 medium  |  부하 ramping-arrival-rate 0→3@1m0s→3@2m0s→0@2m0s maxVU 600

  ── 성능 (measure 구간) ─────────────────────────────────────────
  평균 93ms      P95 690ms     P99 1.79s    
  RPS  12.1      TPS 2.96      오류율 0.00%

  ── 인프라 ────────────────────────────────────────────────────────
  CPU  1.05 core (한계의 52%)   throttled 3.5%
  Heap 773 MB (75%)   GC max 46ms × 20회
  DB   slow 232  QPS 3,142  풀 100%  대기 16
  Redis hit 98.9%  ops 54.1/s  evicted 0

  ── 회귀 ──────────────────────────────────────────────────────────
  ⚠  기준선으로 쓸 수 있는 과거 실행이 없어 상대 비교를 생략했습니다 (절대 게이트만 적용).
     · normal-day-2026-08-20T02-36-34 — 부하 프로파일: ramping-vus 0→5@2m0s→5@30s→0@2m0s → ramping-arrival-rate 0→3@1m0s→3@2m0s→0@2m0s maxVU 600; 측정 구간 설계: steady-state · warmup 120s · measure 30s · rampdown 120s · gate:measure → steady-state · warmup 60s · measure 120s · rampdown 120s · gate:measure
     · normal-day-2026-08-20T02-23-11 — 부하 프로파일: ramping-vus 0→5@2m0s→5@30s→0@2m0s → ramping-arrival-rate 0→3@1m0s→3@2m0s→0@2m0s maxVU 600; 측정 구간 설계: steady-state · warmup 120s · measure 30s · rampdown 120s · gate:measure → steady-state · warmup 60s · measure 120s · rampdown 120s · gate:measure
     · normal-day-2026-08-20T01-58-05 — 부하 프로파일: ramping-vus 0→200@3m0s→200@5m0s→0@2m0s → ramping-arrival-rate 0→3@1m0s→3@2m0s→0@2m0s maxVU 600; 측정 구간 설계: steady-state · warmup 180s · measure 300s · rampdown 120s · gate:measure → steady-state · warmup 60s · measure 120s · rampdown 120s · gate:measure

  ── 병목 가설 ─────────────────────────────────────────────────────
  • CPU throttling 발생
    cgroup이 CPU를 강제 회수한 주기가 3.5%다. CPU 한계(2 core)를 올리거나 요청당 CPU 사용을 줄여야 p99가 안정된다.
  • DB 커넥션 풀 대기 발생
    최대 16개 스레드가 커넥션을 기다렸다. 풀 크기(10)가 동시성 대비 부족하거나, 커넥션 보유 시간이 긴 쿼리가 있다.
  • DB 커넥션 풀 포화
    풀 사용률이 100%까지 올라갔다. 여유가 거의 없어 부하가 조금만 늘어도 대기가 생긴다.
  • HTTP 요청당 쿼리 수 과다
    요청 1건당 평균 260.6개 쿼리가 실행됐다. N+1 패턴 가능성이 높다.

  보고서 : reports\runs\normal-day-2026-08-20T04-18-15\report.html
  Grafana(전체 실행): http://localhost:3001/d/htd-perf-overview/highteenday-performance-overview?from=1787199067568&to=1787199615451
  Grafana(measure) : http://localhost:3001/d/htd-perf-overview/highteenday-performance-overview?from=1787199127568&to=1787199487568
══════════════════════════════════════════════════════════════════════════

