[2026-08-18T12:37:36Z] 밤새 실행 시작 — 7개 항목 순차
[2026-08-18T12:37:36Z] Node: v22.23.1
════════════════════════════════════════════════════════════
[2026-08-18T12:37:36Z] ▶ 시작: 1-smoke:read-heavy
════════════════════════════════════════════════════════════
[2026-08-18T12:37:36Z] ◀ 종료: 1-smoke:read-heavy — 종료코드 2 · 0초 (0분)
════════════════════════════════════════════════════════════
[2026-08-18T12:37:37Z] ▶ 시작: 1-smoke:peak-hour
════════════════════════════════════════════════════════════
[2026-08-18T12:37:37Z] ◀ 종료: 1-smoke:peak-hour — 종료코드 2 · 1초 (0분)
════════════════════════════════════════════════════════════
[2026-08-18T12:37:37Z] ▶ 시작: 1-smoke:exam-week
════════════════════════════════════════════════════════════
[2026-08-18T12:37:38Z] ◀ 종료: 1-smoke:exam-week — 종료코드 2 · 1초 (0분)
════════════════════════════════════════════════════════════
[2026-08-18T12:37:38Z] ▶ 시작: 1-smoke:chat-heavy
════════════════════════════════════════════════════════════
[2026-08-18T12:37:39Z] ◀ 종료: 1-smoke:chat-heavy — 종료코드 2 · 1초 (0분)
════════════════════════════════════════════════════════════
[2026-08-18T12:37:39Z] ▶ 시작: 1-smoke:notification-heavy
════════════════════════════════════════════════════════════
[2026-08-18T12:37:40Z] ◀ 종료: 1-smoke:notification-heavy — 종료코드 2 · 1초 (0분)
════════════════════════════════════════════════════════════
[2026-08-18T12:37:40Z] ▶ 시작: 1-smoke:registration-day
════════════════════════════════════════════════════════════
[2026-08-18T12:37:41Z] ◀ 종료: 1-smoke:registration-day — 종료코드 2 · 1초 (0분)
════════════════════════════════════════════════════════════
[2026-08-18T12:37:41Z] ▶ 시작: 1-smoke:write-heavy
════════════════════════════════════════════════════════════
[2026-08-18T12:37:41Z] ◀ 종료: 1-smoke:write-heavy — 종료코드 2 · 0초 (0분)
════════════════════════════════════════════════════════════
[2026-08-18T12:37:42Z] ▶ 시작: 1-smoke:cache-warm
════════════════════════════════════════════════════════════
[2026-08-18T12:37:48Z] ◀ 종료: 1-smoke:cache-warm — 종료코드 2 · 7초 (0분)
════════════════════════════════════════════════════════════
[2026-08-18T12:37:48Z] ▶ 시작: 1-smoke:cold-start
════════════════════════════════════════════════════════════
[2026-08-18T12:37:50Z] ◀ 종료: 1-smoke:cold-start — 종료코드 2 · 2초 (0분)
════════════════════════════════════════════════════════════
[2026-08-18T12:37:50Z] ▶ 시작: 1-smoke:soak
════════════════════════════════════════════════════════════
[2026-08-18T12:37:54Z] ◀ 종료: 1-smoke:soak — 종료코드 2 · 4초 (0분)
════════════════════════════════════════════════════════════
[2026-08-18T12:37:54Z] ▶ 시작: 1-smoke:deep-paging
════════════════════════════════════════════════════════════
[2026-08-18T12:37:56Z] ◀ 종료: 1-smoke:deep-paging — 종료코드 2 · 2초 (0분)
════════════════════════════════════════════════════════════
[2026-08-18T12:37:56Z] ▶ 시작: 1-smoke:chaos
════════════════════════════════════════════════════════════
[2026-08-18T12:37:59Z] ◀ 종료: 1-smoke:chaos — 종료코드 2 · 3초 (0분)
════════════════════════════════════════════════════════════
[2026-08-18T12:37:59Z] ▶ 시작: 1-smoke:failover
════════════════════════════════════════════════════════════
[2026-08-18T12:38:00Z] ◀ 종료: 1-smoke:failover — 종료코드 2 · 1초 (0분)
════════════════════════════════════════════════════════════
[2026-08-18T12:38:00Z] ▶ 시작: 1-smoke:breakpoint
════════════════════════════════════════════════════════════
[2026-08-18T12:38:03Z] ◀ 종료: 1-smoke:breakpoint — 종료코드 2 · 3초 (0분)
════════════════════════════════════════════════════════════
[2026-08-18T12:38:04Z] ▶ 시작: 1-smoke:spike
════════════════════════════════════════════════════════════
[2026-08-18T12:38:04Z] ◀ 종료: 1-smoke:spike — 종료코드 2 · 1초 (0분)
════════════════════════════════════════════════════════════
[2026-08-18T12:38:04Z] ▶ 시작: 1-smoke:stress
════════════════════════════════════════════════════════════
[2026-08-18T12:38:05Z] ◀ 종료: 1-smoke:stress — 종료코드 2 · 1초 (0분)
════════════════════════════════════════════════════════════
[2026-08-18T12:38:05Z] ▶ 시작: 2-연속10회
════════════════════════════════════════════════════════════
[2026-08-18T12:38:51Z] ◀ 종료: 2-연속10회 — 종료코드 2 · 44초 (0분)
════════════════════════════════════════════════════════════
[2026-08-18T12:38:51Z] ▶ 시작: 3-20분세트
════════════════════════════════════════════════════════════
[2026-08-18T12:42:34Z] ◀ 종료: 3-20분세트 — 종료코드 0 · 223초 (3분)
[2026-08-18T12:42:34Z] ⏭ 건너뜀: 4-soak2시간 — 1번의 soak 스모크가 실패했다(종료코드 2).
════════════════════════════════════════════════════════════
[2026-08-18T12:42:34Z] ▶ 시작: 5-크기대조:A1-medium
════════════════════════════════════════════════════════════
[2026-08-18T12:46:26Z] ◀ 종료: 5-크기대조:A1-medium — 종료코드 0 · 231초 (3분)
════════════════════════════════════════════════════════════
[2026-08-18T12:46:26Z] ▶ 시작: 5-크기대조:B-large
════════════════════════════════════════════════════════════
[2026-08-18T12:55:22Z] 밤새 실행 시작 — 7개 항목 순차 (PID 5216)
[2026-08-18T12:55:22Z] 중단하려면: touch /c/Users/user/Desktop/projects/highteen/highteenday-backend/performance/reports/overnight/STOP
[2026-08-18T12:55:22Z] 프로파일 이미 smoke — 전환 생략
════════════════════════════════════════════════════════════
[2026-08-18T12:55:22Z] ▶ 시작: 1-smoke:read-heavy
════════════════════════════════════════════════════════════
[2026-08-18T13:00:33Z] ◀ 종료: 1-smoke:read-heavy — 종료코드 0 · 311초 (5분)
════════════════════════════════════════════════════════════
[2026-08-18T13:00:33Z] ▶ 시작: 1-smoke:peak-hour
════════════════════════════════════════════════════════════
[2026-08-18T13:06:39Z] ◀ 종료: 1-smoke:peak-hour — 종료코드 0 · 366초 (6분)
════════════════════════════════════════════════════════════
[2026-08-18T13:06:39Z] ▶ 시작: 1-smoke:exam-week
════════════════════════════════════════════════════════════
[2026-08-18T13:14:45Z] ◀ 종료: 1-smoke:exam-week — 종료코드 0 · 486초 (8분)
════════════════════════════════════════════════════════════
[2026-08-18T13:14:45Z] ▶ 시작: 1-smoke:chat-heavy
════════════════════════════════════════════════════════════
[2026-08-18T13:16:01Z] ◀ 종료: 1-smoke:chat-heavy — 종료코드 125 · 76초 (1분)
════════════════════════════════════════════════════════════
[2026-08-18T13:16:01Z] ▶ 시작: 1-smoke:notification-heavy
════════════════════════════════════════════════════════════
