  ⚠ 스냅샷과 상태가 다릅니다 — chat_messages.count +137, chat_messages.maxId +137, posts.count +2, posts.maxId +2, comments.count +1 (외 6개)
time="2026-08-18T13:31:46Z" level=warning msg="Legacy env var detected, use --features or K6_FEATURES instead" env=K6_PROMETHEUS_RW_TREND_AS_NATIVE_HISTOGRAM feature=native-histograms lifecycle=deprecated_alias source=env_legacy_alias
time="2026-08-18T13:31:46Z" level=info msg="Experimental feature enabled" feature=native-histograms lifecycle=experimental
  ⚠ 스냅샷과 상태가 다릅니다 — chat_messages.count +35, chat_messages.maxId +35, posts.count +8, posts.maxId +8, comments.count +8 (외 12개)
time="2026-08-18T13:36:53Z" level=warning msg="Legacy env var detected, use --features or K6_FEATURES instead" env=K6_PROMETHEUS_RW_TREND_AS_NATIVE_HISTOGRAM feature=native-histograms lifecycle=deprecated_alias source=env_legacy_alias
time="2026-08-18T13:36:53Z" level=info msg="Experimental feature enabled" feature=native-histograms lifecycle=experimental
  ⚠ 스냅샷과 상태가 다릅니다 — chat_messages.count +40, chat_messages.maxId +40, posts.maxId +3, posts.count +2, comments_reactions.count +2 (외 6개)
time="2026-08-18T13:41:58Z" level=warning msg="Legacy env var detected, use --features or K6_FEATURES instead" env=K6_PROMETHEUS_RW_TREND_AS_NATIVE_HISTOGRAM feature=native-histograms lifecycle=deprecated_alias source=env_legacy_alias
time="2026-08-18T13:41:58Z" level=info msg="Experimental feature enabled" feature=native-histograms lifecycle=experimental
  ⚠ 스냅샷과 상태가 다릅니다 — chat_messages.count +43, chat_messages.maxId +43, posts.maxId +36, posts.count +24, comments.count +10 (외 13개)
time="2026-08-18T13:46:58Z" level=warning msg="Legacy env var detected, use --features or K6_FEATURES instead" env=K6_PROMETHEUS_RW_TREND_AS_NATIVE_HISTOGRAM feature=native-histograms lifecycle=deprecated_alias source=env_legacy_alias
time="2026-08-18T13:46:58Z" level=info msg="Experimental feature enabled" feature=native-histograms lifecycle=experimental
  ⚠ 스냅샷과 상태가 다릅니다 — chat_messages.count +14, chat_messages.maxId +14, comments.count +4, comments.maxId +4, notifications.count +4 (외 2개)
time="2026-08-18T13:50:38Z" level=warning msg="Legacy env var detected, use --features or K6_FEATURES instead" env=K6_PROMETHEUS_RW_TREND_AS_NATIVE_HISTOGRAM feature=native-histograms lifecycle=deprecated_alias source=env_legacy_alias
time="2026-08-18T13:50:38Z" level=info msg="Experimental feature enabled" feature=native-histograms lifecycle=experimental
  ⚠ 스냅샷과 상태가 다릅니다 — comments.count +1, comments.maxId +1, notifications.count +1, notifications.maxId +1, posts.sumCommentCount +1
time="2026-08-18T13:53:54Z" level=warning msg="Legacy env var detected, use --features or K6_FEATURES instead" env=K6_PROMETHEUS_RW_TREND_AS_NATIVE_HISTOGRAM feature=native-histograms lifecycle=deprecated_alias source=env_legacy_alias
time="2026-08-18T13:53:54Z" level=info msg="Experimental feature enabled" feature=native-histograms lifecycle=experimental
  ⚠ 스냅샷과 상태가 다릅니다 — chat_messages.count +58, chat_messages.maxId +58, posts.maxId +10, posts.count +9, comments.count +6 (외 13개)
time="2026-08-18T14:01:57Z" level=warning msg="Legacy env var detected, use --features or K6_FEATURES instead" env=K6_PROMETHEUS_RW_TREND_AS_NATIVE_HISTOGRAM feature=native-histograms lifecycle=deprecated_alias source=env_legacy_alias
time="2026-08-18T14:01:57Z" level=info msg="Experimental feature enabled" feature=native-histograms lifecycle=experimental
time="2026-08-18T14:02:58Z" level=error msg="thresholds on metrics 'checks' have been crossed"

⚠ k6 종료 코드 99 (threshold 미달 가능) — 수집은 계속합니다.


[2026-08-18T14:03:18.824Z] 실행기 중단: Error: deep-paging-2026-08-18T14-02-57: phases.measure 요청 표본이 없습니다.
    at validateRun (C:\Users\user\Desktop\projects\highteen\highteenday-backend\performance\tools\overnight-runner.js:128:11)
    at C:\Users\user\Desktop\projects\highteen\highteenday-backend\performance\tools\overnight-runner.js:195:45
    at Array.map (<anonymous>)
    at runTask (C:\Users\user\Desktop\projects\highteen\highteenday-backend\performance\tools\overnight-runner.js:195:33)
    at main (C:\Users\user\Desktop\projects\highteen\highteenday-backend\performance\tools\overnight-runner.js:269:7)
    at Object.<anonymous> (C:\Users\user\Desktop\projects\highteen\highteenday-backend\performance\tools\overnight-runner.js:286:1)
    at Module._compile (node:internal/modules/cjs/loader:1781:14)
    at Object..js (node:internal/modules/cjs/loader:1913:10)
    at Module.load (node:internal/modules/cjs/loader:1505:32)
    at Function._load (node:internal/modules/cjs/loader:1309:12)
