
▶ k6 run scenarios/normal-day.js
  브랜치 personal/localdocs · 커밋 3e96d9463207 · 실행자 user@DESKTOP-DJJPASG
  환경 perf · "T-37 phase-aware hostprobe smoke"
  데이터셋 medium · 상태 sha256:34b8d8351dba (188ms)
  캐시 warm (키 3,394개)
  guard strict — 상태 불일치 시 스냅샷 복원 후 재확인 [perf.config.json]
    guard=strict — 스냅샷으로 복원합니다.
▶ 복원 — medium-20260816-062210 → perf-mysql-data-medium
  앱·MySQL 정지
  MySQL 기동
  Redis FLUSHALL (복원 후 캐시는 cold 다)
  앱 기동
  복원 후 상태 지문 sha256:ffe696d17416 = 스냅샷 일치

✅ 복원 완료 · 소요 6.0초 (압축 해제 구간)

  부하 발생기: 컨테이너 perf-k6 (grafana/k6:2.1.0, CPU 상한 4)
  k6 지표 전송: http://prometheus:9090/api/v1/write (native histogram, 5s 간격)
  환경 대조 벤치 실행 중(3축 3회, 약 40초)... single 4894ms · parallel 5652ms · ctxswitch 2200ms
  부하 중 벤치 예약: k6 시작 +30초 (warmup 구간, 3회)

         /\      Grafana   /‾‾/  
    /\  /  \     |\  __   /  /   
   /  \/    \    | |/ /  /   ‾‾\ 
  /          \   |   (  |  (‾)  |
 / __________ \  |_|\_\  \_____/ 


     execution: local
        script: scenarios/normal-day.js
        output: Prometheus remote write (http://prometheus:9090/api/v1/write)

     scenarios: (100.00%) 1 scenario, 5 max VUs, 5m0s max duration (incl. graceful stop):
              * normal_day: Up to 5 looping VUs for 4m30s over 3 stages (gracefulRampDown: 30s, gracefulStop: 30s)


running (0m01.0s), 0/5 VUs, 0 complete and 0 interrupted iterations
normal_day   [   0% ] 0/5 VUs  0m01.0s/4m30.0s

running (0m02.0s), 0/5 VUs, 0 complete and 0 interrupted iterations
normal_day   [   1% ] 0/5 VUs  0m02.0s/4m30.0s

running (0m03.0s), 0/5 VUs, 0 complete and 0 interrupted iterations
normal_day   [   1% ] 0/5 VUs  0m03.0s/4m30.0s

running (0m04.0s), 0/5 VUs, 0 complete and 0 interrupted iterations
normal_day   [   1% ] 0/5 VUs  0m04.0s/4m30.0s

running (0m05.0s), 0/5 VUs, 0 complete and 0 interrupted iterations
normal_day   [   2% ] 0/5 VUs  0m05.0s/4m30.0s

running (0m06.0s), 0/5 VUs, 0 complete and 0 interrupted iterations
normal_day   [   2% ] 0/5 VUs  0m06.0s/4m30.0s

running (0m07.0s), 0/5 VUs, 0 complete and 0 interrupted iterations
normal_day   [   3% ] 0/5 VUs  0m07.0s/4m30.0s

running (0m08.0s), 0/5 VUs, 0 complete and 0 interrupted iterations
normal_day   [   3% ] 0/5 VUs  0m08.0s/4m30.0s

running (0m09.0s), 0/5 VUs, 0 complete and 0 interrupted iterations
normal_day   [   3% ] 0/5 VUs  0m09.0s/4m30.0s

running (0m10.0s), 0/5 VUs, 0 complete and 0 interrupted iterations
normal_day   [   4% ] 0/5 VUs  0m10.0s/4m30.0s

running (0m11.0s), 0/5 VUs, 0 complete and 0 interrupted iterations
normal_day   [   4% ] 0/5 VUs  0m11.0s/4m30.0s

running (0m12.0s), 0/5 VUs, 0 complete and 0 interrupted iterations
normal_day   [   4% ] 0/5 VUs  0m12.0s/4m30.0s

running (0m13.0s), 0/5 VUs, 0 complete and 0 interrupted iterations
normal_day   [   5% ] 0/5 VUs  0m13.0s/4m30.0s

running (0m14.0s), 0/5 VUs, 0 complete and 0 interrupted iterations
normal_day   [   5% ] 0/5 VUs  0m14.0s/4m30.0s

running (0m15.0s), 0/5 VUs, 0 complete and 0 interrupted iterations
normal_day   [   6% ] 0/5 VUs  0m15.0s/4m30.0s

running (0m16.0s), 0/5 VUs, 0 complete and 0 interrupted iterations
normal_day   [   6% ] 0/5 VUs  0m16.0s/4m30.0s

running (0m17.0s), 0/5 VUs, 0 complete and 0 interrupted iterations
normal_day   [   6% ] 0/5 VUs  0m17.0s/4m30.0s

running (0m18.0s), 0/5 VUs, 0 complete and 0 interrupted iterations
normal_day   [   7% ] 0/5 VUs  0m18.0s/4m30.0s

running (0m19.0s), 0/5 VUs, 0 complete and 0 interrupted iterations
normal_day   [   7% ] 0/5 VUs  0m19.0s/4m30.0s

running (0m20.0s), 0/5 VUs, 0 complete and 0 interrupted iterations
normal_day   [   7% ] 0/5 VUs  0m20.0s/4m30.0s

running (0m21.0s), 0/5 VUs, 0 complete and 0 interrupted iterations
normal_day   [   8% ] 0/5 VUs  0m21.0s/4m30.0s

running (0m22.0s), 0/5 VUs, 0 complete and 0 interrupted iterations
normal_day   [   8% ] 0/5 VUs  0m22.0s/4m30.0s

running (0m23.0s), 0/5 VUs, 0 complete and 0 interrupted iterations
normal_day   [   9% ] 0/5 VUs  0m23.0s/4m30.0s

running (0m24.0s), 0/5 VUs, 0 complete and 0 interrupted iterations
normal_day   [   9% ] 0/5 VUs  0m24.0s/4m30.0s

running (0m25.0s), 1/5 VUs, 0 complete and 0 interrupted iterations
normal_day   [   9% ] 1/5 VUs  0m25.0s/4m30.0s

running (0m26.0s), 1/5 VUs, 0 complete and 0 interrupted iterations
normal_day   [  10% ] 1/5 VUs  0m26.0s/4m30.0s

running (0m27.0s), 1/5 VUs, 0 complete and 0 interrupted iterations
normal_day   [  10% ] 1/5 VUs  0m27.0s/4m30.0s

running (0m28.0s), 1/5 VUs, 0 complete and 0 interrupted iterations
normal_day   [  10% ] 1/5 VUs  0m28.0s/4m30.0s

running (0m29.0s), 1/5 VUs, 0 complete and 0 interrupted iterations
normal_day   [  11% ] 1/5 VUs  0m29.0s/4m30.0s

running (0m30.0s), 1/5 VUs, 0 complete and 0 interrupted iterations
normal_day   [  11% ] 1/5 VUs  0m30.0s/4m30.0s

running (0m31.0s), 1/5 VUs, 1 complete and 0 interrupted iterations
normal_day   [  11% ] 1/5 VUs  0m31.0s/4m30.0s

running (0m32.0s), 1/5 VUs, 1 complete and 0 interrupted iterations
normal_day   [  12% ] 1/5 VUs  0m32.0s/4m30.0s

running (0m33.0s), 1/5 VUs, 1 complete and 0 interrupted iterations
normal_day   [  12% ] 1/5 VUs  0m33.0s/4m30.0s

running (0m34.0s), 1/5 VUs, 1 complete and 0 interrupted iterations
normal_day   [  13% ] 1/5 VUs  0m34.0s/4m30.0s

running (0m35.0s), 1/5 VUs, 1 complete and 0 interrupted iterations
normal_day   [  13% ] 1/5 VUs  0m35.0s/4m30.0s

running (0m36.0s), 1/5 VUs, 1 complete and 0 interrupted iterations
normal_day   [  13% ] 1/5 VUs  0m36.0s/4m30.0s

running (0m37.0s), 1/5 VUs, 1 complete and 0 interrupted iterations
normal_day   [  14% ] 1/5 VUs  0m37.0s/4m30.0s

running (0m38.0s), 1/5 VUs, 1 complete and 0 interrupted iterations
normal_day   [  14% ] 1/5 VUs  0m38.0s/4m30.0s

running (0m39.0s), 1/5 VUs, 1 complete and 0 interrupted iterations
normal_day   [  14% ] 1/5 VUs  0m39.0s/4m30.0s

running (0m40.0s), 1/5 VUs, 1 complete and 0 interrupted iterations
normal_day   [  15% ] 1/5 VUs  0m40.0s/4m30.0s

running (0m41.0s), 1/5 VUs, 1 complete and 0 interrupted iterations
normal_day   [  15% ] 1/5 VUs  0m41.0s/4m30.0s

running (0m42.0s), 1/5 VUs, 2 complete and 0 interrupted iterations
normal_day   [  16% ] 1/5 VUs  0m42.0s/4m30.0s

running (0m43.0s), 1/5 VUs, 2 complete and 0 interrupted iterations
normal_day   [  16% ] 1/5 VUs  0m43.0s/4m30.0s

running (0m44.0s), 1/5 VUs, 2 complete and 0 interrupted iterations
normal_day   [  16% ] 1/5 VUs  0m44.0s/4m30.0s

running (0m45.0s), 1/5 VUs, 2 complete and 0 interrupted iterations
normal_day   [  17% ] 1/5 VUs  0m45.0s/4m30.0s

running (0m46.0s), 1/5 VUs, 2 complete and 0 interrupted iterations
normal_day   [  17% ] 1/5 VUs  0m46.0s/4m30.0s

running (0m47.0s), 1/5 VUs, 2 complete and 0 interrupted iterations
normal_day   [  17% ] 1/5 VUs  0m47.0s/4m30.0s

running (0m48.0s), 1/5 VUs, 2 complete and 0 interrupted iterations
normal_day   [  18% ] 1/5 VUs  0m48.0s/4m30.0s

running (0m49.0s), 2/5 VUs, 2 complete and 0 interrupted iterations
normal_day   [  18% ] 2/5 VUs  0m49.0s/4m30.0s

running (0m50.0s), 2/5 VUs, 3 complete and 0 interrupted iterations
normal_day   [  19% ] 2/5 VUs  0m50.0s/4m30.0s

running (0m51.0s), 2/5 VUs, 3 complete and 0 interrupted iterations
normal_day   [  19% ] 2/5 VUs  0m51.0s/4m30.0s

running (0m52.0s), 2/5 VUs, 3 complete and 0 interrupted iterations
normal_day   [  19% ] 2/5 VUs  0m52.0s/4m30.0s

running (0m53.0s), 2/5 VUs, 3 complete and 0 interrupted iterations
normal_day   [  20% ] 2/5 VUs  0m53.0s/4m30.0s

running (0m54.0s), 2/5 VUs, 3 complete and 0 interrupted iterations
normal_day   [  20% ] 2/5 VUs  0m54.0s/4m30.0s

running (0m55.0s), 2/5 VUs, 3 complete and 0 interrupted iterations
normal_day   [  20% ] 2/5 VUs  0m55.0s/4m30.0s

running (0m56.0s), 2/5 VUs, 4 complete and 0 interrupted iterations
normal_day   [  21% ] 2/5 VUs  0m56.0s/4m30.0s

running (0m57.0s), 2/5 VUs, 4 complete and 0 interrupted iterations
normal_day   [  21% ] 2/5 VUs  0m57.0s/4m30.0s

running (0m58.0s), 2/5 VUs, 4 complete and 0 interrupted iterations
normal_day   [  21% ] 2/5 VUs  0m58.0s/4m30.0s

running (0m59.0s), 2/5 VUs, 4 complete and 0 interrupted iterations
normal_day   [  22% ] 2/5 VUs  0m59.0s/4m30.0s

running (1m00.0s), 2/5 VUs, 4 complete and 0 interrupted iterations
normal_day   [  22% ] 2/5 VUs  1m00.0s/4m30.0s

running (1m01.0s), 2/5 VUs, 4 complete and 0 interrupted iterations
normal_day   [  23% ] 2/5 VUs  1m01.0s/4m30.0s

running (1m02.0s), 2/5 VUs, 4 complete and 0 interrupted iterations
normal_day   [  23% ] 2/5 VUs  1m02.0s/4m30.0s

running (1m03.0s), 2/5 VUs, 4 complete and 0 interrupted iterations
normal_day   [  23% ] 2/5 VUs  1m03.0s/4m30.0s

running (1m04.0s), 2/5 VUs, 4 complete and 0 interrupted iterations
normal_day   [  24% ] 2/5 VUs  1m04.0s/4m30.0s

running (1m05.0s), 2/5 VUs, 4 complete and 0 interrupted iterations
normal_day   [  24% ] 2/5 VUs  1m05.0s/4m30.0s

running (1m06.0s), 2/5 VUs, 4 complete and 0 interrupted iterations
normal_day   [  24% ] 2/5 VUs  1m06.0s/4m30.0s

running (1m07.0s), 2/5 VUs, 4 complete and 0 interrupted iterations
normal_day   [  25% ] 2/5 VUs  1m07.0s/4m30.0s

running (1m08.0s), 2/5 VUs, 4 complete and 0 interrupted iterations
normal_day   [  25% ] 2/5 VUs  1m08.0s/4m30.0s

running (1m09.0s), 2/5 VUs, 4 complete and 0 interrupted iterations
normal_day   [  26% ] 2/5 VUs  1m09.0s/4m30.0s

running (1m10.0s), 2/5 VUs, 5 complete and 0 interrupted iterations
normal_day   [  26% ] 2/5 VUs  1m10.0s/4m30.0s

running (1m11.0s), 2/5 VUs, 5 complete and 0 interrupted iterations
normal_day   [  26% ] 2/5 VUs  1m11.0s/4m30.0s

running (1m12.0s), 2/5 VUs, 5 complete and 0 interrupted iterations
normal_day   [  27% ] 2/5 VUs  1m12.0s/4m30.0s

running (1m13.0s), 3/5 VUs, 5 complete and 0 interrupted iterations
normal_day   [  27% ] 3/5 VUs  1m13.0s/4m30.0s

running (1m14.0s), 3/5 VUs, 6 complete and 0 interrupted iterations
normal_day   [  27% ] 3/5 VUs  1m14.0s/4m30.0s

running (1m15.0s), 3/5 VUs, 6 complete and 0 interrupted iterations
normal_day   [  28% ] 3/5 VUs  1m15.0s/4m30.0s

running (1m16.0s), 3/5 VUs, 6 complete and 0 interrupted iterations
normal_day   [  28% ] 3/5 VUs  1m16.0s/4m30.0s

running (1m17.0s), 3/5 VUs, 6 complete and 0 interrupted iterations
normal_day   [  29% ] 3/5 VUs  1m17.0s/4m30.0s

running (1m18.0s), 3/5 VUs, 7 complete and 0 interrupted iterations
normal_day   [  29% ] 3/5 VUs  1m18.0s/4m30.0s

running (1m19.0s), 3/5 VUs, 7 complete and 0 interrupted iterations
normal_day   [  29% ] 3/5 VUs  1m19.0s/4m30.0s

running (1m20.0s), 3/5 VUs, 7 complete and 0 interrupted iterations
normal_day   [  30% ] 3/5 VUs  1m20.0s/4m30.0s

running (1m21.0s), 3/5 VUs, 7 complete and 0 interrupted iterations
normal_day   [  30% ] 3/5 VUs  1m21.0s/4m30.0s

running (1m22.0s), 3/5 VUs, 8 complete and 0 interrupted iterations
normal_day   [  30% ] 3/5 VUs  1m22.0s/4m30.0s

running (1m23.0s), 3/5 VUs, 8 complete and 0 interrupted iterations
normal_day   [  31% ] 3/5 VUs  1m23.0s/4m30.0s

running (1m24.0s), 3/5 VUs, 8 complete and 0 interrupted iterations
normal_day   [  31% ] 3/5 VUs  1m24.0s/4m30.0s

running (1m25.0s), 3/5 VUs, 8 complete and 0 interrupted iterations
normal_day   [  31% ] 3/5 VUs  1m25.0s/4m30.0s

running (1m26.0s), 3/5 VUs, 8 complete and 0 interrupted iterations
normal_day   [  32% ] 3/5 VUs  1m26.0s/4m30.0s

running (1m27.0s), 3/5 VUs, 8 complete and 0 interrupted iterations
normal_day   [  32% ] 3/5 VUs  1m27.0s/4m30.0s

running (1m28.0s), 3/5 VUs, 9 complete and 0 interrupted iterations
normal_day   [  33% ] 3/5 VUs  1m28.0s/4m30.0s

running (1m29.0s), 3/5 VUs, 9 complete and 0 interrupted iterations
normal_day   [  33% ] 3/5 VUs  1m29.0s/4m30.0s

running (1m30.0s), 3/5 VUs, 9 complete and 0 interrupted iterations
normal_day   [  33% ] 3/5 VUs  1m30.0s/4m30.0s

running (1m31.0s), 3/5 VUs, 10 complete and 0 interrupted iterations
normal_day   [  34% ] 3/5 VUs  1m31.0s/4m30.0s

running (1m32.0s), 3/5 VUs, 11 complete and 0 interrupted iterations
normal_day   [  34% ] 3/5 VUs  1m32.0s/4m30.0s

running (1m33.0s), 3/5 VUs, 12 complete and 0 interrupted iterations
normal_day   [  34% ] 3/5 VUs  1m33.0s/4m30.0s

running (1m34.0s), 3/5 VUs, 12 complete and 0 interrupted iterations
normal_day   [  35% ] 3/5 VUs  1m34.0s/4m30.0s

running (1m35.0s), 3/5 VUs, 12 complete and 0 interrupted iterations
normal_day   [  35% ] 3/5 VUs  1m35.0s/4m30.0s

running (1m36.0s), 3/5 VUs, 12 complete and 0 interrupted iterations
normal_day   [  36% ] 3/5 VUs  1m36.0s/4m30.0s

running (1m37.0s), 4/5 VUs, 12 complete and 0 interrupted iterations
normal_day   [  36% ] 4/5 VUs  1m37.0s/4m30.0s

running (1m38.0s), 4/5 VUs, 12 complete and 0 interrupted iterations
normal_day   [  36% ] 4/5 VUs  1m38.0s/4m30.0s

running (1m39.0s), 4/5 VUs, 13 complete and 0 interrupted iterations
normal_day   [  37% ] 4/5 VUs  1m39.0s/4m30.0s

running (1m40.0s), 4/5 VUs, 13 complete and 0 interrupted iterations
normal_day   [  37% ] 4/5 VUs  1m40.0s/4m30.0s

running (1m41.0s), 4/5 VUs, 14 complete and 0 interrupted iterations
normal_day   [  37% ] 4/5 VUs  1m41.0s/4m30.0s

running (1m42.0s), 4/5 VUs, 14 complete and 0 interrupted iterations
normal_day   [  38% ] 4/5 VUs  1m42.0s/4m30.0s

running (1m43.0s), 4/5 VUs, 14 complete and 0 interrupted iterations
normal_day   [  38% ] 4/5 VUs  1m43.0s/4m30.0s

running (1m44.0s), 4/5 VUs, 16 complete and 0 interrupted iterations
normal_day   [  39% ] 4/5 VUs  1m44.0s/4m30.0s

running (1m45.0s), 4/5 VUs, 17 complete and 0 interrupted iterations
normal_day   [  39% ] 4/5 VUs  1m45.0s/4m30.0s

running (1m46.0s), 4/5 VUs, 17 complete and 0 interrupted iterations
normal_day   [  39% ] 4/5 VUs  1m46.0s/4m30.0s

running (1m47.0s), 4/5 VUs, 17 complete and 0 interrupted iterations
normal_day   [  40% ] 4/5 VUs  1m47.0s/4m30.0s

running (1m48.0s), 4/5 VUs, 18 complete and 0 interrupted iterations
normal_day   [  40% ] 4/5 VUs  1m48.0s/4m30.0s

running (1m49.0s), 4/5 VUs, 18 complete and 0 interrupted iterations
normal_day   [  40% ] 4/5 VUs  1m49.0s/4m30.0s

running (1m50.0s), 4/5 VUs, 18 complete and 0 interrupted iterations
normal_day   [  41% ] 4/5 VUs  1m50.0s/4m30.0s

running (1m51.0s), 4/5 VUs, 20 complete and 0 interrupted iterations
normal_day   [  41% ] 4/5 VUs  1m51.0s/4m30.0s

running (1m52.0s), 4/5 VUs, 20 complete and 0 interrupted iterations
normal_day   [  41% ] 4/5 VUs  1m52.0s/4m30.0s

running (1m53.0s), 4/5 VUs, 21 complete and 0 interrupted iterations
normal_day   [  42% ] 4/5 VUs  1m53.0s/4m30.0s

running (1m54.0s), 4/5 VUs, 21 complete and 0 interrupted iterations
normal_day   [  42% ] 4/5 VUs  1m54.0s/4m30.0s

running (1m55.0s), 4/5 VUs, 21 complete and 0 interrupted iterations
normal_day   [  43% ] 4/5 VUs  1m55.0s/4m30.0s

running (1m56.0s), 4/5 VUs, 21 complete and 0 interrupted iterations
normal_day   [  43% ] 4/5 VUs  1m56.0s/4m30.0s

running (1m57.0s), 4/5 VUs, 21 complete and 0 interrupted iterations
normal_day   [  43% ] 4/5 VUs  1m57.0s/4m30.0s

running (1m58.0s), 4/5 VUs, 22 complete and 0 interrupted iterations
normal_day   [  44% ] 4/5 VUs  1m58.0s/4m30.0s

running (1m59.0s), 4/5 VUs, 22 complete and 0 interrupted iterations
normal_day   [  44% ] 4/5 VUs  1m59.0s/4m30.0s

running (2m00.0s), 4/5 VUs, 22 complete and 0 interrupted iterations
normal_day   [  44% ] 4/5 VUs  2m00.0s/4m30.0s

running (2m01.0s), 5/5 VUs, 22 complete and 0 interrupted iterations
normal_day   [  45% ] 5/5 VUs  2m01.0s/4m30.0s

running (2m02.0s), 5/5 VUs, 22 complete and 0 interrupted iterations
normal_day   [  45% ] 5/5 VUs  2m02.0s/4m30.0s

running (2m03.0s), 5/5 VUs, 24 complete and 0 interrupted iterations
normal_day   [  46% ] 5/5 VUs  2m03.0s/4m30.0s

running (2m04.0s), 5/5 VUs, 24 complete and 0 interrupted iterations
normal_day   [  46% ] 5/5 VUs  2m04.0s/4m30.0s

running (2m05.0s), 5/5 VUs, 24 complete and 0 interrupted iterations
normal_day   [  46% ] 5/5 VUs  2m05.0s/4m30.0s

running (2m06.0s), 5/5 VUs, 25 complete and 0 interrupted iterations
normal_day   [  47% ] 5/5 VUs  2m06.0s/4m30.0s

running (2m07.0s), 5/5 VUs, 25 complete and 0 interrupted iterations
normal_day   [  47% ] 5/5 VUs  2m07.0s/4m30.0s

running (2m08.0s), 5/5 VUs, 26 complete and 0 interrupted iterations
normal_day   [  47% ] 5/5 VUs  2m08.0s/4m30.0s

running (2m09.0s), 5/5 VUs, 27 complete and 0 interrupted iterations
normal_day   [  48% ] 5/5 VUs  2m09.0s/4m30.0s

running (2m10.0s), 5/5 VUs, 27 complete and 0 interrupted iterations
normal_day   [  48% ] 5/5 VUs  2m10.0s/4m30.0s

running (2m11.0s), 5/5 VUs, 27 complete and 0 interrupted iterations
normal_day   [  49% ] 5/5 VUs  2m11.0s/4m30.0s

running (2m12.0s), 5/5 VUs, 27 complete and 0 interrupted iterations
normal_day   [  49% ] 5/5 VUs  2m12.0s/4m30.0s

running (2m13.0s), 5/5 VUs, 27 complete and 0 interrupted iterations
normal_day   [  49% ] 5/5 VUs  2m13.0s/4m30.0s

running (2m14.0s), 5/5 VUs, 28 complete and 0 interrupted iterations
normal_day   [  50% ] 5/5 VUs  2m14.0s/4m30.0s

running (2m15.0s), 5/5 VUs, 28 complete and 0 interrupted iterations
normal_day   [  50% ] 5/5 VUs  2m15.0s/4m30.0s

running (2m16.0s), 5/5 VUs, 28 complete and 0 interrupted iterations
normal_day   [  50% ] 5/5 VUs  2m16.0s/4m30.0s

running (2m17.0s), 5/5 VUs, 29 complete and 0 interrupted iterations
normal_day   [  51% ] 5/5 VUs  2m17.0s/4m30.0s

running (2m18.0s), 5/5 VUs, 30 complete and 0 interrupted iterations
normal_day   [  51% ] 5/5 VUs  2m18.0s/4m30.0s

running (2m19.0s), 5/5 VUs, 31 complete and 0 interrupted iterations
normal_day   [  51% ] 5/5 VUs  2m19.0s/4m30.0s

running (2m20.0s), 5/5 VUs, 32 complete and 0 interrupted iterations
normal_day   [  52% ] 5/5 VUs  2m20.0s/4m30.0s

running (2m21.0s), 5/5 VUs, 33 complete and 0 interrupted iterations
normal_day   [  52% ] 5/5 VUs  2m21.0s/4m30.0s

running (2m22.0s), 5/5 VUs, 33 complete and 0 interrupted iterations
normal_day   [  53% ] 5/5 VUs  2m22.0s/4m30.0s

running (2m23.0s), 5/5 VUs, 33 complete and 0 interrupted iterations
normal_day   [  53% ] 5/5 VUs  2m23.0s/4m30.0s

running (2m24.0s), 5/5 VUs, 34 complete and 0 interrupted iterations
normal_day   [  53% ] 5/5 VUs  2m24.0s/4m30.0s

running (2m25.0s), 5/5 VUs, 36 complete and 0 interrupted iterations
normal_day   [  54% ] 5/5 VUs  2m25.0s/4m30.0s

running (2m26.0s), 5/5 VUs, 37 complete and 0 interrupted iterations
normal_day   [  54% ] 5/5 VUs  2m26.0s/4m30.0s

running (2m27.0s), 5/5 VUs, 37 complete and 0 interrupted iterations
normal_day   [  54% ] 5/5 VUs  2m27.0s/4m30.0s

running (2m28.0s), 5/5 VUs, 37 complete and 0 interrupted iterations
normal_day   [  55% ] 5/5 VUs  2m28.0s/4m30.0s

running (2m29.0s), 5/5 VUs, 40 complete and 0 interrupted iterations
normal_day   [  55% ] 5/5 VUs  2m29.0s/4m30.0s

running (2m30.0s), 5/5 VUs, 40 complete and 0 interrupted iterations
normal_day   [  56% ] 5/5 VUs  2m30.0s/4m30.0s

running (2m31.0s), 5/5 VUs, 40 complete and 0 interrupted iterations
normal_day   [  56% ] 5/5 VUs  2m31.0s/4m30.0s

running (2m32.0s), 5/5 VUs, 40 complete and 0 interrupted iterations
normal_day   [  56% ] 5/5 VUs  2m32.0s/4m30.0s

running (2m33.0s), 5/5 VUs, 41 complete and 0 interrupted iterations
normal_day   [  57% ] 5/5 VUs  2m33.0s/4m30.0s

running (2m34.0s), 5/5 VUs, 42 complete and 0 interrupted iterations
normal_day   [  57% ] 5/5 VUs  2m34.0s/4m30.0s

running (2m35.0s), 5/5 VUs, 43 complete and 0 interrupted iterations
normal_day   [  57% ] 5/5 VUs  2m35.0s/4m30.0s

running (2m36.0s), 5/5 VUs, 43 complete and 0 interrupted iterations
normal_day   [  58% ] 5/5 VUs  2m36.0s/4m30.0s

running (2m37.0s), 5/5 VUs, 43 complete and 0 interrupted iterations
normal_day   [  58% ] 5/5 VUs  2m37.0s/4m30.0s

running (2m38.0s), 5/5 VUs, 43 complete and 0 interrupted iterations
normal_day   [  59% ] 5/5 VUs  2m38.0s/4m30.0s

running (2m39.0s), 5/5 VUs, 44 complete and 0 interrupted iterations
normal_day   [  59% ] 5/5 VUs  2m39.0s/4m30.0s

running (2m40.0s), 5/5 VUs, 44 complete and 0 interrupted iterations
normal_day   [  59% ] 5/5 VUs  2m40.0s/4m30.0s

running (2m41.0s), 5/5 VUs, 45 complete and 0 interrupted iterations
normal_day   [  60% ] 5/5 VUs  2m41.0s/4m30.0s

running (2m42.0s), 5/5 VUs, 46 complete and 0 interrupted iterations
normal_day   [  60% ] 5/5 VUs  2m42.0s/4m30.0s

running (2m43.0s), 5/5 VUs, 46 complete and 0 interrupted iterations
normal_day   [  60% ] 5/5 VUs  2m43.0s/4m30.0s

running (2m44.0s), 5/5 VUs, 47 complete and 0 interrupted iterations
normal_day   [  61% ] 5/5 VUs  2m44.0s/4m30.0s

running (2m45.0s), 5/5 VUs, 47 complete and 0 interrupted iterations
normal_day   [  61% ] 5/5 VUs  2m45.0s/4m30.0s

running (2m46.0s), 5/5 VUs, 48 complete and 0 interrupted iterations
normal_day   [  61% ] 5/5 VUs  2m46.0s/4m30.0s

running (2m47.0s), 5/5 VUs, 49 complete and 0 interrupted iterations
normal_day   [  62% ] 5/5 VUs  2m47.0s/4m30.0s

running (2m48.0s), 5/5 VUs, 51 complete and 0 interrupted iterations
normal_day   [  62% ] 5/5 VUs  2m48.0s/4m30.0s

running (2m49.0s), 5/5 VUs, 52 complete and 0 interrupted iterations
normal_day   [  63% ] 5/5 VUs  2m49.0s/4m30.0s

running (2m50.0s), 5/5 VUs, 53 complete and 0 interrupted iterations
normal_day   [  63% ] 5/5 VUs  2m50.0s/4m30.0s

running (2m51.0s), 5/5 VUs, 53 complete and 0 interrupted iterations
normal_day   [  63% ] 5/5 VUs  2m51.0s/4m30.0s

running (2m52.0s), 5/5 VUs, 54 complete and 0 interrupted iterations
normal_day   [  64% ] 5/5 VUs  2m52.0s/4m30.0s

running (2m53.0s), 5/5 VUs, 54 complete and 0 interrupted iterations
normal_day   [  64% ] 5/5 VUs  2m53.0s/4m30.0s

running (2m54.0s), 5/5 VUs, 54 complete and 0 interrupted iterations
normal_day   [  64% ] 5/5 VUs  2m54.0s/4m30.0s

running (2m55.0s), 5/5 VUs, 55 complete and 0 interrupted iterations
normal_day   [  65% ] 5/5 VUs  2m55.0s/4m30.0s

running (2m56.0s), 5/5 VUs, 55 complete and 0 interrupted iterations
normal_day   [  65% ] 5/5 VUs  2m56.0s/4m30.0s

running (2m57.0s), 5/5 VUs, 55 complete and 0 interrupted iterations
normal_day   [  66% ] 5/5 VUs  2m57.0s/4m30.0s

running (2m58.0s), 5/5 VUs, 55 complete and 0 interrupted iterations
normal_day   [  66% ] 5/5 VUs  2m58.0s/4m30.0s

running (2m59.0s), 5/5 VUs, 55 complete and 0 interrupted iterations
normal_day   [  66% ] 5/5 VUs  2m59.0s/4m30.0s

running (3m00.0s), 5/5 VUs, 56 complete and 0 interrupted iterations
normal_day   [  67% ] 5/5 VUs  3m00.0s/4m30.0s

running (3m01.0s), 4/5 VUs, 57 complete and 0 interrupted iterations
normal_day   [  67% ] 4/5 VUs  3m01.0s/4m30.0s

running (3m02.0s), 4/5 VUs, 57 complete and 0 interrupted iterations
normal_day   [  67% ] 4/5 VUs  3m02.0s/4m30.0s

running (3m03.0s), 4/5 VUs, 58 complete and 0 interrupted iterations
normal_day   [  68% ] 4/5 VUs  3m03.0s/4m30.0s

running (3m04.0s), 4/5 VUs, 58 complete and 0 interrupted iterations
normal_day   [  68% ] 4/5 VUs  3m04.0s/4m30.0s

running (3m05.0s), 4/5 VUs, 59 complete and 0 interrupted iterations
normal_day   [  69% ] 4/5 VUs  3m05.0s/4m30.0s

running (3m06.0s), 4/5 VUs, 59 complete and 0 interrupted iterations
normal_day   [  69% ] 4/5 VUs  3m06.0s/4m30.0s

running (3m07.0s), 4/5 VUs, 59 complete and 0 interrupted iterations
normal_day   [  69% ] 4/5 VUs  3m07.0s/4m30.0s

running (3m08.0s), 4/5 VUs, 59 complete and 0 interrupted iterations
normal_day   [  70% ] 4/5 VUs  3m08.0s/4m30.0s

running (3m09.0s), 4/5 VUs, 60 complete and 0 interrupted iterations
normal_day   [  70% ] 4/5 VUs  3m09.0s/4m30.0s

running (3m10.0s), 4/5 VUs, 60 complete and 0 interrupted iterations
normal_day   [  70% ] 4/5 VUs  3m10.0s/4m30.0s

running (3m11.0s), 4/5 VUs, 62 complete and 0 interrupted iterations
normal_day   [  71% ] 4/5 VUs  3m11.0s/4m30.0s

running (3m12.0s), 4/5 VUs, 63 complete and 0 interrupted iterations
normal_day   [  71% ] 4/5 VUs  3m12.0s/4m30.0s

running (3m13.0s), 4/5 VUs, 63 complete and 0 interrupted iterations
normal_day   [  71% ] 4/5 VUs  3m13.0s/4m30.0s

running (3m14.0s), 4/5 VUs, 64 complete and 0 interrupted iterations
normal_day   [  72% ] 4/5 VUs  3m14.0s/4m30.0s

running (3m15.0s), 4/5 VUs, 64 complete and 0 interrupted iterations
normal_day   [  72% ] 4/5 VUs  3m15.0s/4m30.0s

running (3m16.0s), 4/5 VUs, 65 complete and 0 interrupted iterations
normal_day   [  73% ] 4/5 VUs  3m16.0s/4m30.0s

running (3m17.0s), 4/5 VUs, 65 complete and 0 interrupted iterations
normal_day   [  73% ] 4/5 VUs  3m17.0s/4m30.0s

running (3m18.0s), 4/5 VUs, 65 complete and 0 interrupted iterations
normal_day   [  73% ] 4/5 VUs  3m18.0s/4m30.0s

running (3m19.0s), 4/5 VUs, 65 complete and 0 interrupted iterations
normal_day   [  74% ] 4/5 VUs  3m19.0s/4m30.0s

running (3m20.0s), 4/5 VUs, 65 complete and 0 interrupted iterations
normal_day   [  74% ] 4/5 VUs  3m20.0s/4m30.0s

running (3m21.0s), 4/5 VUs, 66 complete and 0 interrupted iterations
normal_day   [  74% ] 4/5 VUs  3m21.0s/4m30.0s

running (3m22.0s), 4/5 VUs, 67 complete and 0 interrupted iterations
normal_day   [  75% ] 4/5 VUs  3m22.0s/4m30.0s

running (3m23.0s), 4/5 VUs, 67 complete and 0 interrupted iterations
normal_day   [  75% ] 4/5 VUs  3m23.0s/4m30.0s

running (3m24.0s), 4/5 VUs, 67 complete and 0 interrupted iterations
normal_day   [  76% ] 4/5 VUs  3m24.0s/4m30.0s

running (3m25.0s), 4/5 VUs, 67 complete and 0 interrupted iterations
normal_day   [  76% ] 4/5 VUs  3m25.0s/4m30.0s

running (3m26.0s), 4/5 VUs, 67 complete and 0 interrupted iterations
normal_day   [  76% ] 4/5 VUs  3m26.0s/4m30.0s

running (3m27.0s), 4/5 VUs, 68 complete and 0 interrupted iterations
normal_day   [  77% ] 4/5 VUs  3m27.0s/4m30.0s

running (3m28.0s), 3/5 VUs, 69 complete and 0 interrupted iterations
normal_day   [  77% ] 3/5 VUs  3m28.0s/4m30.0s

running (3m29.0s), 3/5 VUs, 69 complete and 0 interrupted iterations
normal_day   [  77% ] 3/5 VUs  3m29.0s/4m30.0s

running (3m30.0s), 3/5 VUs, 69 complete and 0 interrupted iterations
normal_day   [  78% ] 3/5 VUs  3m30.0s/4m30.0s

running (3m31.0s), 3/5 VUs, 69 complete and 0 interrupted iterations
normal_day   [  78% ] 3/5 VUs  3m31.0s/4m30.0s

running (3m32.0s), 3/5 VUs, 69 complete and 0 interrupted iterations
normal_day   [  79% ] 3/5 VUs  3m32.0s/4m30.0s

running (3m33.0s), 3/5 VUs, 70 complete and 0 interrupted iterations
normal_day   [  79% ] 3/5 VUs  3m33.0s/4m30.0s

running (3m34.0s), 3/5 VUs, 71 complete and 0 interrupted iterations
normal_day   [  79% ] 3/5 VUs  3m34.0s/4m30.0s

running (3m35.0s), 3/5 VUs, 72 complete and 0 interrupted iterations
normal_day   [  80% ] 3/5 VUs  3m35.0s/4m30.0s

running (3m36.0s), 3/5 VUs, 72 complete and 0 interrupted iterations
normal_day   [  80% ] 3/5 VUs  3m36.0s/4m30.0s

running (3m37.0s), 3/5 VUs, 73 complete and 0 interrupted iterations
normal_day   [  80% ] 3/5 VUs  3m37.0s/4m30.0s

running (3m38.0s), 3/5 VUs, 73 complete and 0 interrupted iterations
normal_day   [  81% ] 3/5 VUs  3m38.0s/4m30.0s

running (3m39.0s), 3/5 VUs, 73 complete and 0 interrupted iterations
normal_day   [  81% ] 3/5 VUs  3m39.0s/4m30.0s

running (3m40.0s), 3/5 VUs, 73 complete and 0 interrupted iterations
normal_day   [  81% ] 3/5 VUs  3m40.0s/4m30.0s

running (3m41.0s), 3/5 VUs, 73 complete and 0 interrupted iterations
normal_day   [  82% ] 3/5 VUs  3m41.0s/4m30.0s

running (3m42.0s), 3/5 VUs, 73 complete and 0 interrupted iterations
normal_day   [  82% ] 3/5 VUs  3m42.0s/4m30.0s

running (3m43.0s), 3/5 VUs, 73 complete and 0 interrupted iterations
normal_day   [  83% ] 3/5 VUs  3m43.0s/4m30.0s

running (3m44.0s), 3/5 VUs, 73 complete and 0 interrupted iterations
normal_day   [  83% ] 3/5 VUs  3m44.0s/4m30.0s

running (3m45.0s), 3/5 VUs, 73 complete and 0 interrupted iterations
normal_day   [  83% ] 3/5 VUs  3m45.0s/4m30.0s

running (3m46.0s), 3/5 VUs, 73 complete and 0 interrupted iterations
normal_day   [  84% ] 3/5 VUs  3m46.0s/4m30.0s

running (3m47.0s), 3/5 VUs, 74 complete and 0 interrupted iterations
normal_day   [  84% ] 3/5 VUs  3m47.0s/4m30.0s

running (3m48.0s), 3/5 VUs, 74 complete and 0 interrupted iterations
normal_day   [  84% ] 3/5 VUs  3m48.0s/4m30.0s

running (3m49.0s), 3/5 VUs, 75 complete and 0 interrupted iterations
normal_day   [  85% ] 3/5 VUs  3m49.0s/4m30.0s

running (3m50.0s), 3/5 VUs, 75 complete and 0 interrupted iterations
normal_day   [  85% ] 3/5 VUs  3m50.0s/4m30.0s

running (3m51.0s), 3/5 VUs, 75 complete and 0 interrupted iterations
normal_day   [  86% ] 3/5 VUs  3m51.0s/4m30.0s

running (3m52.0s), 3/5 VUs, 75 complete and 0 interrupted iterations
normal_day   [  86% ] 3/5 VUs  3m52.0s/4m30.0s

running (3m53.0s), 2/5 VUs, 76 complete and 0 interrupted iterations
normal_day   [  86% ] 2/5 VUs  3m53.0s/4m30.0s

running (3m54.0s), 2/5 VUs, 77 complete and 0 interrupted iterations
normal_day   [  87% ] 2/5 VUs  3m54.0s/4m30.0s

running (3m55.0s), 2/5 VUs, 77 complete and 0 interrupted iterations
normal_day   [  87% ] 2/5 VUs  3m55.0s/4m30.0s

running (3m56.0s), 2/5 VUs, 77 complete and 0 interrupted iterations
normal_day   [  87% ] 2/5 VUs  3m56.0s/4m30.0s

running (3m57.0s), 2/5 VUs, 77 complete and 0 interrupted iterations
normal_day   [  88% ] 2/5 VUs  3m57.0s/4m30.0s

running (3m58.0s), 2/5 VUs, 77 complete and 0 interrupted iterations
normal_day   [  88% ] 2/5 VUs  3m58.0s/4m30.0s

running (3m59.0s), 2/5 VUs, 77 complete and 0 interrupted iterations
normal_day   [  89% ] 2/5 VUs  3m59.0s/4m30.0s

running (4m00.0s), 2/5 VUs, 78 complete and 0 interrupted iterations
normal_day   [  89% ] 2/5 VUs  4m00.0s/4m30.0s

running (4m01.0s), 2/5 VUs, 79 complete and 0 interrupted iterations
normal_day   [  89% ] 2/5 VUs  4m01.0s/4m30.0s

running (4m02.0s), 2/5 VUs, 80 complete and 0 interrupted iterations
normal_day   [  90% ] 2/5 VUs  4m02.0s/4m30.0s

running (4m03.0s), 2/5 VUs, 80 complete and 0 interrupted iterations
normal_day   [  90% ] 2/5 VUs  4m03.0s/4m30.0s

running (4m04.0s), 2/5 VUs, 80 complete and 0 interrupted iterations
normal_day   [  90% ] 2/5 VUs  4m04.0s/4m30.0s

running (4m05.0s), 2/5 VUs, 80 complete and 0 interrupted iterations
normal_day   [  91% ] 2/5 VUs  4m05.0s/4m30.0s

running (4m06.0s), 2/5 VUs, 80 complete and 0 interrupted iterations
normal_day   [  91% ] 2/5 VUs  4m06.0s/4m30.0s

running (4m07.0s), 2/5 VUs, 80 complete and 0 interrupted iterations
normal_day   [  91% ] 2/5 VUs  4m07.0s/4m30.0s

running (4m08.0s), 2/5 VUs, 80 complete and 0 interrupted iterations
normal_day   [  92% ] 2/5 VUs  4m08.0s/4m30.0s

running (4m09.0s), 2/5 VUs, 80 complete and 0 interrupted iterations
normal_day   [  92% ] 2/5 VUs  4m09.0s/4m30.0s

running (4m10.0s), 2/5 VUs, 80 complete and 0 interrupted iterations
normal_day   [  93% ] 2/5 VUs  4m10.0s/4m30.0s

running (4m11.0s), 2/5 VUs, 80 complete and 0 interrupted iterations
normal_day   [  93% ] 2/5 VUs  4m11.0s/4m30.0s

running (4m12.0s), 2/5 VUs, 80 complete and 0 interrupted iterations
normal_day   [  93% ] 2/5 VUs  4m12.0s/4m30.0s

running (4m13.0s), 2/5 VUs, 80 complete and 0 interrupted iterations
normal_day   [  94% ] 2/5 VUs  4m13.0s/4m30.0s

running (4m14.0s), 2/5 VUs, 80 complete and 0 interrupted iterations
normal_day   [  94% ] 2/5 VUs  4m14.0s/4m30.0s

running (4m15.0s), 2/5 VUs, 81 complete and 0 interrupted iterations
normal_day   [  94% ] 2/5 VUs  4m15.0s/4m30.0s

running (4m16.0s), 2/5 VUs, 81 complete and 0 interrupted iterations
normal_day   [  95% ] 2/5 VUs  4m16.0s/4m30.0s

running (4m17.0s), 2/5 VUs, 81 complete and 0 interrupted iterations
normal_day   [  95% ] 2/5 VUs  4m17.0s/4m30.0s

running (4m18.0s), 2/5 VUs, 81 complete and 0 interrupted iterations
normal_day   [  96% ] 2/5 VUs  4m18.0s/4m30.0s

running (4m19.0s), 1/5 VUs, 82 complete and 0 interrupted iterations
normal_day   [  96% ] 1/5 VUs  4m19.0s/4m30.0s

running (4m20.0s), 1/5 VUs, 82 complete and 0 interrupted iterations
normal_day   [  96% ] 1/5 VUs  4m20.0s/4m30.0s

running (4m21.0s), 1/5 VUs, 82 complete and 0 interrupted iterations
normal_day   [  97% ] 1/5 VUs  4m21.0s/4m30.0s

running (4m22.0s), 1/5 VUs, 82 complete and 0 interrupted iterations
normal_day   [  97% ] 1/5 VUs  4m22.0s/4m30.0s

running (4m23.0s), 1/5 VUs, 82 complete and 0 interrupted iterations
normal_day   [  97% ] 1/5 VUs  4m23.0s/4m30.0s

running (4m24.0s), 1/5 VUs, 82 complete and 0 interrupted iterations
normal_day   [  98% ] 1/5 VUs  4m24.0s/4m30.0s

running (4m25.0s), 1/5 VUs, 82 complete and 0 interrupted iterations
normal_day   [  98% ] 1/5 VUs  4m25.0s/4m30.0s

running (4m26.0s), 1/5 VUs, 82 complete and 0 interrupted iterations
normal_day   [  99% ] 1/5 VUs  4m26.0s/4m30.0s

running (4m27.0s), 1/5 VUs, 82 complete and 0 interrupted iterations
normal_day   [  99% ] 1/5 VUs  4m27.0s/4m30.0s

running (4m28.0s), 1/5 VUs, 82 complete and 0 interrupted iterations
normal_day   [  99% ] 1/5 VUs  4m28.0s/4m30.0s

running (4m29.0s), 1/5 VUs, 82 complete and 0 interrupted iterations
normal_day   [ 100% ] 1/5 VUs  4m29.0s/4m30.0s

running (4m30.0s), 1/5 VUs, 82 complete and 0 interrupted iterations
normal_day   [ 100% ] 1/5 VUs  4m30.0s/4m30.0s

running (4m31.0s), 1/5 VUs, 82 complete and 0 interrupted iterations
normal_day ↓ [ 100% ] 1/5 VUs  4m30s
[32m     ✓ login 200[0m
[32m     ✓ post detail 200[0m
[32m     ✓ comment create 2xx[0m
[32m     ✓ board list 200[0m
[32m     ✓ hot daily 200[0m
[32m     ✓ post list 200[0m
[32m     ✓ comment list 200[0m
[32m     ✓ chat rooms 200[0m
[32m     ✓ chat messages 200[0m
[32m     ✓ chat read 200[0m
[32m     ✓ meal today 200[0m
[32m     ✓ timetable today 200[0m
[32m     ✓ post reaction 2xx[0m
[32m     ✓ unread count 200[0m
[32m     ✓ post search 200[0m
[32m     ✓ post create 2xx[0m
[32m     ✓ logout 200[0m
[32m     ✓ post update 200[0m
[32m     ✓ post delete 200[0m
[32m     ✓ scrap 2xx[0m
[32m     ✓ ws handshake 101[0m
[32m     ✓ refresh 200[0m
[32m     ✓ notif list 200[0m
[32m     ✓ read one 200[0m
[32m     ✓ user info 200[0m
[32m     ✓ my posts 200[0m
[32m     ✓ comment reaction 200[0m

     auth_token_refreshes[2m...........:[0m [36m1[0m       [36;2m0.003689/s[0m
     chat_ws_messages_sent[2m..........:[0m [36m9[0m       [36;2m0.033203/s[0m
     chat_ws_rtt[2m....................:[0m avg=[36m33.33ms[0m  min=[36m23ms[0m    med=[36m29ms[0m     max=[36m53ms[0m     p(90)=[36m45.8ms[0m   p(95)=[36m49.4ms[0m   p(99)=[36m52.28ms[0m 
     checks[2m.........................:[0m [36m100.00%[0m [36;2m✓ 363[0m      [36;2m✗ 0[0m  
     [32m✓[0m { phase:measure }[2m............:[0m [36m100.00%[0m [36;2m✓ 77[0m       [36;2m✗ 0[0m  
     [32m✓[0m { phase:rampdown }[2m...........:[0m [36m100.00%[0m [36;2m✓ 175[0m      [36;2m✗ 0[0m  
     [32m✓[0m { phase:warmup }[2m.............:[0m [36m100.00%[0m [36;2m✓ 111[0m      [36;2m✗ 0[0m  
     data_received[2m..................:[0m [36m17 MB[0m   [36;2m61 kB/s[0m
     data_sent[2m......................:[0m [36m144 kB[0m  [36;2m531 B/s[0m
     http_req_blocked[2m...............:[0m avg=[36m18.17µs[0m  min=[36m2.41µs[0m  med=[36m7.71µs[0m   max=[36m1.23ms[0m   p(90)=[36m16.27µs[0m  p(95)=[36m17.55µs[0m  p(99)=[36m333.62µs[0m
     http_req_connecting[2m............:[0m avg=[36m6.1µs[0m    min=[36m0s[0m      med=[36m0s[0m       max=[36m922.96µs[0m p(90)=[36m0s[0m       p(95)=[36m0s[0m       p(99)=[36m209.92µs[0m
     http_req_duration[2m..............:[0m avg=[36m103.43ms[0m min=[36m4.06ms[0m  med=[36m16.11ms[0m  max=[36m9.37s[0m    p(90)=[36m89.9ms[0m   p(95)=[36m361.38ms[0m p(99)=[36m1.56s[0m   
       { expected_response:true }[2m...:[0m avg=[36m103.43ms[0m min=[36m4.06ms[0m  med=[36m16.11ms[0m  max=[36m9.37s[0m    p(90)=[36m89.9ms[0m   p(95)=[36m361.38ms[0m p(99)=[36m1.56s[0m   
     [32m✓[0m { feature:auth }[2m.............:[0m avg=[36m117.87ms[0m min=[36m45.94ms[0m med=[36m77.75ms[0m  max=[36m384.88ms[0m p(90)=[36m219.53ms[0m p(95)=[36m302.2ms[0m  p(99)=[36m368.35ms[0m
     [32m✓[0m { feature:board }[2m............:[0m avg=[36m11.73ms[0m  min=[36m4.72ms[0m  med=[36m10.54ms[0m  max=[36m51.41ms[0m  p(90)=[36m15.38ms[0m  p(95)=[36m18.82ms[0m  p(99)=[36m41.16ms[0m 
     [32m✓[0m { feature:chat }[2m.............:[0m avg=[36m14.8ms[0m   min=[36m5.05ms[0m  med=[36m12.51ms[0m  max=[36m62.31ms[0m  p(90)=[36m21.22ms[0m  p(95)=[36m28.3ms[0m   p(99)=[36m54.29ms[0m 
     [32m✓[0m { feature:comment }[2m..........:[0m avg=[36m455.61ms[0m min=[36m4.06ms[0m  med=[36m55.64ms[0m  max=[36m9.37s[0m    p(90)=[36m1.41s[0m    p(95)=[36m1.62s[0m    p(99)=[36m5.01s[0m   
     [32m✓[0m { feature:friend }[2m...........:[0m avg=[36m0s[0m       min=[36m0s[0m      med=[36m0s[0m       max=[36m0s[0m       p(90)=[36m0s[0m       p(95)=[36m0s[0m       p(99)=[36m0s[0m      
     [32m✓[0m { feature:hot }[2m..............:[0m avg=[36m23.01ms[0m  min=[36m9.77ms[0m  med=[36m23.78ms[0m  max=[36m33.03ms[0m  p(90)=[36m29.18ms[0m  p(95)=[36m30.31ms[0m  p(99)=[36m32.59ms[0m 
     [32m✓[0m { feature:mypage }[2m...........:[0m avg=[36m20.29ms[0m  min=[36m16.91ms[0m med=[36m20.29ms[0m  max=[36m23.67ms[0m  p(90)=[36m23ms[0m     p(95)=[36m23.34ms[0m  p(99)=[36m23.61ms[0m 
     [32m✓[0m { feature:notification }[2m.....:[0m avg=[36m20.61ms[0m  min=[36m7.91ms[0m  med=[36m16.03ms[0m  max=[36m41.48ms[0m  p(90)=[36m32.62ms[0m  p(95)=[36m36.87ms[0m  p(99)=[36m40.56ms[0m 
     [32m✓[0m { feature:post }[2m.............:[0m avg=[36m22.25ms[0m  min=[36m4.76ms[0m  med=[36m14.86ms[0m  max=[36m351.05ms[0m p(90)=[36m35.48ms[0m  p(95)=[36m53.65ms[0m  p(99)=[36m181.58ms[0m
     [32m✓[0m { feature:reaction }[2m.........:[0m avg=[36m40.04ms[0m  min=[36m31.11ms[0m med=[36m38.45ms[0m  max=[36m49.59ms[0m  p(90)=[36m47.54ms[0m  p(95)=[36m48.56ms[0m  p(99)=[36m49.38ms[0m 
     [32m✓[0m { feature:school }[2m...........:[0m avg=[36m12.37ms[0m  min=[36m8.17ms[0m  med=[36m11.75ms[0m  max=[36m16.7ms[0m   p(90)=[36m16.32ms[0m  p(95)=[36m16.51ms[0m  p(99)=[36m16.66ms[0m 
     [32m✓[0m { feature:scrap }[2m............:[0m avg=[36m33.7ms[0m   min=[36m31.13ms[0m med=[36m33.7ms[0m   max=[36m36.28ms[0m  p(90)=[36m35.76ms[0m  p(95)=[36m36.02ms[0m  p(99)=[36m36.23ms[0m 
     [32m✓[0m { feature:timetable }[2m........:[0m avg=[36m17.28ms[0m  min=[36m6.17ms[0m  med=[36m6.92ms[0m   max=[36m53.15ms[0m  p(90)=[36m37.39ms[0m  p(95)=[36m45.27ms[0m  p(99)=[36m51.57ms[0m 
     [32m✓[0m { op:auth }[2m..................:[0m avg=[36m117.87ms[0m min=[36m45.94ms[0m med=[36m77.75ms[0m  max=[36m384.88ms[0m p(90)=[36m219.53ms[0m p(95)=[36m302.2ms[0m  p(99)=[36m368.35ms[0m
     [31m✗[0m { op:read,phase:measure }[2m....:[0m avg=[36m68.93ms[0m  min=[36m4.84ms[0m  med=[36m15.78ms[0m  max=[36m1.41s[0m    p(90)=[36m65.03ms[0m  p(95)=[36m266.27ms[0m p(99)=[36m1.06s[0m   
     [32m✓[0m { op:write,phase:measure }[2m...:[0m avg=[36m42.08ms[0m  min=[36m27.36ms[0m med=[36m36.28ms[0m  max=[36m89.9ms[0m   p(90)=[36m56.88ms[0m  p(95)=[36m73.39ms[0m  p(99)=[36m86.6ms[0m  
     [32m✓[0m { page:0 }[2m...................:[0m avg=[36m47.92ms[0m  min=[36m5.07ms[0m  med=[36m11.84ms[0m  max=[36m351.05ms[0m p(90)=[36m141.09ms[0m p(95)=[36m181.1ms[0m  p(99)=[36m317.06ms[0m
     [32m✓[0m { page:1 }[2m...................:[0m avg=[36m22.54ms[0m  min=[36m6.69ms[0m  med=[36m12.84ms[0m  max=[36m55.7ms[0m   p(90)=[36m47.63ms[0m  p(95)=[36m51.67ms[0m  p(99)=[36m54.9ms[0m  
     [32m✓[0m { page:2 }[2m...................:[0m avg=[36m18.73ms[0m  min=[36m4.76ms[0m  med=[36m16.48ms[0m  max=[36m37.19ms[0m  p(90)=[36m31.88ms[0m  p(95)=[36m34.54ms[0m  p(99)=[36m36.66ms[0m 
     [32m✓[0m { page:3 }[2m...................:[0m avg=[36m14.74ms[0m  min=[36m14.74ms[0m med=[36m14.74ms[0m  max=[36m14.74ms[0m  p(90)=[36m14.74ms[0m  p(95)=[36m14.74ms[0m  p(99)=[36m14.74ms[0m 
     [32m✓[0m { page:4 }[2m...................:[0m avg=[36m14.12ms[0m  min=[36m12.41ms[0m med=[36m14.12ms[0m  max=[36m15.82ms[0m  p(90)=[36m15.48ms[0m  p(95)=[36m15.65ms[0m  p(99)=[36m15.79ms[0m 
     [32m✓[0m { phase:measure }[2m............:[0m avg=[36m65.56ms[0m  min=[36m4.84ms[0m  med=[36m16.51ms[0m  max=[36m1.41s[0m    p(90)=[36m75.44ms[0m  p(95)=[36m232.27ms[0m p(99)=[36m1s[0m      
     [32m✓[0m { phase:rampdown }[2m...........:[0m avg=[36m54.54ms[0m  min=[36m4.06ms[0m  med=[36m14.13ms[0m  max=[36m1.69s[0m    p(90)=[36m41.37ms[0m  p(95)=[36m217.65ms[0m p(99)=[36m940.36ms[0m
     [32m✓[0m { phase:warmup }[2m.............:[0m avg=[36m203.42ms[0m min=[36m5.21ms[0m  med=[36m17.99ms[0m  max=[36m9.37s[0m    p(90)=[36m244.43ms[0m p(95)=[36m619.38ms[0m p(99)=[36m2.65s[0m   
     http_req_failed[2m................:[0m [36m0.00%[0m   [36;2m✓ 0[0m        [36;2m✗ 361[0m
     [32m✓[0m { phase:measure }[2m............:[0m [36m0.00%[0m   [36;2m✓ 0[0m        [36;2m✗ 75[0m 
     [32m✓[0m { phase:rampdown }[2m...........:[0m [36m0.00%[0m   [36;2m✓ 0[0m        [36;2m✗ 173[0m
     [32m✓[0m { phase:warmup }[2m.............:[0m [36m0.00%[0m   [36;2m✓ 0[0m        [36;2m✗ 113[0m
     http_req_receiving[2m.............:[0m avg=[36m976.8µs[0m  min=[36m54.07µs[0m med=[36m472.54µs[0m max=[36m33.79ms[0m  p(90)=[36m1.12ms[0m   p(95)=[36m2.72ms[0m   p(99)=[36m11.21ms[0m 
     http_req_sending[2m...............:[0m avg=[36m61.79µs[0m  min=[36m7.91µs[0m  med=[36m49.93µs[0m  max=[36m589.64µs[0m p(90)=[36m109.08µs[0m p(95)=[36m125.89µs[0m p(99)=[36m226.47µs[0m
     http_req_tls_handshaking[2m.......:[0m avg=[36m0s[0m       min=[36m0s[0m      med=[36m0s[0m       max=[36m0s[0m       p(90)=[36m0s[0m       p(95)=[36m0s[0m       p(99)=[36m0s[0m      
     http_req_waiting[2m...............:[0m avg=[36m102.39ms[0m min=[36m3.81ms[0m  med=[36m15.53ms[0m  max=[36m9.34s[0m    p(90)=[36m89.48ms[0m  p(95)=[36m358.77ms[0m p(99)=[36m1.55s[0m   
     http_reqs[2m......................:[0m [36m361[0m     [36;2m1.331805/s[0m
     [32m✓[0m { feature:auth }[2m.............:[0m [36m8[0m       [36;2m0.029514/s[0m
     [32m✓[0m { feature:board }[2m............:[0m [36m34[0m      [36;2m0.125433/s[0m
     [32m✓[0m { feature:chat }[2m.............:[0m [36m26[0m      [36;2m0.095919/s[0m
     [32m✓[0m { feature:comment }[2m..........:[0m [36m67[0m      [36;2m0.247177/s[0m
     [32m✓[0m { feature:friend }[2m...........:[0m [36m0[0m       [36;2m0/s[0m
     [32m✓[0m { feature:hot }[2m..............:[0m [36m34[0m      [36;2m0.125433/s[0m
     [32m✓[0m { feature:mypage }[2m...........:[0m [36m2[0m       [36;2m0.007378/s[0m
     [32m✓[0m { feature:notification }[2m.....:[0m [36m12[0m      [36;2m0.044271/s[0m
     [32m✓[0m { feature:post }[2m.............:[0m [36m160[0m     [36;2m0.590274/s[0m
     [32m✓[0m { feature:reaction }[2m.........:[0m [36m6[0m       [36;2m0.022135/s[0m
     [32m✓[0m { feature:school }[2m...........:[0m [36m5[0m       [36;2m0.018446/s[0m
     [32m✓[0m { feature:scrap }[2m............:[0m [36m2[0m       [36;2m0.007378/s[0m
     [32m✓[0m { feature:timetable }[2m........:[0m [36m5[0m       [36;2m0.018446/s[0m
     [32m✓[0m { op:auth }[2m..................:[0m [36m8[0m       [36;2m0.029514/s[0m
     [32m✓[0m { op:read }[2m..................:[0m [36m323[0m     [36;2m1.191615/s[0m
     [32m✓[0m { op:write }[2m.................:[0m [36m30[0m      [36;2m0.110676/s[0m
     [32m✓[0m { page:0 }[2m...................:[0m [36m18[0m      [36;2m0.066406/s[0m
     [32m✓[0m { page:1 }[2m...................:[0m [36m9[0m       [36;2m0.033203/s[0m
     [32m✓[0m { page:2 }[2m...................:[0m [36m4[0m       [36;2m0.014757/s[0m
     [32m✓[0m { page:3 }[2m...................:[0m [36m1[0m       [36;2m0.003689/s[0m
     [32m✓[0m { page:4 }[2m...................:[0m [36m2[0m       [36;2m0.007378/s[0m
     [32m✓[0m { phase:measure }[2m............:[0m [36m75[0m      [36;2m0.276691/s[0m
     [32m✓[0m { phase:rampdown }[2m...........:[0m [36m173[0m     [36;2m0.638233/s[0m
     [32m✓[0m { phase:warmup }[2m.............:[0m [36m113[0m     [36;2m0.416881/s[0m
     iteration_duration[2m.............:[0m avg=[36m9.51s[0m    min=[36m1.21s[0m   med=[36m7.43s[0m    max=[36m22.51s[0m   p(90)=[36m18.41s[0m   p(95)=[36m20.26s[0m   p(99)=[36m21.34s[0m  
     iterations[2m.....................:[0m [36m83[0m      [36;2m0.306204/s[0m
     [32m✓[0m { phase:measure }[2m............:[0m [36m0[0m       [36;2m0/s[0m
     [32m✓[0m { phase:rampdown }[2m...........:[0m [36m0[0m       [36;2m0/s[0m
     [32m✓[0m { phase:warmup }[2m.............:[0m [36m0[0m       [36;2m0/s[0m
     phase_iterations[2m...............:[0m [36m83[0m      [36;2m0.306204/s[0m
     [32m✓[0m { phase:measure }[2m............:[0m [36m18[0m      [36;2m0.066406/s[0m
     [32m✓[0m { phase:rampdown }[2m...........:[0m [36m43[0m      [36;2m0.158636/s[0m
     [32m✓[0m { phase:warmup }[2m.............:[0m [36m22[0m      [36;2m0.081163/s[0m
     vus[2m............................:[0m [36m1[0m       [36;2mmin=0[0m      [36;2mmax=5[0m
     vus_max[2m........................:[0m [36m5[0m       [36;2mmin=5[0m      [36;2mmax=5[0m
     ws_connecting[2m..................:[0m avg=[36m13.73ms[0m  min=[36m5.98ms[0m  med=[36m13.73ms[0m  max=[36m21.49ms[0m  p(90)=[36m19.94ms[0m  p(95)=[36m20.71ms[0m  p(99)=[36m21.33ms[0m 
     ws_msgs_received[2m...............:[0m [36m11[0m      [36;2m0.040581/s[0m
     ws_msgs_sent[2m...................:[0m [36m13[0m      [36;2m0.04796/s[0m
     ws_session_duration[2m............:[0m avg=[36m17.96s[0m   min=[36m15.08s[0m  med=[36m17.96s[0m   max=[36m20.83s[0m   p(90)=[36m20.26s[0m   p(95)=[36m20.55s[0m   p(99)=[36m20.78s[0m  
     ws_sessions[2m....................:[0m [36m2[0m       [36;2m0.007378/s[0m
running (4m31.1s), 0/5 VUs, 83 complete and 0 interrupted iterations
normal_day ✓ [ 100% ] 0/5 VUs  4m30s
  호스트 프로브: 없음 (typeperf 표본이 수집되지 않음 (카운터 이름·권한 확인))
  부하 중 벤치(warmup +30초, 3회 중앙값) · single 5439ms (유휴 대비 11.1%) · parallel 6556ms (유휴 대비 16.0%) · ctxswitch 2183ms (유휴 대비 -0.8%)

  실행 후 상태 sha256:d1eb6e57145c — chat_messages.count +9, chat_messages.maxId +9, posts.maxId +7, posts.count +6, comments.count +4 (외 12개)
    (지문 제외 항목: posts.sumViewCount +93, daily_hot_post.count +50)
Prometheus 스크레이프 대기 20초...

══════════════════════════════════════════════════════════════════════════
  Performance Report — normal-day   Run #104   ⚠️  WARN
══════════════════════════════════════════════════════════════════════════
  환경 perf  |  브랜치 personal/localdocs  |  커밋 3e96d946  |  빌드 local
  시작 2026-08-20 11:18:40 KST  |  수행 4m 31s  |  VU max 5
  데이터셋 medium  |  부하 ramping-vus 0→5@2m0s→5@30s→0@2m0s

  ── 성능 (measure 구간) ─────────────────────────────────────────
  평균 66ms      P95 232ms     P99 1.00s    
  RPS  2.5       TPS 0.60      오류율 0.00%

  ── 인프라 ────────────────────────────────────────────────────────
  CPU  0.21 core (한계의 11%)   throttled 1.2%
  Heap 448 MB (44%)   GC max 88ms × 1회
  DB   slow 17  QPS 792.6  풀 10%  대기 0
  Redis hit 98.8%  ops 15.0/s  evicted 0

  ── 회귀 (기준: normal-day-2026-08-19T07-03-38) ────────────────
  ⚠  기준선은 당시 k6 threshold 미통과 실행입니다, 당시 Node 판정 FAIL.
     아래 증감률은 개선/악화 폭이며 현재 SLO 통과를 뜻하지 않습니다.
  ⚠  측정 중 대조 벤치: on@40s x3 → on@30s x3
     아래 증감은 성능 변화가 아니라 다른 것을 잰 결과일 수 있다.
  ⚠️  CPU throttling 비율          
       1.18 > 상한 1.00
  ⚠️  GC 최대 정지시간                 14ms → 88ms (+528.6%)
       직전 대비 +528.6% 악화 (경고 30%)
  ⚠️  MySQL QPS                  243.6/s → 792.6/s (+225.4%)
       직전 대비 +225.4% 악화 (경고 25%)

  ── 병목 가설 ─────────────────────────────────────────────────────
  • CPU throttling 발생
    cgroup이 CPU를 강제 회수한 주기가 1.2%다. CPU 한계(2 core)를 올리거나 요청당 CPU 사용을 줄여야 p99가 안정된다.
  • HTTP 요청당 쿼리 수 과다
    요청 1건당 평균 317.0개 쿼리가 실행됐다. N+1 패턴 가능성이 높다.
  • Slow Query 다발
    요청 1000건당 224.0건의 slow query(>100ms). 인덱스 또는 쿼리 계획 점검 대상.

  보고서 : reports\runs\normal-day-2026-08-20T02-23-11\report.html
  Grafana(전체 실행): http://localhost:3001/d/htd-perf-overview/highteenday-performance-overview?from=1787192200616&to=1787192711677
  Grafana(measure) : http://localhost:3001/d/htd-perf-overview/highteenday-performance-overview?from=1787192320616&to=1787192590616
══════════════════════════════════════════════════════════════════════════

