
▶ k6 run scenarios/normal-day.js
  브랜치 personal/localdocs · 커밋 3e96d9463207 · 실행자 user@DESKTOP-DJJPASG
  환경 perf · "T-37 phase-aware hostprobe smoke 2"
  데이터셋 medium · 상태 sha256:d1eb6e57145c (161ms)
  캐시 warm (키 359개)
  guard strict — 상태 불일치 시 스냅샷 복원 후 재확인 [perf.config.json]
    guard=strict — 스냅샷으로 복원합니다.
▶ 복원 — medium-20260816-062210 → perf-mysql-data-medium
  앱·MySQL 정지
  MySQL 기동
  Redis FLUSHALL (복원 후 캐시는 cold 다)
  앱 기동
  복원 후 상태 지문 sha256:ffe696d17416 = 스냅샷 일치

✅ 복원 완료 · 소요 5.9초 (압축 해제 구간)

  부하 발생기: 컨테이너 perf-k6 (grafana/k6:2.1.0, CPU 상한 4)
  k6 지표 전송: http://prometheus:9090/api/v1/write (native histogram, 5s 간격)
  환경 대조 벤치 실행 중(3축 3회, 약 40초)... single 4894ms · parallel 5477ms · ctxswitch 2160ms
  부하 중 벤치 예약: k6 시작 +30초 (warmup 구간, 3회)

         /\      Grafana   /‾‾/  
    /\  /  \     |\  __   /  /   
   /  \/    \    | |/ /  /   ‾‾\ 
  /          \   |   (  |  (‾)  |
 / __________ \  |_|\_\  \_____/ 


     execution: local
        script: scenarios/normal-day.js
        output: Prometheus remote write (http://prometheus:9090/api/v1/write)

     scenarios: (100.00%) 1 scenario, 5 max VUs, 5m0s max duration (incl. graceful stop):
              * normal_day: Up to 5 looping VUs for 4m30s over 3 stages (gracefulRampDown: 30s, gracefulStop: 30s)


running (0m01.0s), 0/5 VUs, 0 complete and 0 interrupted iterations
normal_day   [   0% ] 0/5 VUs  0m01.0s/4m30.0s

running (0m02.0s), 0/5 VUs, 0 complete and 0 interrupted iterations
normal_day   [   1% ] 0/5 VUs  0m02.0s/4m30.0s

running (0m03.0s), 0/5 VUs, 0 complete and 0 interrupted iterations
normal_day   [   1% ] 0/5 VUs  0m03.0s/4m30.0s

running (0m04.0s), 0/5 VUs, 0 complete and 0 interrupted iterations
normal_day   [   1% ] 0/5 VUs  0m04.0s/4m30.0s

running (0m05.0s), 0/5 VUs, 0 complete and 0 interrupted iterations
normal_day   [   2% ] 0/5 VUs  0m05.0s/4m30.0s

running (0m06.0s), 0/5 VUs, 0 complete and 0 interrupted iterations
normal_day   [   2% ] 0/5 VUs  0m06.0s/4m30.0s

running (0m07.0s), 0/5 VUs, 0 complete and 0 interrupted iterations
normal_day   [   3% ] 0/5 VUs  0m07.0s/4m30.0s

running (0m08.0s), 0/5 VUs, 0 complete and 0 interrupted iterations
normal_day   [   3% ] 0/5 VUs  0m08.0s/4m30.0s

running (0m09.0s), 0/5 VUs, 0 complete and 0 interrupted iterations
normal_day   [   3% ] 0/5 VUs  0m09.0s/4m30.0s

running (0m10.0s), 0/5 VUs, 0 complete and 0 interrupted iterations
normal_day   [   4% ] 0/5 VUs  0m10.0s/4m30.0s

running (0m11.0s), 0/5 VUs, 0 complete and 0 interrupted iterations
normal_day   [   4% ] 0/5 VUs  0m11.0s/4m30.0s

running (0m12.0s), 0/5 VUs, 0 complete and 0 interrupted iterations
normal_day   [   4% ] 0/5 VUs  0m12.0s/4m30.0s

running (0m13.0s), 0/5 VUs, 0 complete and 0 interrupted iterations
normal_day   [   5% ] 0/5 VUs  0m13.0s/4m30.0s

running (0m14.0s), 0/5 VUs, 0 complete and 0 interrupted iterations
normal_day   [   5% ] 0/5 VUs  0m14.0s/4m30.0s

running (0m15.0s), 0/5 VUs, 0 complete and 0 interrupted iterations
normal_day   [   6% ] 0/5 VUs  0m15.0s/4m30.0s

running (0m16.0s), 0/5 VUs, 0 complete and 0 interrupted iterations
normal_day   [   6% ] 0/5 VUs  0m16.0s/4m30.0s

running (0m17.0s), 0/5 VUs, 0 complete and 0 interrupted iterations
normal_day   [   6% ] 0/5 VUs  0m17.0s/4m30.0s

running (0m18.0s), 0/5 VUs, 0 complete and 0 interrupted iterations
normal_day   [   7% ] 0/5 VUs  0m18.0s/4m30.0s

running (0m19.0s), 0/5 VUs, 0 complete and 0 interrupted iterations
normal_day   [   7% ] 0/5 VUs  0m19.0s/4m30.0s

running (0m20.0s), 0/5 VUs, 0 complete and 0 interrupted iterations
normal_day   [   7% ] 0/5 VUs  0m20.0s/4m30.0s

running (0m21.0s), 0/5 VUs, 0 complete and 0 interrupted iterations
normal_day   [   8% ] 0/5 VUs  0m21.0s/4m30.0s

running (0m22.0s), 0/5 VUs, 0 complete and 0 interrupted iterations
normal_day   [   8% ] 0/5 VUs  0m22.0s/4m30.0s

running (0m23.0s), 0/5 VUs, 0 complete and 0 interrupted iterations
normal_day   [   9% ] 0/5 VUs  0m23.0s/4m30.0s

running (0m24.0s), 0/5 VUs, 0 complete and 0 interrupted iterations
normal_day   [   9% ] 0/5 VUs  0m24.0s/4m30.0s

running (0m25.0s), 1/5 VUs, 0 complete and 0 interrupted iterations
normal_day   [   9% ] 1/5 VUs  0m25.0s/4m30.0s

running (0m26.0s), 1/5 VUs, 0 complete and 0 interrupted iterations
normal_day   [  10% ] 1/5 VUs  0m26.0s/4m30.0s

running (0m27.0s), 1/5 VUs, 0 complete and 0 interrupted iterations
normal_day   [  10% ] 1/5 VUs  0m27.0s/4m30.0s

running (0m28.0s), 1/5 VUs, 0 complete and 0 interrupted iterations
normal_day   [  10% ] 1/5 VUs  0m28.0s/4m30.0s

running (0m29.0s), 1/5 VUs, 0 complete and 0 interrupted iterations
normal_day   [  11% ] 1/5 VUs  0m29.0s/4m30.0s

running (0m30.0s), 1/5 VUs, 0 complete and 0 interrupted iterations
normal_day   [  11% ] 1/5 VUs  0m30.0s/4m30.0s

running (0m31.0s), 1/5 VUs, 0 complete and 0 interrupted iterations
normal_day   [  11% ] 1/5 VUs  0m31.0s/4m30.0s

running (0m32.0s), 1/5 VUs, 0 complete and 0 interrupted iterations
normal_day   [  12% ] 1/5 VUs  0m32.0s/4m30.0s

running (0m33.0s), 1/5 VUs, 0 complete and 0 interrupted iterations
normal_day   [  12% ] 1/5 VUs  0m33.0s/4m30.0s

running (0m34.0s), 1/5 VUs, 0 complete and 0 interrupted iterations
normal_day   [  13% ] 1/5 VUs  0m34.0s/4m30.0s

running (0m35.0s), 1/5 VUs, 0 complete and 0 interrupted iterations
normal_day   [  13% ] 1/5 VUs  0m35.0s/4m30.0s

running (0m36.0s), 1/5 VUs, 0 complete and 0 interrupted iterations
normal_day   [  13% ] 1/5 VUs  0m36.0s/4m30.0s

running (0m37.0s), 1/5 VUs, 0 complete and 0 interrupted iterations
normal_day   [  14% ] 1/5 VUs  0m37.0s/4m30.0s

running (0m38.0s), 1/5 VUs, 0 complete and 0 interrupted iterations
normal_day   [  14% ] 1/5 VUs  0m38.0s/4m30.0s

running (0m39.0s), 1/5 VUs, 0 complete and 0 interrupted iterations
normal_day   [  14% ] 1/5 VUs  0m39.0s/4m30.0s

running (0m40.0s), 1/5 VUs, 0 complete and 0 interrupted iterations
normal_day   [  15% ] 1/5 VUs  0m40.0s/4m30.0s

running (0m41.0s), 1/5 VUs, 0 complete and 0 interrupted iterations
normal_day   [  15% ] 1/5 VUs  0m41.0s/4m30.0s

running (0m42.0s), 1/5 VUs, 0 complete and 0 interrupted iterations
normal_day   [  16% ] 1/5 VUs  0m42.0s/4m30.0s

running (0m43.0s), 1/5 VUs, 0 complete and 0 interrupted iterations
normal_day   [  16% ] 1/5 VUs  0m43.0s/4m30.0s

running (0m44.0s), 1/5 VUs, 1 complete and 0 interrupted iterations
normal_day   [  16% ] 1/5 VUs  0m44.0s/4m30.0s

running (0m45.0s), 1/5 VUs, 1 complete and 0 interrupted iterations
normal_day   [  17% ] 1/5 VUs  0m45.0s/4m30.0s

running (0m46.0s), 1/5 VUs, 1 complete and 0 interrupted iterations
normal_day   [  17% ] 1/5 VUs  0m46.0s/4m30.0s

running (0m47.0s), 1/5 VUs, 1 complete and 0 interrupted iterations
normal_day   [  17% ] 1/5 VUs  0m47.0s/4m30.0s

running (0m48.0s), 1/5 VUs, 1 complete and 0 interrupted iterations
normal_day   [  18% ] 1/5 VUs  0m48.0s/4m30.0s

running (0m49.0s), 2/5 VUs, 1 complete and 0 interrupted iterations
normal_day   [  18% ] 2/5 VUs  0m49.0s/4m30.0s

running (0m50.0s), 2/5 VUs, 1 complete and 0 interrupted iterations
normal_day   [  19% ] 2/5 VUs  0m50.0s/4m30.0s

running (0m51.0s), 2/5 VUs, 1 complete and 0 interrupted iterations
normal_day   [  19% ] 2/5 VUs  0m51.0s/4m30.0s

running (0m52.0s), 2/5 VUs, 1 complete and 0 interrupted iterations
normal_day   [  19% ] 2/5 VUs  0m52.0s/4m30.0s

running (0m53.0s), 2/5 VUs, 1 complete and 0 interrupted iterations
normal_day   [  20% ] 2/5 VUs  0m53.0s/4m30.0s

running (0m54.0s), 2/5 VUs, 1 complete and 0 interrupted iterations
normal_day   [  20% ] 2/5 VUs  0m54.0s/4m30.0s

running (0m55.0s), 2/5 VUs, 1 complete and 0 interrupted iterations
normal_day   [  20% ] 2/5 VUs  0m55.0s/4m30.0s

running (0m56.0s), 2/5 VUs, 1 complete and 0 interrupted iterations
normal_day   [  21% ] 2/5 VUs  0m56.0s/4m30.0s

running (0m57.0s), 2/5 VUs, 1 complete and 0 interrupted iterations
normal_day   [  21% ] 2/5 VUs  0m57.0s/4m30.0s

running (0m58.0s), 2/5 VUs, 1 complete and 0 interrupted iterations
normal_day   [  21% ] 2/5 VUs  0m58.0s/4m30.0s

running (0m59.0s), 2/5 VUs, 2 complete and 0 interrupted iterations
normal_day   [  22% ] 2/5 VUs  0m59.0s/4m30.0s

running (1m00.0s), 2/5 VUs, 2 complete and 0 interrupted iterations
normal_day   [  22% ] 2/5 VUs  1m00.0s/4m30.0s

running (1m01.0s), 2/5 VUs, 2 complete and 0 interrupted iterations
normal_day   [  23% ] 2/5 VUs  1m01.0s/4m30.0s

running (1m02.0s), 2/5 VUs, 2 complete and 0 interrupted iterations
normal_day   [  23% ] 2/5 VUs  1m02.0s/4m30.0s

running (1m03.0s), 2/5 VUs, 4 complete and 0 interrupted iterations
normal_day   [  23% ] 2/5 VUs  1m03.0s/4m30.0s

running (1m04.0s), 2/5 VUs, 4 complete and 0 interrupted iterations
normal_day   [  24% ] 2/5 VUs  1m04.0s/4m30.0s

running (1m05.0s), 2/5 VUs, 5 complete and 0 interrupted iterations
normal_day   [  24% ] 2/5 VUs  1m05.0s/4m30.0s

running (1m06.0s), 2/5 VUs, 5 complete and 0 interrupted iterations
normal_day   [  24% ] 2/5 VUs  1m06.0s/4m30.0s

running (1m07.0s), 2/5 VUs, 6 complete and 0 interrupted iterations
normal_day   [  25% ] 2/5 VUs  1m07.0s/4m30.0s

running (1m08.0s), 2/5 VUs, 7 complete and 0 interrupted iterations
normal_day   [  25% ] 2/5 VUs  1m08.0s/4m30.0s

running (1m09.0s), 2/5 VUs, 7 complete and 0 interrupted iterations
normal_day   [  26% ] 2/5 VUs  1m09.0s/4m30.0s

running (1m10.0s), 2/5 VUs, 8 complete and 0 interrupted iterations
normal_day   [  26% ] 2/5 VUs  1m10.0s/4m30.0s

running (1m11.0s), 2/5 VUs, 8 complete and 0 interrupted iterations
normal_day   [  26% ] 2/5 VUs  1m11.0s/4m30.0s

running (1m12.0s), 2/5 VUs, 9 complete and 0 interrupted iterations
normal_day   [  27% ] 2/5 VUs  1m12.0s/4m30.0s

running (1m13.0s), 3/5 VUs, 9 complete and 0 interrupted iterations
normal_day   [  27% ] 3/5 VUs  1m13.0s/4m30.0s

running (1m14.0s), 3/5 VUs, 9 complete and 0 interrupted iterations
normal_day   [  27% ] 3/5 VUs  1m14.0s/4m30.0s

running (1m15.0s), 3/5 VUs, 9 complete and 0 interrupted iterations
normal_day   [  28% ] 3/5 VUs  1m15.0s/4m30.0s

running (1m16.0s), 3/5 VUs, 9 complete and 0 interrupted iterations
normal_day   [  28% ] 3/5 VUs  1m16.0s/4m30.0s

running (1m17.0s), 3/5 VUs, 9 complete and 0 interrupted iterations
normal_day   [  29% ] 3/5 VUs  1m17.0s/4m30.0s

running (1m18.0s), 3/5 VUs, 9 complete and 0 interrupted iterations
normal_day   [  29% ] 3/5 VUs  1m18.0s/4m30.0s

running (1m19.0s), 3/5 VUs, 9 complete and 0 interrupted iterations
normal_day   [  29% ] 3/5 VUs  1m19.0s/4m30.0s

running (1m20.0s), 3/5 VUs, 10 complete and 0 interrupted iterations
normal_day   [  30% ] 3/5 VUs  1m20.0s/4m30.0s

running (1m21.0s), 3/5 VUs, 11 complete and 0 interrupted iterations
normal_day   [  30% ] 3/5 VUs  1m21.0s/4m30.0s

running (1m22.0s), 3/5 VUs, 11 complete and 0 interrupted iterations
normal_day   [  30% ] 3/5 VUs  1m22.0s/4m30.0s

running (1m23.0s), 3/5 VUs, 12 complete and 0 interrupted iterations
normal_day   [  31% ] 3/5 VUs  1m23.0s/4m30.0s

running (1m24.0s), 3/5 VUs, 12 complete and 0 interrupted iterations
normal_day   [  31% ] 3/5 VUs  1m24.0s/4m30.0s

running (1m25.0s), 3/5 VUs, 12 complete and 0 interrupted iterations
normal_day   [  31% ] 3/5 VUs  1m25.0s/4m30.0s

running (1m26.0s), 3/5 VUs, 14 complete and 0 interrupted iterations
normal_day   [  32% ] 3/5 VUs  1m26.0s/4m30.0s

running (1m27.0s), 3/5 VUs, 14 complete and 0 interrupted iterations
normal_day   [  32% ] 3/5 VUs  1m27.0s/4m30.0s

running (1m28.0s), 3/5 VUs, 14 complete and 0 interrupted iterations
normal_day   [  33% ] 3/5 VUs  1m28.0s/4m30.0s

running (1m29.0s), 3/5 VUs, 14 complete and 0 interrupted iterations
normal_day   [  33% ] 3/5 VUs  1m29.0s/4m30.0s

running (1m30.0s), 3/5 VUs, 14 complete and 0 interrupted iterations
normal_day   [  33% ] 3/5 VUs  1m30.0s/4m30.0s

running (1m31.0s), 3/5 VUs, 14 complete and 0 interrupted iterations
normal_day   [  34% ] 3/5 VUs  1m31.0s/4m30.0s

running (1m32.0s), 3/5 VUs, 15 complete and 0 interrupted iterations
normal_day   [  34% ] 3/5 VUs  1m32.0s/4m30.0s

running (1m33.0s), 3/5 VUs, 15 complete and 0 interrupted iterations
normal_day   [  34% ] 3/5 VUs  1m33.0s/4m30.0s

running (1m34.0s), 3/5 VUs, 16 complete and 0 interrupted iterations
normal_day   [  35% ] 3/5 VUs  1m34.0s/4m30.0s

running (1m35.0s), 3/5 VUs, 16 complete and 0 interrupted iterations
normal_day   [  35% ] 3/5 VUs  1m35.0s/4m30.0s

running (1m36.0s), 3/5 VUs, 16 complete and 0 interrupted iterations
normal_day   [  36% ] 3/5 VUs  1m36.0s/4m30.0s

running (1m37.0s), 4/5 VUs, 16 complete and 0 interrupted iterations
normal_day   [  36% ] 4/5 VUs  1m37.0s/4m30.0s

running (1m38.0s), 4/5 VUs, 17 complete and 0 interrupted iterations
normal_day   [  36% ] 4/5 VUs  1m38.0s/4m30.0s

running (1m39.0s), 4/5 VUs, 17 complete and 0 interrupted iterations
normal_day   [  37% ] 4/5 VUs  1m39.0s/4m30.0s

running (1m40.0s), 4/5 VUs, 17 complete and 0 interrupted iterations
normal_day   [  37% ] 4/5 VUs  1m40.0s/4m30.0s

running (1m41.0s), 4/5 VUs, 17 complete and 0 interrupted iterations
normal_day   [  37% ] 4/5 VUs  1m41.0s/4m30.0s

running (1m42.0s), 4/5 VUs, 19 complete and 0 interrupted iterations
normal_day   [  38% ] 4/5 VUs  1m42.0s/4m30.0s

running (1m43.0s), 4/5 VUs, 19 complete and 0 interrupted iterations
normal_day   [  38% ] 4/5 VUs  1m43.0s/4m30.0s

running (1m44.0s), 4/5 VUs, 19 complete and 0 interrupted iterations
normal_day   [  39% ] 4/5 VUs  1m44.0s/4m30.0s

running (1m45.0s), 4/5 VUs, 20 complete and 0 interrupted iterations
normal_day   [  39% ] 4/5 VUs  1m45.0s/4m30.0s

running (1m46.0s), 4/5 VUs, 21 complete and 0 interrupted iterations
normal_day   [  39% ] 4/5 VUs  1m46.0s/4m30.0s

running (1m47.0s), 4/5 VUs, 21 complete and 0 interrupted iterations
normal_day   [  40% ] 4/5 VUs  1m47.0s/4m30.0s

running (1m48.0s), 4/5 VUs, 21 complete and 0 interrupted iterations
normal_day   [  40% ] 4/5 VUs  1m48.0s/4m30.0s

running (1m49.0s), 4/5 VUs, 22 complete and 0 interrupted iterations
normal_day   [  40% ] 4/5 VUs  1m49.0s/4m30.0s

running (1m50.0s), 4/5 VUs, 23 complete and 0 interrupted iterations
normal_day   [  41% ] 4/5 VUs  1m50.0s/4m30.0s

running (1m51.0s), 4/5 VUs, 24 complete and 0 interrupted iterations
normal_day   [  41% ] 4/5 VUs  1m51.0s/4m30.0s

running (1m52.0s), 4/5 VUs, 25 complete and 0 interrupted iterations
normal_day   [  41% ] 4/5 VUs  1m52.0s/4m30.0s

running (1m53.0s), 4/5 VUs, 25 complete and 0 interrupted iterations
normal_day   [  42% ] 4/5 VUs  1m53.0s/4m30.0s

running (1m54.0s), 4/5 VUs, 25 complete and 0 interrupted iterations
normal_day   [  42% ] 4/5 VUs  1m54.0s/4m30.0s

running (1m55.0s), 4/5 VUs, 26 complete and 0 interrupted iterations
normal_day   [  43% ] 4/5 VUs  1m55.0s/4m30.0s

running (1m56.0s), 4/5 VUs, 26 complete and 0 interrupted iterations
normal_day   [  43% ] 4/5 VUs  1m56.0s/4m30.0s

running (1m57.0s), 4/5 VUs, 27 complete and 0 interrupted iterations
normal_day   [  43% ] 4/5 VUs  1m57.0s/4m30.0s

running (1m58.0s), 4/5 VUs, 27 complete and 0 interrupted iterations
normal_day   [  44% ] 4/5 VUs  1m58.0s/4m30.0s

running (1m59.0s), 4/5 VUs, 27 complete and 0 interrupted iterations
normal_day   [  44% ] 4/5 VUs  1m59.0s/4m30.0s

running (2m00.0s), 4/5 VUs, 28 complete and 0 interrupted iterations
normal_day   [  44% ] 4/5 VUs  2m00.0s/4m30.0s

running (2m01.0s), 5/5 VUs, 28 complete and 0 interrupted iterations
normal_day   [  45% ] 5/5 VUs  2m01.0s/4m30.0s

running (2m02.0s), 5/5 VUs, 28 complete and 0 interrupted iterations
normal_day   [  45% ] 5/5 VUs  2m02.0s/4m30.0s

running (2m03.0s), 5/5 VUs, 28 complete and 0 interrupted iterations
normal_day   [  46% ] 5/5 VUs  2m03.0s/4m30.0s

running (2m04.0s), 5/5 VUs, 29 complete and 0 interrupted iterations
normal_day   [  46% ] 5/5 VUs  2m04.0s/4m30.0s

running (2m05.0s), 5/5 VUs, 29 complete and 0 interrupted iterations
normal_day   [  46% ] 5/5 VUs  2m05.0s/4m30.0s

running (2m06.0s), 5/5 VUs, 30 complete and 0 interrupted iterations
normal_day   [  47% ] 5/5 VUs  2m06.0s/4m30.0s

running (2m07.0s), 5/5 VUs, 31 complete and 0 interrupted iterations
normal_day   [  47% ] 5/5 VUs  2m07.0s/4m30.0s

running (2m08.0s), 5/5 VUs, 31 complete and 0 interrupted iterations
normal_day   [  47% ] 5/5 VUs  2m08.0s/4m30.0s

running (2m09.0s), 5/5 VUs, 31 complete and 0 interrupted iterations
normal_day   [  48% ] 5/5 VUs  2m09.0s/4m30.0s

running (2m10.0s), 5/5 VUs, 31 complete and 0 interrupted iterations
normal_day   [  48% ] 5/5 VUs  2m10.0s/4m30.0s

running (2m11.0s), 5/5 VUs, 31 complete and 0 interrupted iterations
normal_day   [  49% ] 5/5 VUs  2m11.0s/4m30.0s

running (2m12.0s), 5/5 VUs, 32 complete and 0 interrupted iterations
normal_day   [  49% ] 5/5 VUs  2m12.0s/4m30.0s

running (2m13.0s), 5/5 VUs, 32 complete and 0 interrupted iterations
normal_day   [  49% ] 5/5 VUs  2m13.0s/4m30.0s

running (2m14.0s), 5/5 VUs, 34 complete and 0 interrupted iterations
normal_day   [  50% ] 5/5 VUs  2m14.0s/4m30.0s

running (2m15.0s), 5/5 VUs, 34 complete and 0 interrupted iterations
normal_day   [  50% ] 5/5 VUs  2m15.0s/4m30.0s

running (2m16.0s), 5/5 VUs, 34 complete and 0 interrupted iterations
normal_day   [  50% ] 5/5 VUs  2m16.0s/4m30.0s

running (2m17.0s), 5/5 VUs, 35 complete and 0 interrupted iterations
normal_day   [  51% ] 5/5 VUs  2m17.0s/4m30.0s

running (2m18.0s), 5/5 VUs, 37 complete and 0 interrupted iterations
normal_day   [  51% ] 5/5 VUs  2m18.0s/4m30.0s

running (2m19.0s), 5/5 VUs, 37 complete and 0 interrupted iterations
normal_day   [  51% ] 5/5 VUs  2m19.0s/4m30.0s

running (2m20.0s), 5/5 VUs, 37 complete and 0 interrupted iterations
normal_day   [  52% ] 5/5 VUs  2m20.0s/4m30.0s

running (2m21.0s), 5/5 VUs, 38 complete and 0 interrupted iterations
normal_day   [  52% ] 5/5 VUs  2m21.0s/4m30.0s

running (2m22.0s), 5/5 VUs, 38 complete and 0 interrupted iterations
normal_day   [  53% ] 5/5 VUs  2m22.0s/4m30.0s

running (2m23.0s), 5/5 VUs, 39 complete and 0 interrupted iterations
normal_day   [  53% ] 5/5 VUs  2m23.0s/4m30.0s

running (2m24.0s), 5/5 VUs, 39 complete and 0 interrupted iterations
normal_day   [  53% ] 5/5 VUs  2m24.0s/4m30.0s

running (2m25.0s), 5/5 VUs, 39 complete and 0 interrupted iterations
normal_day   [  54% ] 5/5 VUs  2m25.0s/4m30.0s

running (2m26.0s), 5/5 VUs, 39 complete and 0 interrupted iterations
normal_day   [  54% ] 5/5 VUs  2m26.0s/4m30.0s

running (2m27.0s), 5/5 VUs, 40 complete and 0 interrupted iterations
normal_day   [  54% ] 5/5 VUs  2m27.0s/4m30.0s

running (2m28.0s), 5/5 VUs, 41 complete and 0 interrupted iterations
normal_day   [  55% ] 5/5 VUs  2m28.0s/4m30.0s

running (2m29.0s), 5/5 VUs, 42 complete and 0 interrupted iterations
normal_day   [  55% ] 5/5 VUs  2m29.0s/4m30.0s

running (2m30.0s), 5/5 VUs, 42 complete and 0 interrupted iterations
normal_day   [  56% ] 5/5 VUs  2m30.0s/4m30.0s

running (2m31.0s), 5/5 VUs, 43 complete and 0 interrupted iterations
normal_day   [  56% ] 5/5 VUs  2m31.0s/4m30.0s

running (2m32.0s), 5/5 VUs, 43 complete and 0 interrupted iterations
normal_day   [  56% ] 5/5 VUs  2m32.0s/4m30.0s

running (2m33.0s), 5/5 VUs, 46 complete and 0 interrupted iterations
normal_day   [  57% ] 5/5 VUs  2m33.0s/4m30.0s

running (2m34.0s), 5/5 VUs, 46 complete and 0 interrupted iterations
normal_day   [  57% ] 5/5 VUs  2m34.0s/4m30.0s

running (2m35.0s), 5/5 VUs, 46 complete and 0 interrupted iterations
normal_day   [  57% ] 5/5 VUs  2m35.0s/4m30.0s

running (2m36.0s), 5/5 VUs, 46 complete and 0 interrupted iterations
normal_day   [  58% ] 5/5 VUs  2m36.0s/4m30.0s

running (2m37.0s), 5/5 VUs, 46 complete and 0 interrupted iterations
normal_day   [  58% ] 5/5 VUs  2m37.0s/4m30.0s

running (2m38.0s), 5/5 VUs, 47 complete and 0 interrupted iterations
normal_day   [  59% ] 5/5 VUs  2m38.0s/4m30.0s

running (2m39.0s), 5/5 VUs, 47 complete and 0 interrupted iterations
normal_day   [  59% ] 5/5 VUs  2m39.0s/4m30.0s

running (2m40.0s), 5/5 VUs, 47 complete and 0 interrupted iterations
normal_day   [  59% ] 5/5 VUs  2m40.0s/4m30.0s

running (2m41.0s), 5/5 VUs, 47 complete and 0 interrupted iterations
normal_day   [  60% ] 5/5 VUs  2m41.0s/4m30.0s

running (2m42.0s), 5/5 VUs, 47 complete and 0 interrupted iterations
normal_day   [  60% ] 5/5 VUs  2m42.0s/4m30.0s

running (2m43.0s), 5/5 VUs, 47 complete and 0 interrupted iterations
normal_day   [  60% ] 5/5 VUs  2m43.0s/4m30.0s

running (2m44.0s), 5/5 VUs, 47 complete and 0 interrupted iterations
normal_day   [  61% ] 5/5 VUs  2m44.0s/4m30.0s

running (2m45.0s), 5/5 VUs, 48 complete and 0 interrupted iterations
normal_day   [  61% ] 5/5 VUs  2m45.0s/4m30.0s

running (2m46.0s), 5/5 VUs, 50 complete and 0 interrupted iterations
normal_day   [  61% ] 5/5 VUs  2m46.0s/4m30.0s

running (2m47.0s), 5/5 VUs, 51 complete and 0 interrupted iterations
normal_day   [  62% ] 5/5 VUs  2m47.0s/4m30.0s

running (2m48.0s), 5/5 VUs, 52 complete and 0 interrupted iterations
normal_day   [  62% ] 5/5 VUs  2m48.0s/4m30.0s

running (2m49.0s), 5/5 VUs, 52 complete and 0 interrupted iterations
normal_day   [  63% ] 5/5 VUs  2m49.0s/4m30.0s

running (2m50.0s), 5/5 VUs, 53 complete and 0 interrupted iterations
normal_day   [  63% ] 5/5 VUs  2m50.0s/4m30.0s

running (2m51.0s), 5/5 VUs, 55 complete and 0 interrupted iterations
normal_day   [  63% ] 5/5 VUs  2m51.0s/4m30.0s

running (2m52.0s), 5/5 VUs, 56 complete and 0 interrupted iterations
normal_day   [  64% ] 5/5 VUs  2m52.0s/4m30.0s

running (2m53.0s), 5/5 VUs, 57 complete and 0 interrupted iterations
normal_day   [  64% ] 5/5 VUs  2m53.0s/4m30.0s

running (2m54.0s), 5/5 VUs, 58 complete and 0 interrupted iterations
normal_day   [  64% ] 5/5 VUs  2m54.0s/4m30.0s

running (2m55.0s), 5/5 VUs, 58 complete and 0 interrupted iterations
normal_day   [  65% ] 5/5 VUs  2m55.0s/4m30.0s

running (2m56.0s), 5/5 VUs, 61 complete and 0 interrupted iterations
normal_day   [  65% ] 5/5 VUs  2m56.0s/4m30.0s

running (2m57.0s), 5/5 VUs, 62 complete and 0 interrupted iterations
normal_day   [  66% ] 5/5 VUs  2m57.0s/4m30.0s

running (2m58.0s), 5/5 VUs, 62 complete and 0 interrupted iterations
normal_day   [  66% ] 5/5 VUs  2m58.0s/4m30.0s

running (2m59.0s), 5/5 VUs, 62 complete and 0 interrupted iterations
normal_day   [  66% ] 5/5 VUs  2m59.0s/4m30.0s

running (3m00.0s), 5/5 VUs, 62 complete and 0 interrupted iterations
normal_day   [  67% ] 5/5 VUs  3m00.0s/4m30.0s

running (3m01.0s), 5/5 VUs, 63 complete and 0 interrupted iterations
normal_day   [  67% ] 5/5 VUs  3m01.0s/4m30.0s

running (3m02.0s), 5/5 VUs, 63 complete and 0 interrupted iterations
normal_day   [  67% ] 5/5 VUs  3m02.0s/4m30.0s

running (3m03.0s), 4/5 VUs, 64 complete and 0 interrupted iterations
normal_day   [  68% ] 4/5 VUs  3m03.0s/4m30.0s

running (3m04.0s), 4/5 VUs, 64 complete and 0 interrupted iterations
normal_day   [  68% ] 4/5 VUs  3m04.0s/4m30.0s

running (3m05.0s), 4/5 VUs, 64 complete and 0 interrupted iterations
normal_day   [  69% ] 4/5 VUs  3m05.0s/4m30.0s

running (3m06.0s), 4/5 VUs, 64 complete and 0 interrupted iterations
normal_day   [  69% ] 4/5 VUs  3m06.0s/4m30.0s

running (3m07.0s), 4/5 VUs, 64 complete and 0 interrupted iterations
normal_day   [  69% ] 4/5 VUs  3m07.0s/4m30.0s

running (3m08.0s), 4/5 VUs, 64 complete and 0 interrupted iterations
normal_day   [  70% ] 4/5 VUs  3m08.0s/4m30.0s

running (3m09.0s), 4/5 VUs, 64 complete and 0 interrupted iterations
normal_day   [  70% ] 4/5 VUs  3m09.0s/4m30.0s

running (3m10.0s), 4/5 VUs, 64 complete and 0 interrupted iterations
normal_day   [  70% ] 4/5 VUs  3m10.0s/4m30.0s

running (3m11.0s), 4/5 VUs, 64 complete and 0 interrupted iterations
normal_day   [  71% ] 4/5 VUs  3m11.0s/4m30.0s

running (3m12.0s), 4/5 VUs, 64 complete and 0 interrupted iterations
normal_day   [  71% ] 4/5 VUs  3m12.0s/4m30.0s

running (3m13.0s), 4/5 VUs, 64 complete and 0 interrupted iterations
normal_day   [  71% ] 4/5 VUs  3m13.0s/4m30.0s

running (3m14.0s), 4/5 VUs, 64 complete and 0 interrupted iterations
normal_day   [  72% ] 4/5 VUs  3m14.0s/4m30.0s

running (3m15.0s), 4/5 VUs, 64 complete and 0 interrupted iterations
normal_day   [  72% ] 4/5 VUs  3m15.0s/4m30.0s

running (3m16.0s), 4/5 VUs, 65 complete and 0 interrupted iterations
normal_day   [  73% ] 4/5 VUs  3m16.0s/4m30.0s

running (3m17.0s), 4/5 VUs, 66 complete and 0 interrupted iterations
normal_day   [  73% ] 4/5 VUs  3m17.0s/4m30.0s

running (3m18.0s), 4/5 VUs, 67 complete and 0 interrupted iterations
normal_day   [  73% ] 4/5 VUs  3m18.0s/4m30.0s

running (3m19.0s), 4/5 VUs, 67 complete and 0 interrupted iterations
normal_day   [  74% ] 4/5 VUs  3m19.0s/4m30.0s

running (3m20.0s), 4/5 VUs, 67 complete and 0 interrupted iterations
normal_day   [  74% ] 4/5 VUs  3m20.0s/4m30.0s

running (3m21.0s), 4/5 VUs, 68 complete and 0 interrupted iterations
normal_day   [  74% ] 4/5 VUs  3m21.0s/4m30.0s

running (3m22.0s), 3/5 VUs, 69 complete and 0 interrupted iterations
normal_day   [  75% ] 3/5 VUs  3m22.0s/4m30.0s

running (3m23.0s), 3/5 VUs, 69 complete and 0 interrupted iterations
normal_day   [  75% ] 3/5 VUs  3m23.0s/4m30.0s

running (3m24.0s), 3/5 VUs, 69 complete and 0 interrupted iterations
normal_day   [  76% ] 3/5 VUs  3m24.0s/4m30.0s

running (3m25.0s), 3/5 VUs, 69 complete and 0 interrupted iterations
normal_day   [  76% ] 3/5 VUs  3m25.0s/4m30.0s

running (3m26.0s), 3/5 VUs, 69 complete and 0 interrupted iterations
normal_day   [  76% ] 3/5 VUs  3m26.0s/4m30.0s

running (3m27.0s), 3/5 VUs, 69 complete and 0 interrupted iterations
normal_day   [  77% ] 3/5 VUs  3m27.0s/4m30.0s

running (3m28.0s), 3/5 VUs, 69 complete and 0 interrupted iterations
normal_day   [  77% ] 3/5 VUs  3m28.0s/4m30.0s

running (3m29.0s), 3/5 VUs, 70 complete and 0 interrupted iterations
normal_day   [  77% ] 3/5 VUs  3m29.0s/4m30.0s

running (3m30.0s), 3/5 VUs, 71 complete and 0 interrupted iterations
normal_day   [  78% ] 3/5 VUs  3m30.0s/4m30.0s

running (3m31.0s), 3/5 VUs, 71 complete and 0 interrupted iterations
normal_day   [  78% ] 3/5 VUs  3m31.0s/4m30.0s

running (3m32.0s), 3/5 VUs, 72 complete and 0 interrupted iterations
normal_day   [  79% ] 3/5 VUs  3m32.0s/4m30.0s

running (3m33.0s), 3/5 VUs, 73 complete and 0 interrupted iterations
normal_day   [  79% ] 3/5 VUs  3m33.0s/4m30.0s

running (3m34.0s), 3/5 VUs, 73 complete and 0 interrupted iterations
normal_day   [  79% ] 3/5 VUs  3m34.0s/4m30.0s

running (3m35.0s), 3/5 VUs, 73 complete and 0 interrupted iterations
normal_day   [  80% ] 3/5 VUs  3m35.0s/4m30.0s

running (3m36.0s), 3/5 VUs, 73 complete and 0 interrupted iterations
normal_day   [  80% ] 3/5 VUs  3m36.0s/4m30.0s

running (3m37.0s), 3/5 VUs, 73 complete and 0 interrupted iterations
normal_day   [  80% ] 3/5 VUs  3m37.0s/4m30.0s

running (3m38.0s), 3/5 VUs, 73 complete and 0 interrupted iterations
normal_day   [  81% ] 3/5 VUs  3m38.0s/4m30.0s

running (3m39.0s), 3/5 VUs, 73 complete and 0 interrupted iterations
normal_day   [  81% ] 3/5 VUs  3m39.0s/4m30.0s

running (3m40.0s), 3/5 VUs, 73 complete and 0 interrupted iterations
normal_day   [  81% ] 3/5 VUs  3m40.0s/4m30.0s

running (3m41.0s), 3/5 VUs, 73 complete and 0 interrupted iterations
normal_day   [  82% ] 3/5 VUs  3m41.0s/4m30.0s

running (3m42.0s), 3/5 VUs, 73 complete and 0 interrupted iterations
normal_day   [  82% ] 3/5 VUs  3m42.0s/4m30.0s

running (3m43.0s), 3/5 VUs, 73 complete and 0 interrupted iterations
normal_day   [  83% ] 3/5 VUs  3m43.0s/4m30.0s

running (3m44.0s), 3/5 VUs, 73 complete and 0 interrupted iterations
normal_day   [  83% ] 3/5 VUs  3m44.0s/4m30.0s

running (3m45.0s), 3/5 VUs, 73 complete and 0 interrupted iterations
normal_day   [  83% ] 3/5 VUs  3m45.0s/4m30.0s

running (3m46.0s), 3/5 VUs, 73 complete and 0 interrupted iterations
normal_day   [  84% ] 3/5 VUs  3m46.0s/4m30.0s

running (3m47.0s), 3/5 VUs, 74 complete and 0 interrupted iterations
normal_day   [  84% ] 3/5 VUs  3m47.0s/4m30.0s

running (3m48.0s), 3/5 VUs, 74 complete and 0 interrupted iterations
normal_day   [  84% ] 3/5 VUs  3m48.0s/4m30.0s

running (3m49.0s), 3/5 VUs, 75 complete and 0 interrupted iterations
normal_day   [  85% ] 3/5 VUs  3m49.0s/4m30.0s

running (3m50.0s), 2/5 VUs, 77 complete and 0 interrupted iterations
normal_day   [  85% ] 2/5 VUs  3m50.0s/4m30.0s

running (3m51.0s), 2/5 VUs, 77 complete and 0 interrupted iterations
normal_day   [  86% ] 2/5 VUs  3m51.0s/4m30.0s

running (3m52.0s), 2/5 VUs, 78 complete and 0 interrupted iterations
normal_day   [  86% ] 2/5 VUs  3m52.0s/4m30.0s

running (3m53.0s), 2/5 VUs, 79 complete and 0 interrupted iterations
normal_day   [  86% ] 2/5 VUs  3m53.0s/4m30.0s

running (3m54.0s), 2/5 VUs, 79 complete and 0 interrupted iterations
normal_day   [  87% ] 2/5 VUs  3m54.0s/4m30.0s

running (3m55.0s), 2/5 VUs, 79 complete and 0 interrupted iterations
normal_day   [  87% ] 2/5 VUs  3m55.0s/4m30.0s

running (3m56.0s), 2/5 VUs, 80 complete and 0 interrupted iterations
normal_day   [  87% ] 2/5 VUs  3m56.0s/4m30.0s

running (3m57.0s), 2/5 VUs, 80 complete and 0 interrupted iterations
normal_day   [  88% ] 2/5 VUs  3m57.0s/4m30.0s

running (3m58.0s), 2/5 VUs, 80 complete and 0 interrupted iterations
normal_day   [  88% ] 2/5 VUs  3m58.0s/4m30.0s

running (3m59.0s), 2/5 VUs, 80 complete and 0 interrupted iterations
normal_day   [  89% ] 2/5 VUs  3m59.0s/4m30.0s

running (4m00.0s), 2/5 VUs, 80 complete and 0 interrupted iterations
normal_day   [  89% ] 2/5 VUs  4m00.0s/4m30.0s

running (4m01.0s), 2/5 VUs, 81 complete and 0 interrupted iterations
normal_day   [  89% ] 2/5 VUs  4m01.0s/4m30.0s

running (4m02.0s), 2/5 VUs, 81 complete and 0 interrupted iterations
normal_day   [  90% ] 2/5 VUs  4m02.0s/4m30.0s

running (4m03.0s), 2/5 VUs, 81 complete and 0 interrupted iterations
normal_day   [  90% ] 2/5 VUs  4m03.0s/4m30.0s

running (4m04.0s), 2/5 VUs, 81 complete and 0 interrupted iterations
normal_day   [  90% ] 2/5 VUs  4m04.0s/4m30.0s

running (4m05.0s), 2/5 VUs, 81 complete and 0 interrupted iterations
normal_day   [  91% ] 2/5 VUs  4m05.0s/4m30.0s

running (4m06.0s), 2/5 VUs, 81 complete and 0 interrupted iterations
normal_day   [  91% ] 2/5 VUs  4m06.0s/4m30.0s

running (4m07.0s), 2/5 VUs, 82 complete and 0 interrupted iterations
normal_day   [  91% ] 2/5 VUs  4m07.0s/4m30.0s

running (4m08.0s), 2/5 VUs, 82 complete and 0 interrupted iterations
normal_day   [  92% ] 2/5 VUs  4m08.0s/4m30.0s

running (4m09.0s), 2/5 VUs, 82 complete and 0 interrupted iterations
normal_day   [  92% ] 2/5 VUs  4m09.0s/4m30.0s

running (4m10.0s), 2/5 VUs, 82 complete and 0 interrupted iterations
normal_day   [  93% ] 2/5 VUs  4m10.0s/4m30.0s

running (4m11.0s), 2/5 VUs, 82 complete and 0 interrupted iterations
normal_day   [  93% ] 2/5 VUs  4m11.0s/4m30.0s

running (4m12.0s), 2/5 VUs, 82 complete and 0 interrupted iterations
normal_day   [  93% ] 2/5 VUs  4m12.0s/4m30.0s

running (4m13.0s), 1/5 VUs, 83 complete and 0 interrupted iterations
normal_day   [  94% ] 1/5 VUs  4m13.0s/4m30.0s

running (4m14.0s), 1/5 VUs, 84 complete and 0 interrupted iterations
normal_day   [  94% ] 1/5 VUs  4m14.0s/4m30.0s

running (4m15.0s), 1/5 VUs, 84 complete and 0 interrupted iterations
normal_day   [  94% ] 1/5 VUs  4m15.0s/4m30.0s

running (4m16.0s), 1/5 VUs, 84 complete and 0 interrupted iterations
normal_day   [  95% ] 1/5 VUs  4m16.0s/4m30.0s

running (4m17.0s), 1/5 VUs, 84 complete and 0 interrupted iterations
normal_day   [  95% ] 1/5 VUs  4m17.0s/4m30.0s

running (4m18.0s), 1/5 VUs, 85 complete and 0 interrupted iterations
normal_day   [  96% ] 1/5 VUs  4m18.0s/4m30.0s

running (4m19.0s), 1/5 VUs, 85 complete and 0 interrupted iterations
normal_day   [  96% ] 1/5 VUs  4m19.0s/4m30.0s

running (4m20.0s), 1/5 VUs, 85 complete and 0 interrupted iterations
normal_day   [  96% ] 1/5 VUs  4m20.0s/4m30.0s

running (4m21.0s), 1/5 VUs, 85 complete and 0 interrupted iterations
normal_day   [  97% ] 1/5 VUs  4m21.0s/4m30.0s

running (4m22.0s), 1/5 VUs, 85 complete and 0 interrupted iterations
normal_day   [  97% ] 1/5 VUs  4m22.0s/4m30.0s

running (4m23.0s), 1/5 VUs, 85 complete and 0 interrupted iterations
normal_day   [  97% ] 1/5 VUs  4m23.0s/4m30.0s

running (4m24.0s), 1/5 VUs, 85 complete and 0 interrupted iterations
normal_day   [  98% ] 1/5 VUs  4m24.0s/4m30.0s

running (4m25.0s), 1/5 VUs, 85 complete and 0 interrupted iterations
normal_day   [  98% ] 1/5 VUs  4m25.0s/4m30.0s

running (4m26.0s), 1/5 VUs, 85 complete and 0 interrupted iterations
normal_day   [  99% ] 1/5 VUs  4m26.0s/4m30.0s

running (4m27.0s), 1/5 VUs, 85 complete and 0 interrupted iterations
normal_day   [  99% ] 1/5 VUs  4m27.0s/4m30.0s

running (4m28.0s), 1/5 VUs, 85 complete and 0 interrupted iterations
normal_day   [  99% ] 1/5 VUs  4m28.0s/4m30.0s

running (4m29.0s), 1/5 VUs, 85 complete and 0 interrupted iterations
normal_day   [ 100% ] 1/5 VUs  4m29.0s/4m30.0s

running (4m30.0s), 1/5 VUs, 85 complete and 0 interrupted iterations
normal_day   [ 100% ] 1/5 VUs  4m30.0s/4m30.0s

running (4m31.0s), 1/5 VUs, 85 complete and 0 interrupted iterations
normal_day ↓ [ 100% ] 1/5 VUs  4m30s

running (4m32.0s), 1/5 VUs, 85 complete and 0 interrupted iterations
normal_day ↓ [ 100% ] 1/5 VUs  4m30s

running (4m33.0s), 1/5 VUs, 85 complete and 0 interrupted iterations
normal_day ↓ [ 100% ] 1/5 VUs  4m30s

running (4m34.0s), 1/5 VUs, 85 complete and 0 interrupted iterations
normal_day ↓ [ 100% ] 1/5 VUs  4m30s

running (4m35.0s), 1/5 VUs, 85 complete and 0 interrupted iterations
normal_day ↓ [ 100% ] 1/5 VUs  4m30s

running (4m36.0s), 1/5 VUs, 85 complete and 0 interrupted iterations
normal_day ↓ [ 100% ] 1/5 VUs  4m30s

running (4m37.0s), 1/5 VUs, 85 complete and 0 interrupted iterations
normal_day ↓ [ 100% ] 1/5 VUs  4m30s

running (4m38.0s), 1/5 VUs, 85 complete and 0 interrupted iterations
normal_day ↓ [ 100% ] 1/5 VUs  4m30s

running (4m39.0s), 1/5 VUs, 85 complete and 0 interrupted iterations
normal_day ↓ [ 100% ] 1/5 VUs  4m30s
[32m     ✓ login 200[0m
[32m     ✓ board list 200[0m
[32m     ✓ hot daily 200[0m
[32m     ✓ post list 200[0m
[32m     ✓ post detail 200[0m
[32m     ✓ comment list 200[0m
[32m     ✓ chat rooms 200[0m
[32m     ✓ comment create 2xx[0m
[32m     ✓ post create 2xx[0m
[32m     ✓ logout 200[0m
[32m     ✓ chat messages 200[0m
[32m     ✓ chat read 200[0m
[32m     ✓ unread count 200[0m
[32m     ✓ notif list 200[0m
[32m     ✓ scrap 2xx[0m
[32m     ✓ friend list 200[0m
[32m     ✓ post reaction 2xx[0m
[32m     ✓ meal today 200[0m
[32m     ✓ post update 200[0m
[32m     ✓ post delete 200[0m
[32m     ✓ timetable today 200[0m
[32m     ✓ read all 200[0m
[32m     ✓ comment reaction 200[0m
[32m     ✓ post search 200[0m
[32m     ✓ refresh 200[0m
[32m     ✓ meal month 200[0m
[32m     ✓ ws handshake 101[0m

     auth_token_refreshes[2m...........:[0m [36m1[0m       [36;2m0.003576/s[0m
     chat_ws_messages_sent[2m..........:[0m [36m13[0m      [36;2m0.046482/s[0m
     chat_ws_rtt[2m....................:[0m avg=[36m33.61ms[0m  min=[36m19ms[0m    med=[36m33ms[0m     max=[36m52ms[0m     p(90)=[36m45.6ms[0m   p(95)=[36m48.99ms[0m  p(99)=[36m51.39ms[0m 
     checks[2m.........................:[0m [36m100.00%[0m [36;2m✓ 340[0m      [36;2m✗ 0[0m  
     [32m✓[0m { phase:measure }[2m............:[0m [36m100.00%[0m [36;2m✓ 61[0m       [36;2m✗ 0[0m  
     [32m✓[0m { phase:rampdown }[2m...........:[0m [36m100.00%[0m [36;2m✓ 171[0m      [36;2m✗ 0[0m  
     [32m✓[0m { phase:warmup }[2m.............:[0m [36m100.00%[0m [36;2m✓ 108[0m      [36;2m✗ 0[0m  
     data_received[2m..................:[0m [36m17 MB[0m   [36;2m59 kB/s[0m
     data_sent[2m......................:[0m [36m135 kB[0m  [36;2m483 B/s[0m
     http_req_blocked[2m...............:[0m avg=[36m21.36µs[0m  min=[36m2.18µs[0m  med=[36m8.69µs[0m   max=[36m1.52ms[0m   p(90)=[36m16.25µs[0m  p(95)=[36m17.81µs[0m  p(99)=[36m355.24µs[0m
     http_req_connecting[2m............:[0m avg=[36m6.49µs[0m   min=[36m0s[0m      med=[36m0s[0m       max=[36m702.23µs[0m p(90)=[36m0s[0m       p(95)=[36m0s[0m       p(99)=[36m240.75µs[0m
     http_req_duration[2m..............:[0m avg=[36m110.9ms[0m  min=[36m4.96ms[0m  med=[36m16.42ms[0m  max=[36m6.84s[0m    p(90)=[36m83.68ms[0m  p(95)=[36m340.16ms[0m p(99)=[36m1.59s[0m   
       { expected_response:true }[2m...:[0m avg=[36m110.9ms[0m  min=[36m4.96ms[0m  med=[36m16.42ms[0m  max=[36m6.84s[0m    p(90)=[36m83.68ms[0m  p(95)=[36m340.16ms[0m p(99)=[36m1.59s[0m   
     [32m✓[0m { feature:auth }[2m.............:[0m avg=[36m88.08ms[0m  min=[36m30.36ms[0m med=[36m80.88ms[0m  max=[36m338.73ms[0m p(90)=[36m87.15ms[0m  p(95)=[36m200.52ms[0m p(99)=[36m311.09ms[0m
     [32m✓[0m { feature:board }[2m............:[0m avg=[36m11.45ms[0m  min=[36m5.1ms[0m   med=[36m10.28ms[0m  max=[36m56.7ms[0m   p(90)=[36m13.92ms[0m  p(95)=[36m14.88ms[0m  p(99)=[36m45.43ms[0m 
     [32m✓[0m { feature:chat }[2m.............:[0m avg=[36m22.46ms[0m  min=[36m7.83ms[0m  med=[36m13.63ms[0m  max=[36m124.04ms[0m p(90)=[36m29.3ms[0m   p(95)=[36m72.49ms[0m  p(99)=[36m113.73ms[0m
     [32m✓[0m { feature:comment }[2m..........:[0m avg=[36m497.69ms[0m min=[36m4.96ms[0m  med=[36m40.98ms[0m  max=[36m6.84s[0m    p(90)=[36m1.46s[0m    p(95)=[36m1.64s[0m    p(99)=[36m5.09s[0m   
     [32m✓[0m { feature:friend }[2m...........:[0m avg=[36m15.7ms[0m   min=[36m11.71ms[0m med=[36m15.83ms[0m  max=[36m19.45ms[0m  p(90)=[36m18.55ms[0m  p(95)=[36m19ms[0m     p(99)=[36m19.36ms[0m 
     [32m✓[0m { feature:hot }[2m..............:[0m avg=[36m21.85ms[0m  min=[36m13.57ms[0m med=[36m21.65ms[0m  max=[36m33.19ms[0m  p(90)=[36m27.88ms[0m  p(95)=[36m29.41ms[0m  p(99)=[36m32.37ms[0m 
     [32m✓[0m { feature:mypage }[2m...........:[0m avg=[36m0s[0m       min=[36m0s[0m      med=[36m0s[0m       max=[36m0s[0m       p(90)=[36m0s[0m       p(95)=[36m0s[0m       p(99)=[36m0s[0m      
     [32m✓[0m { feature:notification }[2m.....:[0m avg=[36m37.35ms[0m  min=[36m9.97ms[0m  med=[36m23.13ms[0m  max=[36m118.67ms[0m p(90)=[36m80.36ms[0m  p(95)=[36m99.51ms[0m  p(99)=[36m114.84ms[0m
     [32m✓[0m { feature:post }[2m.............:[0m avg=[36m23.75ms[0m  min=[36m5.16ms[0m  med=[36m15.18ms[0m  max=[36m521.25ms[0m p(90)=[36m39.94ms[0m  p(95)=[36m50.34ms[0m  p(99)=[36m185.18ms[0m
     [32m✓[0m { feature:reaction }[2m.........:[0m avg=[36m40.67ms[0m  min=[36m36.66ms[0m med=[36m39.09ms[0m  max=[36m47.82ms[0m  p(90)=[36m45.75ms[0m  p(95)=[36m46.78ms[0m  p(99)=[36m47.61ms[0m 
     [32m✓[0m { feature:school }[2m...........:[0m avg=[36m15.73ms[0m  min=[36m6.16ms[0m  med=[36m17.12ms[0m  max=[36m22.82ms[0m  p(90)=[36m21.51ms[0m  p(95)=[36m22.17ms[0m  p(99)=[36m22.69ms[0m 
     [32m✓[0m { feature:scrap }[2m............:[0m avg=[36m49.68ms[0m  min=[36m20.66ms[0m med=[36m36.46ms[0m  max=[36m132.72ms[0m p(90)=[36m86.39ms[0m  p(95)=[36m109.56ms[0m p(99)=[36m128.09ms[0m
     [32m✓[0m { feature:timetable }[2m........:[0m avg=[36m14.53ms[0m  min=[36m6.44ms[0m  med=[36m12.47ms[0m  max=[36m32.78ms[0m  p(90)=[36m22.65ms[0m  p(95)=[36m27.71ms[0m  p(99)=[36m31.77ms[0m 
     [32m✓[0m { op:auth }[2m..................:[0m avg=[36m88.08ms[0m  min=[36m30.36ms[0m med=[36m80.88ms[0m  max=[36m338.73ms[0m p(90)=[36m87.15ms[0m  p(95)=[36m200.52ms[0m p(99)=[36m311.09ms[0m
     [31m✗[0m { op:read,phase:measure }[2m....:[0m avg=[36m60.04ms[0m  min=[36m4.96ms[0m  med=[36m14.76ms[0m  max=[36m1.44s[0m    p(90)=[36m42.65ms[0m  p(95)=[36m109.41ms[0m p(99)=[36m1.06s[0m   
     [32m✓[0m { op:write,phase:measure }[2m...:[0m avg=[36m41.99ms[0m  min=[36m34.19ms[0m med=[36m40.07ms[0m  max=[36m51.7ms[0m   p(90)=[36m49.38ms[0m  p(95)=[36m50.54ms[0m  p(99)=[36m51.47ms[0m 
     [32m✓[0m { page:0 }[2m...................:[0m avg=[36m16.5ms[0m   min=[36m5.16ms[0m  med=[36m12.68ms[0m  max=[36m41.1ms[0m   p(90)=[36m38.32ms[0m  p(95)=[36m39.52ms[0m  p(99)=[36m40.79ms[0m 
     [32m✓[0m { page:1 }[2m...................:[0m avg=[36m25.21ms[0m  min=[36m6.61ms[0m  med=[36m9.12ms[0m   max=[36m75.97ms[0m  p(90)=[36m56.04ms[0m  p(95)=[36m66.01ms[0m  p(99)=[36m73.98ms[0m 
     [32m✓[0m { page:2 }[2m...................:[0m avg=[36m131.24ms[0m min=[36m8.25ms[0m  med=[36m49.39ms[0m  max=[36m521.25ms[0m p(90)=[36m337.53ms[0m p(95)=[36m429.39ms[0m p(99)=[36m502.88ms[0m
     [32m✓[0m { page:3 }[2m...................:[0m avg=[36m20.73ms[0m  min=[36m6.43ms[0m  med=[36m17.97ms[0m  max=[36m40.56ms[0m  p(90)=[36m34.77ms[0m  p(95)=[36m37.66ms[0m  p(99)=[36m39.98ms[0m 
     [32m✓[0m { page:4 }[2m...................:[0m avg=[36m46.29ms[0m  min=[36m46.29ms[0m med=[36m46.29ms[0m  max=[36m46.29ms[0m  p(90)=[36m46.29ms[0m  p(95)=[36m46.29ms[0m  p(99)=[36m46.29ms[0m 
     [32m✓[0m { phase:measure }[2m............:[0m avg=[36m58.57ms[0m  min=[36m4.96ms[0m  med=[36m15.29ms[0m  max=[36m1.44s[0m    p(90)=[36m50.97ms[0m  p(95)=[36m90.84ms[0m  p(99)=[36m1.02s[0m   
     [32m✓[0m { phase:rampdown }[2m...........:[0m avg=[36m72.85ms[0m  min=[36m5.16ms[0m  med=[36m15.22ms[0m  max=[36m1.51s[0m    p(90)=[36m43.94ms[0m  p(95)=[36m243.42ms[0m p(99)=[36m1.46s[0m   
     [32m✓[0m { phase:warmup }[2m.............:[0m avg=[36m198.7ms[0m  min=[36m5.19ms[0m  med=[36m20.24ms[0m  max=[36m6.84s[0m    p(90)=[36m130.55ms[0m p(95)=[36m448.24ms[0m p(99)=[36m3.9s[0m    
     http_req_failed[2m................:[0m [36m0.00%[0m   [36;2m✓ 0[0m        [36;2m✗ 338[0m
     [32m✓[0m { phase:measure }[2m............:[0m [36m0.00%[0m   [36;2m✓ 0[0m        [36;2m✗ 60[0m 
     [32m✓[0m { phase:rampdown }[2m...........:[0m [36m0.00%[0m   [36;2m✓ 0[0m        [36;2m✗ 169[0m
     [32m✓[0m { phase:warmup }[2m.............:[0m [36m0.00%[0m   [36;2m✓ 0[0m        [36;2m✗ 109[0m
     http_req_receiving[2m.............:[0m avg=[36m1.43ms[0m   min=[36m68.44µs[0m med=[36m476.16µs[0m max=[36m91.26ms[0m  p(90)=[36m1.08ms[0m   p(95)=[36m2.53ms[0m   p(99)=[36m14.95ms[0m 
     http_req_sending[2m...............:[0m avg=[36m62.25µs[0m  min=[36m8.07µs[0m  med=[36m52.94µs[0m  max=[36m331.92µs[0m p(90)=[36m114.32µs[0m p(95)=[36m127.54µs[0m p(99)=[36m193.86µs[0m
     http_req_tls_handshaking[2m.......:[0m avg=[36m0s[0m       min=[36m0s[0m      med=[36m0s[0m       max=[36m0s[0m       p(90)=[36m0s[0m       p(95)=[36m0s[0m       p(99)=[36m0s[0m      
     http_req_waiting[2m...............:[0m avg=[36m109.4ms[0m  min=[36m4.7ms[0m   med=[36m15.93ms[0m  max=[36m6.81s[0m    p(90)=[36m82.75ms[0m  p(95)=[36m339.52ms[0m p(99)=[36m1.58s[0m   
     http_reqs[2m......................:[0m [36m338[0m     [36;2m1.20854/s[0m
     [32m✓[0m { feature:auth }[2m.............:[0m [36m12[0m      [36;2m0.042907/s[0m
     [32m✓[0m { feature:board }[2m............:[0m [36m28[0m      [36;2m0.100116/s[0m
     [32m✓[0m { feature:chat }[2m.............:[0m [36m21[0m      [36;2m0.075087/s[0m
     [32m✓[0m { feature:comment }[2m..........:[0m [36m61[0m      [36;2m0.218109/s[0m
     [32m✓[0m { feature:friend }[2m...........:[0m [36m4[0m       [36;2m0.014302/s[0m
     [32m✓[0m { feature:hot }[2m..............:[0m [36m28[0m      [36;2m0.100116/s[0m
     [32m✓[0m { feature:mypage }[2m...........:[0m [36m0[0m       [36;2m0/s[0m
     [32m✓[0m { feature:notification }[2m.....:[0m [36m10[0m      [36;2m0.035756/s[0m
     [32m✓[0m { feature:post }[2m.............:[0m [36m149[0m     [36;2m0.532759/s[0m
     [32m✓[0m { feature:reaction }[2m.........:[0m [36m4[0m       [36;2m0.014302/s[0m
     [32m✓[0m { feature:school }[2m...........:[0m [36m8[0m       [36;2m0.028605/s[0m
     [32m✓[0m { feature:scrap }[2m............:[0m [36m6[0m       [36;2m0.021453/s[0m
     [32m✓[0m { feature:timetable }[2m........:[0m [36m7[0m       [36;2m0.025029/s[0m
     [32m✓[0m { op:auth }[2m..................:[0m [36m12[0m      [36;2m0.042907/s[0m
     [32m✓[0m { op:read }[2m..................:[0m [36m298[0m     [36;2m1.065518/s[0m
     [32m✓[0m { op:write }[2m.................:[0m [36m28[0m      [36;2m0.100116/s[0m
     [32m✓[0m { page:0 }[2m...................:[0m [36m14[0m      [36;2m0.050058/s[0m
     [32m✓[0m { page:1 }[2m...................:[0m [36m4[0m       [36;2m0.014302/s[0m
     [32m✓[0m { page:2 }[2m...................:[0m [36m5[0m       [36;2m0.017878/s[0m
     [32m✓[0m { page:3 }[2m...................:[0m [36m4[0m       [36;2m0.014302/s[0m
     [32m✓[0m { page:4 }[2m...................:[0m [36m1[0m       [36;2m0.003576/s[0m
     [32m✓[0m { phase:measure }[2m............:[0m [36m60[0m      [36;2m0.214534/s[0m
     [32m✓[0m { phase:rampdown }[2m...........:[0m [36m169[0m     [36;2m0.60427/s[0m
     [32m✓[0m { phase:warmup }[2m.............:[0m [36m109[0m     [36;2m0.389736/s[0m
     iteration_duration[2m.............:[0m avg=[36m9.14s[0m    min=[36m1.08s[0m   med=[36m5.73s[0m    max=[36m27.67s[0m   p(90)=[36m20.21s[0m   p(95)=[36m21.07s[0m   p(99)=[36m27.34s[0m  
     iterations[2m.....................:[0m [36m86[0m      [36;2m0.307498/s[0m
     [32m✓[0m { phase:measure }[2m............:[0m [36m0[0m       [36;2m0/s[0m
     [32m✓[0m { phase:rampdown }[2m...........:[0m [36m0[0m       [36;2m0/s[0m
     [32m✓[0m { phase:warmup }[2m.............:[0m [36m0[0m       [36;2m0/s[0m
     phase_iterations[2m...............:[0m [36m86[0m      [36;2m0.307498/s[0m
     [32m✓[0m { phase:measure }[2m............:[0m [36m14[0m      [36;2m0.050058/s[0m
     [32m✓[0m { phase:rampdown }[2m...........:[0m [36m44[0m      [36;2m0.157325/s[0m
     [32m✓[0m { phase:warmup }[2m.............:[0m [36m28[0m      [36;2m0.100116/s[0m
     vus[2m............................:[0m [36m1[0m       [36;2mmin=0[0m      [36;2mmax=5[0m
     vus_max[2m........................:[0m [36m5[0m       [36;2mmin=5[0m      [36;2mmax=5[0m
     ws_connecting[2m..................:[0m avg=[36m14.79ms[0m  min=[36m5.48ms[0m  med=[36m14.79ms[0m  max=[36m24.11ms[0m  p(90)=[36m22.25ms[0m  p(95)=[36m23.18ms[0m  p(99)=[36m23.92ms[0m 
     ws_msgs_received[2m...............:[0m [36m15[0m      [36;2m0.053633/s[0m
     ws_msgs_sent[2m...................:[0m [36m17[0m      [36;2m0.060785/s[0m
     ws_session_duration[2m............:[0m avg=[36m24.19s[0m   min=[36m21.12s[0m  med=[36m24.19s[0m   max=[36m27.27s[0m   p(90)=[36m26.65s[0m   p(95)=[36m26.96s[0m   p(99)=[36m27.21s[0m  
     ws_sessions[2m....................:[0m [36m2[0m       [36;2m0.007151/s[0m
running (4m39.7s), 0/5 VUs, 86 complete and 0 interrupted iterations
normal_day ✓ [ 100% ] 0/5 VUs  4m30s
  호스트(Windows) 258표본 · CPU 12.9% (max 44.8) · 정규화성능 79.2% · vmmem 75.7% · 바쁜코어 1.2개 · 가용메모리 4283MB
  부하 중 벤치(warmup +30초, 3회 중앙값) · single 5011ms (유휴 대비 2.4%) · parallel 6024ms (유휴 대비 10.0%) · ctxswitch 2368ms (유휴 대비 9.6%)

  실행 후 상태 sha256:9017a9275c36 — chat_messages.count +13, chat_messages.maxId +13, comments.count +6, comments.maxId +6, notifications.count +6 (외 12개)
    (지문 제외 항목: posts.sumViewCount +90, daily_hot_post.count +50)
Prometheus 스크레이프 대기 20초...

══════════════════════════════════════════════════════════════════════════
  Performance Report — normal-day   Run #105   ⚠️  WARN
══════════════════════════════════════════════════════════════════════════
  환경 perf  |  브랜치 personal/localdocs  |  커밋 3e96d946  |  빌드 local
  시작 2026-08-20 11:31:55 KST  |  수행 4m 40s  |  VU max 5
  데이터셋 medium  |  부하 ramping-vus 0→5@2m0s→5@30s→0@2m0s

  ── 성능 (measure 구간) ─────────────────────────────────────────
  평균 59ms      P95 91ms      P99 1.02s    
  RPS  2.0       TPS 0.47      오류율 0.00%

  ── 인프라 ────────────────────────────────────────────────────────
  CPU  0.51 core (한계의 26%)   throttled 0.0%
  Heap 756 MB (74%)   GC max 17ms × 1회
  DB   slow 19  QPS 532.2  풀 0%  대기 0
  Redis hit 100.0%  ops 5.8/s  evicted 0

  ── 회귀 (기준: normal-day-2026-08-20T02-23-11) ────────────────
  ⚠  기준선은 당시 k6 threshold 미통과 실행입니다, 당시 Node 판정 WARN.
     아래 증감률은 개선/악화 폭이며 현재 SLO 통과를 뜻하지 않습니다.
  ⚠️  CPU 포화도 (한계 대비 최대)         10.7% → 25.5% (+139.3%)
       직전 대비 +139.3% 악화 (경고 30%)
  ❌ Heap 최대 사용량                448 MB → 756 MB (+68.6%)
       직전 대비 +68.6% 악화 (허용 40%)

  ── 병목 가설 ─────────────────────────────────────────────────────
  • HTTP 요청당 쿼리 수 과다
    요청 1건당 평균 266.1개 쿼리가 실행됐다. N+1 패턴 가능성이 높다.
  • Slow Query 다발
    요청 1000건당 320.0건의 slow query(>100ms). 인덱스 또는 쿼리 계획 점검 대상.

  보고서 : reports\runs\normal-day-2026-08-20T02-36-34\report.html
  Grafana(전체 실행): http://localhost:3001/d/htd-perf-overview/highteenday-performance-overview?from=1787192995125&to=1787193514802
  Grafana(measure) : http://localhost:3001/d/htd-perf-overview/highteenday-performance-overview?from=1787193115125&to=1787193385125
══════════════════════════════════════════════════════════════════════════

